07-07 23:15:15.426  5893  5930 I ReactNativeJS:   currentTime: 2.85 }
07-07 23:15:15.698  5893  5909 D EGL_emulation: app_time_stats: avg=111.24ms min=51.32ms max=186.35ms count=6
07-07 23:15:15.885  5893  5930 I ReactNativeJS: 'JS: onProgress', { duration: 7.64,
07-07 23:15:15.885  5893  5930 I ReactNativeJS:   currentTime: 3.273,
07-07 23:15:15.885  5893  5930 I ReactNativeJS:   target: 252,
07-07 23:15:15.885  5893  5930 I ReactNativeJS:   timeStamp: 2051717 }
07-07 23:15:15.888  5893  5930 I ReactNativeJS: 'JS: NativeVideoPlayer Render state:', { showControls: false,
07-07 23:15:15.888  5893  5930 I ReactNativeJS:   paused: false,
07-07 23:15:15.888  5893  5930 I ReactNativeJS:   isBuffering: false,
07-07 23:15:15.888  5893  5930 I ReactNativeJS:   duration: 7.64,
07-07 23:15:15.888  5893  5930 I ReactNativeJS:   currentTime: 3.273 }
07-07 23:15:16.191  5893  5930 I ReactNativeJS: 'JS: onProgress', { duration: 7.64,
07-07 23:15:16.191  5893  5930 I ReactNativeJS:   currentTime: 3.572,
07-07 23:15:16.191  5893  5930 I ReactNativeJS:   target: 252,
07-07 23:15:16.191  5893  5930 I ReactNativeJS:   timeStamp: 2051997 }
07-07 23:15:16.201  5893  5930 I ReactNativeJS: 'JS: NativeVideoPlayer Render state:', { showControls: false,
07-07 23:15:16.201  5893  5930 I ReactNativeJS:   paused: false,
07-07 23:15:16.201  5893  5930 I ReactNativeJS:   isBuffering: false,
07-07 23:15:16.201  5893  5930 I ReactNativeJS:   duration: 7.64,
07-07 23:15:16.201  5893  5930 I ReactNativeJS:   currentTime: 3.572 }
07-07 23:15:16.437  5893  5930 I ReactNativeJS: 'JS: onProgress', { duration: 7.64,
07-07 23:15:16.437  5893  5930 I ReactNativeJS:   currentTime: 3.851,
07-07 23:15:16.437  5893  5930 I ReactNativeJS:   target: 252,
07-07 23:15:16.437  5893  5930 I ReactNativeJS:   timeStamp: 2052277 }
07-07 23:15:16.447  5893  5930 I ReactNativeJS: 'JS: NativeVideoPlayer Render state:', { showControls: false,
07-07 23:15:16.447  5893  5930 I ReactNativeJS:   paused: false,
07-07 23:15:16.447  5893  5930 I ReactNativeJS:   isBuffering: false,
07-07 23:15:16.447  5893  5930 I ReactNativeJS:   duration: 7.64,
07-07 23:15:16.447  5893  5930 I ReactNativeJS:   currentTime: 3.851 }
07-07 23:15:16.752  5893  5909 D EGL_emulation: app_time_stats: avg=45.10ms min=33.96ms max=66.12ms count=10
07-07 23:15:16.753  5893  5930 I ReactNativeJS: 'JS: onProgress', { duration: 7.64,
07-07 23:15:16.753  5893  5930 I ReactNativeJS:   currentTime: 4.148,
07-07 23:15:16.753  5893  5930 I ReactNativeJS:   target: 252,
07-07 23:15:16.753  5893  5930 I ReactNativeJS:   timeStamp: 2052576 }
07-07 23:15:16.759  5893  5930 I ReactNativeJS: 'JS: NativeVideoPlayer Render state:', { showControls: false,
07-07 23:15:16.759  5893  5930 I ReactNativeJS:   paused: false,
07-07 23:15:16.759  5893  5930 I ReactNativeJS:   isBuffering: false,
07-07 23:15:16.759  5893  5930 I ReactNativeJS:   duration: 7.64,
07-07 23:15:16.759  5893  5930 I ReactNativeJS:   currentTime: 4.148 }
07-07 23:15:17.042  5893  5930 I ReactNativeJS: 'JS: onProgress', { duration: 7.64,
07-07 23:15:17.042  5893  5930 I ReactNativeJS:   currentTime: 4.431,
07-07 23:15:17.042  5893  5930 I ReactNativeJS:   target: 252,
07-07 23:15:17.042  5893  5930 I ReactNativeJS:   timeStamp: 2052866 }
07-07 23:15:17.046  5893  5930 I ReactNativeJS: 'JS: NativeVideoPlayer Render state:', { showControls: false,
07-07 23:15:17.046  5893  5930 I ReactNativeJS:   paused: false,
07-07 23:15:17.046  5893  5930 I ReactNativeJS:   isBuffering: false,
07-07 23:15:17.046  5893  5930 I ReactNativeJS:   duration: 7.64,
07-07 23:15:17.046  5893  5930 I ReactNativeJS:   currentTime: 4.431 }
07-07 23:15:17.310  5893  5930 I ReactNativeJS: 'JS: onProgress', { duration: 7.64,
07-07 23:15:17.310  5893  5930 I ReactNativeJS:   currentTime: 4.729,
07-07 23:15:17.310  5893  5930 I ReactNativeJS:   target: 252,
07-07 23:15:17.310  5893  5930 I ReactNativeJS:   timeStamp: 2053162 }
07-07 23:15:17.326  5893  5930 I ReactNativeJS: 'JS: NativeVideoPlayer Render state:', { showControls: false,
07-07 23:15:17.326  5893  5930 I ReactNativeJS:   paused: false,
07-07 23:15:17.326  5893  5930 I ReactNativeJS:   isBuffering: false,
07-07 23:15:17.326  5893  5930 I ReactNativeJS:   duration: 7.64,
07-07 23:15:17.326  5893  5930 I ReactNativeJS:   currentTime: 4.729 }
07-07 23:15:17.493  5893  5977 D BufferPoolAccessor2.0: bufferpool2 0x7cb7d3582dd8 : 5(31457280 size) total buffers - 4(25165824 size) used buffers - 140/145 (recycle/alloc) - 5/145 (fetch/transfer)
07-07 23:15:17.661  5893  5930 I ReactNativeJS: 'JS: onProgress', { duration: 7.64,
07-07 23:15:17.661  5893  5930 I ReactNativeJS:   currentTime: 5.078,
07-07 23:15:17.661  5893  5930 I ReactNativeJS:   target: 252,
07-07 23:15:17.661  5893  5930 I ReactNativeJS:   timeStamp: 2053508 }
07-07 23:15:17.668  5893  5930 I ReactNativeJS: 'JS: NativeVideoPlayer Render state:', { showControls: false,
07-07 23:15:17.668  5893  5930 I ReactNativeJS:   paused: false,
07-07 23:15:17.668  5893  5930 I ReactNativeJS:   isBuffering: false,
07-07 23:15:17.668  5893  5930 I ReactNativeJS:   duration: 7.64,
07-07 23:15:17.668  5893  5930 I ReactNativeJS:   currentTime: 5.078 }
07-07 23:15:17.760  5893  5930 I ReactNativeJS: 'JS: NativeVideoPlayer Render state:', { showControls: false,
07-07 23:15:17.760  5893  5930 I ReactNativeJS:   paused: false,
07-07 23:15:17.760  5893  5930 I ReactNativeJS:   isBuffering: false,
07-07 23:15:17.760  5893  5930 I ReactNativeJS:   duration: 7.64,
07-07 23:15:17.760  5893  5930 I ReactNativeJS:   currentTime: 5.078 }
07-07 23:15:17.840  5893  5909 D EGL_emulation: app_time_stats: avg=50.36ms min=33.41ms max=91.89ms count=11
07-07 23:15:17.993  5893  5930 I ReactNativeJS: 'JS: onProgress', { duration: 7.64,
07-07 23:15:17.993  5893  5930 I ReactNativeJS:   currentTime: 5.416,
07-07 23:15:17.993  5893  5930 I ReactNativeJS:   target: 252,
07-07 23:15:17.993  5893  5930 I ReactNativeJS:   timeStamp: 2053839 }
07-07 23:15:18.021  5893  5930 I ReactNativeJS: 'JS: NativeVideoPlayer Render state:', { showControls: false,
07-07 23:15:18.021  5893  5930 I ReactNativeJS:   paused: false,
07-07 23:15:18.021  5893  5930 I ReactNativeJS:   isBuffering: false,
07-07 23:15:18.021  5893  5930 I ReactNativeJS:   duration: 7.64,
07-07 23:15:18.021  5893  5930 I ReactNativeJS:   currentTime: 5.416 }
07-07 23:15:18.283  5893  5930 I ReactNativeJS: 'JS: onProgress', { duration: 7.64,
07-07 23:15:18.283  5893  5930 I ReactNativeJS:   currentTime: 5.71,
07-07 23:15:18.283  5893  5930 I ReactNativeJS:   target: 252,
07-07 23:15:18.283  5893  5930 I ReactNativeJS:   timeStamp: 2054136 }
07-07 23:15:18.285  5893  5930 I ReactNativeJS: 'JS: NativeVideoPlayer Render state:', { showControls: false,
07-07 23:15:18.285  5893  5930 I ReactNativeJS:   paused: false,
07-07 23:15:18.285  5893  5930 I ReactNativeJS:   isBuffering: false,
07-07 23:15:18.285  5893  5930 I ReactNativeJS:   duration: 7.64,
07-07 23:15:18.285  5893  5930 I ReactNativeJS:   currentTime: 5.71 }
07-07 23:15:18.563  5893  5930 I ReactNativeJS: 'JS: onProgress', { duration: 7.64,
07-07 23:15:18.563  5893  5930 I ReactNativeJS:   currentTime: 5.972,
07-07 23:15:18.563  5893  5930 I ReactNativeJS:   target: 252,
07-07 23:15:18.563  5893  5930 I ReactNativeJS:   timeStamp: 2054403 }
07-07 23:15:18.578  5893  5930 I ReactNativeJS: 'JS: NativeVideoPlayer Render state:', { showControls: false,
07-07 23:15:18.578  5893  5930 I ReactNativeJS:   paused: false,
07-07 23:15:18.578  5893  5930 I ReactNativeJS:   isBuffering: false,
07-07 23:15:18.578  5893  5930 I ReactNativeJS:   duration: 7.64,
07-07 23:15:18.578  5893  5930 I ReactNativeJS:   currentTime: 5.972 }
07-07 23:15:18.810  5893  5930 I ReactNativeJS: 'JS: onProgress', { duration: 7.64,
07-07 23:15:18.810  5893  5930 I ReactNativeJS:   currentTime: 6.21,
07-07 23:15:18.810  5893  5930 I ReactNativeJS:   target: 252,
07-07 23:15:18.810  5893  5930 I ReactNativeJS:   timeStamp: 2054658 }
07-07 23:15:18.817  5893  5930 I ReactNativeJS: 'JS: NativeVideoPlayer Render state:', { showControls: false,
07-07 23:15:18.817  5893  5930 I ReactNativeJS:   paused: false,
07-07 23:15:18.817  5893  5930 I ReactNativeJS:   isBuffering: false,
07-07 23:15:18.817  5893  5930 I ReactNativeJS:   duration: 7.64,
07-07 23:15:18.817  5893  5930 I ReactNativeJS:   currentTime: 6.21 }
07-07 23:15:18.897  5893  5909 D EGL_emulation: app_time_stats: avg=43.06ms min=34.81ms max=62.56ms count=11
07-07 23:15:19.106  5893  5930 I ReactNativeJS: 'JS: onProgress', { duration: 7.64,
07-07 23:15:19.106  5893  5930 I ReactNativeJS:   currentTime: 6.487,
07-07 23:15:19.106  5893  5930 I ReactNativeJS:   target: 252,
07-07 23:15:19.106  5893  5930 I ReactNativeJS:   timeStamp: 2054924 }
07-07 23:15:19.112  5893  5930 I ReactNativeJS: 'JS: NativeVideoPlayer Render state:', { showControls: false,
07-07 23:15:19.112  5893  5930 I ReactNativeJS:   paused: false,
07-07 23:15:19.112  5893  5930 I ReactNativeJS:   isBuffering: false,
07-07 23:15:19.112  5893  5930 I ReactNativeJS:   duration: 7.64,
07-07 23:15:19.112  5893  5930 I ReactNativeJS:   currentTime: 6.487 }
07-07 23:15:19.351  5893  5930 I ReactNativeJS: 'JS: onProgress', { duration: 7.64,
07-07 23:15:19.351  5893  5930 I ReactNativeJS:   currentTime: 6.756,
07-07 23:15:19.351  5893  5930 I ReactNativeJS:   target: 252,
07-07 23:15:19.351  5893  5930 I ReactNativeJS:   timeStamp: 2055182 }
07-07 23:15:19.357  5893  5930 I ReactNativeJS: 'JS: NativeVideoPlayer Render state:', { showControls: false,
07-07 23:15:19.357  5893  5930 I ReactNativeJS:   paused: false,
07-07 23:15:19.357  5893  5930 I ReactNativeJS:   isBuffering: false,
07-07 23:15:19.357  5893  5930 I ReactNativeJS:   duration: 7.64,
07-07 23:15:19.357  5893  5930 I ReactNativeJS:   currentTime: 6.756 }
07-07 23:15:19.613  5893  5930 I ReactNativeJS: 'JS: onProgress', { duration: 7.64,
07-07 23:15:19.613  5893  5930 I ReactNativeJS:   currentTime: 7.017,
07-07 23:15:19.613  5893  5930 I ReactNativeJS:   target: 252,
07-07 23:15:19.613  5893  5930 I ReactNativeJS:   timeStamp: 2055448 }
07-07 23:15:19.615  5893  5930 I ReactNativeJS: 'JS: NativeVideoPlayer Render state:', { showControls: false,
07-07 23:15:19.615  5893  5930 I ReactNativeJS:   paused: false,
07-07 23:15:19.615  5893  5930 I ReactNativeJS:   isBuffering: false,
07-07 23:15:19.615  5893  5930 I ReactNativeJS:   duration: 7.64,
07-07 23:15:19.615  5893  5930 I ReactNativeJS:   currentTime: 7.017 }
07-07 23:15:19.910  5893  5909 D EGL_emulation: app_time_stats: avg=44.98ms min=32.78ms max=80.63ms count=10
07-07 23:15:19.960  5893  5930 I ReactNativeJS: 'JS: onProgress', { duration: 7.64,
07-07 23:15:19.960  5893  5930 I ReactNativeJS:   currentTime: 7.386,
07-07 23:15:19.960  5893  5930 I ReactNativeJS:   target: 252,
07-07 23:15:19.960  5893  5930 I ReactNativeJS:   timeStamp: 2055813 }
07-07 23:15:19.969  5893  5930 I ReactNativeJS: 'JS: NativeVideoPlayer Render state:', { showControls: false,
07-07 23:15:19.969  5893  5930 I ReactNativeJS:   paused: false,
07-07 23:15:19.969  5893  5930 I ReactNativeJS:   isBuffering: false,
07-07 23:15:19.969  5893  5930 I ReactNativeJS:   duration: 7.64,
07-07 23:15:19.969  5893  5930 I ReactNativeJS:   currentTime: 7.386 }
07-07 23:15:20.233  5893  5930 I ReactNativeJS: 'JS: onProgress', { duration: 7.64,
07-07 23:15:20.233  5893  5930 I ReactNativeJS:   currentTime: 7.635,
07-07 23:15:20.233  5893  5930 I ReactNativeJS:   target: 252,
07-07 23:15:20.233  5893  5930 I ReactNativeJS:   timeStamp: 2056063 }
07-07 23:15:20.235  5893  5930 I ReactNativeJS: 'JS: NativeVideoPlayer Render state:', { showControls: false,
07-07 23:15:20.235  5893  5930 I ReactNativeJS:   paused: false,
07-07 23:15:20.235  5893  5930 I ReactNativeJS:   isBuffering: false,
07-07 23:15:20.235  5893  5930 I ReactNativeJS:   duration: 7.64,
07-07 23:15:20.235  5893  5930 I ReactNativeJS:   currentTime: 7.635 }
07-07 23:15:21.849  5893  5930 I ReactNativeJS: 'JS: NativeVideoPlayer Render state:', { showControls: false,
07-07 23:15:21.849  5893  5930 I ReactNativeJS:   paused: false,
07-07 23:15:21.849  5893  5930 I ReactNativeJS:   isBuffering: false,
07-07 23:15:21.849  5893  5930 I ReactNativeJS:   duration: 7.64,
07-07 23:15:21.849  5893  5930 I ReactNativeJS:   currentTime: 7.635 }
07-07 23:15:25.291  5893  5981 D BufferPoolAccessor2.0: bufferpool2 0x7cb7d3582dd8 : 5(31457280 size) total buffers - 0(0 size) used buffers - 189/194 (recycle/alloc) - 5/193 (fetch/transfer)
07-07 23:15:25.292  5893  5981 D BufferPoolAccessor2.0: evictor expired: 1, evicted: 1
07-07 23:15:26.743  5893  5930 I ReactNativeJS: 'JS: NativeVideoPlayer Render state:', { showControls: false,
07-07 23:15:26.743  5893  5930 I ReactNativeJS:   paused: false,
07-07 23:15:26.743  5893  5930 I ReactNativeJS:   isBuffering: false,
07-07 23:15:26.743  5893  5930 I ReactNativeJS:   duration: 7.64,
07-07 23:15:26.743  5893  5930 I ReactNativeJS:   currentTime: 7.635 }
