#
# There is insufficient memory for the Java Runtime Environment to continue.
# Native memory allocation (malloc) failed to allocate 1591696 bytes. Error detail: Chunk::new
# Possible reasons:
#   The system is out of physical RAM or swap space
#   This process is running with CompressedOops enabled, and the Java Heap may be blocking the growth of the native heap
# Possible solutions:
#   Reduce memory load on the system
#   Increase physical memory or swap space
#   Check if swap backing store is full
#   Decrease Java heap size (-Xmx/-Xms)
#   Decrease number of Java threads
#   Decrease Java thread stack sizes (-Xss)
#   Set larger code cache with -XX:ReservedCodeCacheSize=
#   JVM is running with Unscaled Compressed Oops mode in which the Java heap is
#     placed in the first 4GB address space. The Java Heap base address is the
#     maximum limit for the native heap growth. Please use -XX:HeapBaseMinAddress
#     to set the Java Heap base and to place the Java Heap above 4GB virtual address.
# This output file may be truncated or incomplete.
#
#  Out of Memory Error (arena.cpp:191), pid=4352, tid=21740
#
# JRE version: OpenJDK Runtime Environment Microsoft-13877129 (17.0.19+10) (build 17.0.19+10-LTS)
# Java VM: OpenJDK 64-Bit Server VM Microsoft-13877129 (17.0.19+10-LTS, mixed mode, sharing, tiered, compressed oops, compressed class ptrs, g1 gc, windows-amd64)
# No core dump will be written. Minidumps are not enabled by default on client versions of Windows
#

---------------  S U M M A R Y ------------

Command Line: --add-opens=java.base/java.lang=ALL-UNNAMED --add-opens=java.base/java.lang.invoke=ALL-UNNAMED --add-opens=java.base/java.util=ALL-UNNAMED --add-opens=java.prefs/java.util.prefs=ALL-UNNAMED --add-exports=jdk.compiler/com.sun.tools.javac.api=ALL-UNNAMED --add-exports=jdk.compiler/com.sun.tools.javac.util=ALL-UNNAMED --add-opens=java.base/java.util=ALL-UNNAMED --add-opens=java.prefs/java.util.prefs=ALL-UNNAMED --add-opens=java.base/java.nio.charset=ALL-UNNAMED --add-opens=java.base/java.net=ALL-UNNAMED --add-opens=java.base/java.util.concurrent=ALL-UNNAMED --add-opens=java.base/java.util.concurrent.atomic=ALL-UNNAMED --add-opens=java.xml/javax.xml.namespace=ALL-UNNAMED --add-opens=java.base/java.time=ALL-UNNAMED -XX:MaxMetaspaceSize=512m -Xmx1536m -Dfile.encoding=UTF-8 -Duser.country=US -Duser.language=en -Duser.variant -javaagent:C:\Users\prath\.gradle\wrapper\dists\gradle-9.3.1-bin\23ovyewtku6u96viwx3xl3oks\gradle-9.3.1\lib\agents\gradle-instrumentation-agent-9.3.1.jar org.gradle.launcher.daemon.bootstrap.GradleDaemon 9.3.1

Host: AMD Ryzen 5 5500U with Radeon Graphics         , 12 cores, 5G,  Windows 11 , 64 bit Build 26100 (10.0.26100.8875)
Time: Tue Jul 28 14:21:35 2026 India Standard Time elapsed time: 146.698757 seconds (0d 0h 2m 26s)

---------------  T H R E A D  ---------------

Current thread (0x0000026965d5df50):  JavaThread "C2 CompilerThread0" daemon [_thread_in_native, id=21740, stack(0x00000070d5800000,0x00000070d5900000)]


Current CompileTask:
C2:146699 13986       4       javax.management.ObjectName::construct (1135 bytes)

Stack: [0x00000070d5800000,0x00000070d5900000]
Native frames: (J=compiled Java code, j=interpreted, Vv=VM code, C=native code)
V  [jvm.dll+0x68cc89]  (no source info available)
V  [jvm.dll+0x845d89]  (no source info available)
V  [jvm.dll+0x847af8]  (no source info available)
V  [jvm.dll+0x848183]  (no source info available)
V  [jvm.dll+0x24d0bf]  (no source info available)
V  [jvm.dll+0xaed56]  (no source info available)
V  [jvm.dll+0xaf3fc]  (no source info available)
V  [jvm.dll+0x37186f]  (no source info available)
V  [jvm.dll+0x1c09c9]  (no source info available)
V  [jvm.dll+0x21e120]  (no source info available)
V  [jvm.dll+0x21d412]  (no source info available)
V  [jvm.dll+0x1a8db6]  (no source info available)
V  [jvm.dll+0x22dc6b]  (no source info available)
V  [jvm.dll+0x22bdf6]  (no source info available)
V  [jvm.dll+0x7fbecb]  (no source info available)
V  [jvm.dll+0x7f62cc]  (no source info available)
V  [jvm.dll+0x68e227]  (no source info available)
C  [ucrtbase.dll+0x2cd30]  (no source info available)
C  [KERNEL32.DLL+0x2e957]  (no source info available)
C  [ntdll.dll+0xaad6c]  (no source info available)


---------------  P R O C E S S  ---------------

Threads class SMR info:
_java_thread_list=0x000002696f5917c0, length=71, elements={
0x0000026948733c70, 0x0000026965d3fec0, 0x0000026965d41500, 0x0000026965d581f0,
0x0000026965d5aad0, 0x0000026965d5bf10, 0x0000026965d5d350, 0x0000026965d5df50,
0x0000026965d647c0, 0x0000026965d650d0, 0x000002696a078550, 0x000002696a21c4c0,
0x000002696b0a2440, 0x000002696a445360, 0x000002696ba9be90, 0x000002696ba7e670,
0x000002696bb077c0, 0x000002696bb40090, 0x000002696bb405a0, 0x000002696bb40ab0,
0x000002696bb419e0, 0x000002696bb40fc0, 0x000002696bb414d0, 0x000002696c4643f0,
0x000002696c4634c0, 0x000002696c463ee0, 0x000002696c465320, 0x000002696c462590,
0x000002696c465830, 0x000002696c464900, 0x000002696c462080, 0x000002696c464e10,
0x000002696c462aa0, 0x000002696c465d40, 0x000002696c462fb0, 0x000002696c468fe0,
0x000002696c467180, 0x000002696c468ad0, 0x000002696c469a00, 0x000002696c466c70,
0x000002696c466250, 0x000002696c4685c0, 0x000002696c467690, 0x000002696c4680b0,
0x000002696df8c9b0, 0x000002696df8f740, 0x000002696df8c4a0, 0x000002696df8f230,
0x000002696df8bf90, 0x000002696df8cec0, 0x000002696df8d8e0, 0x000002696df8ddf0,
0x000002696df8d3d0, 0x000002696df8e300, 0x000002696df8ed20, 0x000002696e3d3710,
0x000002696e3d27e0, 0x000002696e3d4130, 0x000002696e3d4b50, 0x000002696e3d3c20,
0x000002696e3d4640, 0x000002696e3d5060, 0x000002696e3d5570, 0x000002696e3d1dc0,
0x000002696e3d5a80, 0x000002696e3d3200, 0x000002696e3d8300, 0x000002696e3d73d0,
0x000002696e3d9740, 0x000002696e3d7df0, 0x000002696f2800f0
}

Java Threads: ( => current thread )
  0x0000026948733c70 JavaThread "main" [_thread_blocked, id=12484, stack(0x00000070d4b00000,0x00000070d4c00000)]
  0x0000026965d3fec0 JavaThread "Reference Handler" daemon [_thread_blocked, id=27008, stack(0x00000070d5200000,0x00000070d5300000)]
  0x0000026965d41500 JavaThread "Finalizer" daemon [_thread_blocked, id=18084, stack(0x00000070d5300000,0x00000070d5400000)]
  0x0000026965d581f0 JavaThread "Signal Dispatcher" daemon [_thread_blocked, id=1528, stack(0x00000070d5400000,0x00000070d5500000)]
  0x0000026965d5aad0 JavaThread "Attach Listener" daemon [_thread_blocked, id=27288, stack(0x00000070d5500000,0x00000070d5600000)]
  0x0000026965d5bf10 JavaThread "Service Thread" daemon [_thread_blocked, id=11428, stack(0x00000070d5600000,0x00000070d5700000)]
  0x0000026965d5d350 JavaThread "Monitor Deflation Thread" daemon [_thread_blocked, id=15944, stack(0x00000070d5700000,0x00000070d5800000)]
=>0x0000026965d5df50 JavaThread "C2 CompilerThread0" daemon [_thread_in_native, id=21740, stack(0x00000070d5800000,0x00000070d5900000)]
  0x0000026965d647c0 JavaThread "C1 CompilerThread0" daemon [_thread_blocked, id=2804, stack(0x00000070d5900000,0x00000070d5a00000)]
  0x0000026965d650d0 JavaThread "Sweeper thread" daemon [_thread_blocked, id=18036, stack(0x00000070d5a00000,0x00000070d5b00000)]
  0x000002696a078550 JavaThread "Common-Cleaner" daemon [_thread_blocked, id=25424, stack(0x00000070d5b00000,0x00000070d5c00000)]
  0x000002696a21c4c0 JavaThread "Notification Thread" daemon [_thread_blocked, id=11316, stack(0x00000070d5c00000,0x00000070d5d00000)]
  0x000002696b0a2440 JavaThread "Daemon health stats" [_thread_blocked, id=7644, stack(0x00000070d6200000,0x00000070d6300000)]
  0x000002696a445360 JavaThread "Incoming local TCP Connector on port 54199" [_thread_in_native, id=22512, stack(0x00000070d6300000,0x00000070d6400000)]
  0x000002696ba9be90 JavaThread "Daemon periodic checks" [_thread_blocked, id=22444, stack(0x00000070d6400000,0x00000070d6500000)]
  0x000002696ba7e670 JavaThread "Daemon" [_thread_blocked, id=19276, stack(0x00000070d6500000,0x00000070d6600000)]
  0x000002696bb077c0 JavaThread "Handler for socket connection from /127.0.0.1:54199 to /127.0.0.1:54200" [_thread_in_native, id=27000, stack(0x00000070d6600000,0x00000070d6700000)]
  0x000002696bb40090 JavaThread "Cancel handler" [_thread_blocked, id=11236, stack(0x00000070d6700000,0x00000070d6800000)]
  0x000002696bb405a0 JavaThread "Daemon worker" [_thread_in_native, id=23680, stack(0x00000070d6800000,0x00000070d6900000)]
  0x000002696bb40ab0 JavaThread "Asynchronous log dispatcher for DefaultDaemonConnection: socket connection from /127.0.0.1:54199 to /127.0.0.1:54200" [_thread_blocked, id=27436, stack(0x00000070d6900000,0x00000070d6a00000)]
  0x000002696bb419e0 JavaThread "Stdin handler" [_thread_blocked, id=19712, stack(0x00000070d6a00000,0x00000070d6b00000)]
  0x000002696bb40fc0 JavaThread "Daemon client event forwarder" [_thread_blocked, id=21196, stack(0x00000070d6b00000,0x00000070d6c00000)]
  0x000002696bb414d0 JavaThread "Cache worker for journal cache (C:\Users\prath\.gradle\caches\journal-1)" [_thread_blocked, id=22676, stack(0x00000070d7100000,0x00000070d7200000)]
  0x000002696c4643f0 JavaThread "File lock request listener" [_thread_in_native, id=4348, stack(0x00000070d7200000,0x00000070d7300000)]
  0x000002696c4634c0 JavaThread "Cache worker for file hash cache (C:\Users\prath\.gradle\caches\9.3.1\fileHashes)" [_thread_blocked, id=26580, stack(0x00000070d7300000,0x00000070d7400000)]
  0x000002696c463ee0 JavaThread "Cache worker for file hash cache (D:\Training\project-a\projectvideo-app\projectvideo-frontend\android\.gradle\9.3.1\fileHashes)" [_thread_blocked, id=23964, stack(0x00000070d7600000,0x00000070d7700000)]
  0x000002696c465320 JavaThread "Cache worker for Build Output Cleanup Cache (D:\Training\project-a\projectvideo-app\projectvideo-frontend\android\.gradle\buildOutputCleanup)" [_thread_blocked, id=25544, stack(0x00000070d7700000,0x00000070d7800000)]
  0x000002696c462590 JavaThread "File watcher server" daemon [_thread_in_native, id=2000, stack(0x00000070d7800000,0x00000070d7900000)]
  0x000002696c465830 JavaThread "File watcher consumer" daemon [_thread_blocked, id=24588, stack(0x00000070d7900000,0x00000070d7a00000)]
  0x000002696c464900 JavaThread "Cache worker for checksums cache (D:\Training\project-a\projectvideo-app\projectvideo-frontend\android\.gradle\9.3.1\checksums)" [_thread_blocked, id=27216, stack(0x00000070d7a00000,0x00000070d7b00000)]
  0x000002696c462080 JavaThread "Cache worker for file content cache (C:\Users\prath\.gradle\caches\9.3.1\fileContent)" [_thread_blocked, id=16608, stack(0x00000070d7b00000,0x00000070d7c00000)]
  0x000002696c464e10 JavaThread "Cache worker for cache directory md-supplier (C:\Users\prath\.gradle\caches\9.3.1\md-supplier)" [_thread_blocked, id=12564, stack(0x00000070d7c00000,0x00000070d7d00000)]
  0x000002696c462aa0 JavaThread "Cache worker for cache directory md-rule (C:\Users\prath\.gradle\caches\9.3.1\md-rule)" [_thread_blocked, id=9724, stack(0x00000070d7d00000,0x00000070d7e00000)]
  0x000002696c465d40 JavaThread "jar transforms" [_thread_blocked, id=22908, stack(0x00000070d7f00000,0x00000070d8000000)]
  0x000002696c462fb0 JavaThread "Cache worker for Build Output Cleanup Cache (D:\Training\project-a\projectvideo-app\projectvideo-frontend\node_modules\@react-native\gradle-plugin\.gradle\buildOutputCleanup)" [_thread_blocked, id=23664, stack(0x00000070d8000000,0x00000070d8100000)]
  0x000002696c468fe0 JavaThread "Unconstrained build operations" [_thread_blocked, id=24168, stack(0x00000070d8100000,0x00000070d8200000)]
  0x000002696c467180 JavaThread "Unconstrained build operations Thread 2" [_thread_blocked, id=15016, stack(0x00000070d8200000,0x00000070d8300000)]
  0x000002696c468ad0 JavaThread "Unconstrained build operations Thread 3" [_thread_blocked, id=5360, stack(0x00000070d8300000,0x00000070d8400000)]
  0x000002696c469a00 JavaThread "Unconstrained build operations Thread 4" [_thread_blocked, id=11384, stack(0x00000070d8400000,0x00000070d8500000)]
  0x000002696c466c70 JavaThread "Unconstrained build operations Thread 5" [_thread_blocked, id=13156, stack(0x00000070d8500000,0x00000070d8600000)]
  0x000002696c466250 JavaThread "Unconstrained build operations Thread 6" [_thread_blocked, id=9500, stack(0x00000070d8800000,0x00000070d8900000)]
  0x000002696c4685c0 JavaThread "build event listener" [_thread_blocked, id=5320, stack(0x00000070d4800000,0x00000070d4900000)]
  0x000002696c467690 JavaThread "Memory manager" [_thread_blocked, id=27240, stack(0x00000070d4a00000,0x00000070d4b00000)]
  0x000002696c4680b0 JavaThread "Problems report writer" [_thread_blocked, id=27664, stack(0x00000070d4900000,0x00000070d4a00000)]
  0x000002696df8c9b0 JavaThread "ForkJoinPool.commonPool-worker-1" daemon [_thread_blocked, id=28300, stack(0x00000070d8900000,0x00000070d8a00000)]
  0x000002696df8f740 JavaThread "ForkJoinPool.commonPool-worker-2" daemon [_thread_blocked, id=28304, stack(0x00000070d8a00000,0x00000070d8b00000)]
  0x000002696df8c4a0 JavaThread "ForkJoinPool.commonPool-worker-3" daemon [_thread_blocked, id=28308, stack(0x00000070d8b00000,0x00000070d8c00000)]
  0x000002696df8f230 JavaThread "ForkJoinPool.commonPool-worker-4" daemon [_thread_blocked, id=28312, stack(0x00000070d8c00000,0x00000070d8d00000)]
  0x000002696df8bf90 JavaThread "ForkJoinPool.commonPool-worker-5" daemon [_thread_blocked, id=28316, stack(0x00000070d8d00000,0x00000070d8e00000)]
  0x000002696df8cec0 JavaThread "ForkJoinPool.commonPool-worker-6" daemon [_thread_blocked, id=28320, stack(0x00000070d8e00000,0x00000070d8f00000)]
  0x000002696df8d8e0 JavaThread "ForkJoinPool.commonPool-worker-7" daemon [_thread_blocked, id=28324, stack(0x00000070d8f00000,0x00000070d9000000)]
  0x000002696df8ddf0 JavaThread "ForkJoinPool.commonPool-worker-8" daemon [_thread_blocked, id=28328, stack(0x00000070d9000000,0x00000070d9100000)]
  0x000002696df8d3d0 JavaThread "ForkJoinPool.commonPool-worker-9" daemon [_thread_blocked, id=28332, stack(0x00000070d9100000,0x00000070d9200000)]
  0x000002696df8e300 JavaThread "ForkJoinPool.commonPool-worker-10" daemon [_thread_blocked, id=28336, stack(0x00000070d9200000,0x00000070d9300000)]
  0x000002696df8ed20 JavaThread "ForkJoinPool.commonPool-worker-11" daemon [_thread_blocked, id=28340, stack(0x00000070d9300000,0x00000070d9400000)]
  0x000002696e3d3710 JavaThread "Exec process" [_thread_blocked, id=28344, stack(0x00000070d9400000,0x00000070d9500000)]
  0x000002696e3d27e0 JavaThread "Exec process Thread 2" [_thread_blocked, id=28356, stack(0x00000070d9500000,0x00000070d9600000)]
  0x000002696e3d4130 JavaThread "Exec process Thread 3" [_thread_blocked, id=28360, stack(0x00000070d9600000,0x00000070d9700000)]
  0x000002696e3d4b50 JavaThread "included builds" [_thread_blocked, id=1320, stack(0x00000070d9700000,0x00000070d9800000)]
  0x000002696e3d3c20 JavaThread "Cache worker for execution history cache (D:\Training\project-a\projectvideo-app\projectvideo-frontend\node_modules\@react-native\gradle-plugin\.gradle\9.3.1\executionHistory)" [_thread_blocked, id=5184, stack(0x00000070d9800000,0x00000070d9900000)]
  0x000002696e3d4640 JavaThread "Unconstrained build operations Thread 7" [_thread_blocked, id=26952, stack(0x00000070d9900000,0x00000070d9a00000)]
  0x000002696e3d5060 JavaThread "Unconstrained build operations Thread 8" [_thread_blocked, id=22068, stack(0x00000070d9a00000,0x00000070d9b00000)]
  0x000002696e3d5570 JavaThread "Unconstrained build operations Thread 9" [_thread_blocked, id=20040, stack(0x00000070d9b00000,0x00000070d9c00000)]
  0x000002696e3d1dc0 JavaThread "Unconstrained build operations Thread 10" [_thread_blocked, id=9896, stack(0x00000070d9c00000,0x00000070d9d00000)]
  0x000002696e3d5a80 JavaThread "jar transforms Thread 2" [_thread_blocked, id=27432, stack(0x00000070d9d00000,0x00000070d9e00000)]
  0x000002696e3d3200 JavaThread "jar transforms Thread 3" [_thread_blocked, id=23072, stack(0x00000070d9e00000,0x00000070d9f00000)]
  0x000002696e3d8300 JavaThread "jar transforms Thread 4" [_thread_blocked, id=22484, stack(0x00000070d9f00000,0x00000070da000000)]
  0x000002696e3d73d0 JavaThread "jar transforms Thread 5" [_thread_blocked, id=28060, stack(0x00000070da000000,0x00000070da100000)]
  0x000002696e3d9740 JavaThread "jar transforms Thread 6" [_thread_blocked, id=27692, stack(0x00000070da100000,0x00000070da200000)]
  0x000002696e3d7df0 JavaThread "build event listener" [_thread_blocked, id=28540, stack(0x00000070da200000,0x00000070da300000)]
  0x000002696f2800f0 JavaThread "jar transforms Thread 7" [_thread_blocked, id=24620, stack(0x00000070d8700000,0x00000070d8800000)]

Other Threads:
  0x0000026965d3b340 VMThread "VM Thread" [stack: 0x00000070d5100000,0x00000070d5200000] [id=24188]
  0x000002696a14ade0 WatcherThread [stack: 0x00000070d5d00000,0x00000070d5e00000] [id=15356]
  0x0000026948781aa0 GCTaskThread "GC Thread#0" [stack: 0x00000070d4c00000,0x00000070d4d00000] [id=21516]
  0x000002696a244ab0 GCTaskThread "GC Thread#1" [stack: 0x00000070d5e00000,0x00000070d5f00000] [id=25264]
  0x000002696a221420 GCTaskThread "GC Thread#2" [stack: 0x00000070d5f00000,0x00000070d6000000] [id=24128]
  0x000002696b2330c0 GCTaskThread "GC Thread#3" [stack: 0x00000070d6000000,0x00000070d6100000] [id=13332]
  0x000002696b234740 GCTaskThread "GC Thread#4" [stack: 0x00000070d6100000,0x00000070d6200000] [id=22104]
  0x000002696b234ce0 GCTaskThread "GC Thread#5" [stack: 0x00000070d6c00000,0x00000070d6d00000] [id=25196]
  0x000002696b233ed0 GCTaskThread "GC Thread#6" [stack: 0x00000070d6d00000,0x00000070d6e00000] [id=24736]
  0x000002696b233390 GCTaskThread "GC Thread#7" [stack: 0x00000070d6e00000,0x00000070d6f00000] [id=5164]
  0x000002696b233660 GCTaskThread "GC Thread#8" [stack: 0x00000070d6f00000,0x00000070d7000000] [id=12720]
  0x000002696b233c00 GCTaskThread "GC Thread#9" [stack: 0x00000070d7000000,0x00000070d7100000] [id=13516]
  0x000002694878f920 ConcurrentGCThread "G1 Main Marker" [stack: 0x00000070d4d00000,0x00000070d4e00000] [id=4564]
  0x0000026948790f20 ConcurrentGCThread "G1 Conc#0" [stack: 0x00000070d4e00000,0x00000070d4f00000] [id=27308]
  0x000002696d23fa30 ConcurrentGCThread "G1 Conc#1" [stack: 0x00000070d7400000,0x00000070d7500000] [id=23916]
  0x000002696d23fd00 ConcurrentGCThread "G1 Conc#2" [stack: 0x00000070d7500000,0x00000070d7600000] [id=27468]
  0x00000269487dd6d0 ConcurrentGCThread "G1 Refine#0" [stack: 0x00000070d4f00000,0x00000070d5000000] [id=17460]
  0x000002696d26f2c0 ConcurrentGCThread "G1 Refine#1" [stack: 0x00000070d7e00000,0x00000070d7f00000] [id=27016]
  0x00000269487de630 ConcurrentGCThread "G1 Service" [stack: 0x00000070d5000000,0x00000070d5100000] [id=6316]

Threads with active compile tasks:
C2 CompilerThread0  146811 13986       4       javax.management.ObjectName::construct (1135 bytes)

VM state: not at safepoint (normal execution)

VM Mutex/Monitor currently owned by a thread: None

Heap address: 0x00000000a0000000, size: 1536 MB, Compressed Oops mode: 32-bit

CDS archive(s) mapped at: [0x0000026900000000-0x0000026900bb0000-0x0000026900bb0000), size 12255232, SharedBaseAddress: 0x0000026900000000, ArchiveRelocationMode: 1.
Compressed class space mapped at: 0x0000026901000000-0x000002691b000000, reserved size: 436207616
Narrow klass base: 0x0000026900000000, Narrow klass shift: 0, Narrow klass range: 0x100000000

GC Precious Log:
 CPUs: 12 total, 12 available
 Memory: 5989M
 Large Page Support: Disabled
 NUMA Support: Disabled
 Compressed Oops: Enabled (32-bit)
 Heap Region Size: 1M
 Heap Min Capacity: 8M
 Heap Initial Capacity: 94M
 Heap Max Capacity: 1536M
 Pre-touch: Disabled
 Parallel Workers: 10
 Concurrent Workers: 3
 Concurrent Refinement Workers: 10
 Periodic GC: Disabled

Heap:
 garbage-first heap   total 226304K, used 163385K [0x00000000a0000000, 0x0000000100000000)
  region size 1024K, 45 young (46080K), 1 survivors (1024K)
 Metaspace       used 102913K, committed 104128K, reserved 557056K
  class space    used 14391K, committed 14976K, reserved 425984K

Heap Regions: E=young(eden), S=young(survivor), O=old, HS=humongous(starts), HC=humongous(continues), CS=collection set, F=free, OA=open archive, CA=closed archive, TAMS=top-at-mark-start (previous, next)
|   0|0x00000000a0000000, 0x00000000a0100000, 0x00000000a0100000|100%|HS|  |TAMS 0x00000000a0100000, 0x00000000a0000000| Complete 
|   1|0x00000000a0100000, 0x00000000a0200000, 0x00000000a0200000|100%|HC|  |TAMS 0x00000000a0200000, 0x00000000a0100000| Complete 
|   2|0x00000000a0200000, 0x00000000a0300000, 0x00000000a0300000|100%|HC|  |TAMS 0x00000000a0300000, 0x00000000a0200000| Complete 
|   3|0x00000000a0300000, 0x00000000a0400000, 0x00000000a0400000|100%|HC|  |TAMS 0x00000000a0400000, 0x00000000a0300000| Complete 
|   4|0x00000000a0400000, 0x00000000a0500000, 0x00000000a0500000|100%| O|  |TAMS 0x00000000a0500000, 0x00000000a0400000| Untracked 
|   5|0x00000000a0500000, 0x00000000a0600000, 0x00000000a0600000|100%| O|  |TAMS 0x00000000a0600000, 0x00000000a0500000| Untracked 
|   6|0x00000000a0600000, 0x00000000a0700000, 0x00000000a0700000|100%| O|  |TAMS 0x00000000a0700000, 0x00000000a0600000| Untracked 
|   7|0x00000000a0700000, 0x00000000a0800000, 0x00000000a0800000|100%|HS|  |TAMS 0x00000000a0800000, 0x00000000a0700000| Complete 
|   8|0x00000000a0800000, 0x00000000a0900000, 0x00000000a0900000|100%| O|  |TAMS 0x00000000a0900000, 0x00000000a0800000| Untracked 
|   9|0x00000000a0900000, 0x00000000a0a00000, 0x00000000a0a00000|100%| O|  |TAMS 0x00000000a0a00000, 0x00000000a0900000| Untracked 
|  10|0x00000000a0a00000, 0x00000000a0a00000, 0x00000000a0b00000|  0%| F|  |TAMS 0x00000000a0a00000, 0x00000000a0a00000| Untracked 
|  11|0x00000000a0b00000, 0x00000000a0c00000, 0x00000000a0c00000|100%| O|  |TAMS 0x00000000a0c00000, 0x00000000a0b00000| Untracked 
|  12|0x00000000a0c00000, 0x00000000a0d00000, 0x00000000a0d00000|100%| O|  |TAMS 0x00000000a0d00000, 0x00000000a0c00000| Untracked 
|  13|0x00000000a0d00000, 0x00000000a0e00000, 0x00000000a0e00000|100%| O|  |TAMS 0x00000000a0e00000, 0x00000000a0d00000| Untracked 
|  14|0x00000000a0e00000, 0x00000000a0f00000, 0x00000000a0f00000|100%| O|  |TAMS 0x00000000a0f00000, 0x00000000a0e00000| Untracked 
|  15|0x00000000a0f00000, 0x00000000a1000000, 0x00000000a1000000|100%| O|  |TAMS 0x00000000a1000000, 0x00000000a0f00000| Untracked 
|  16|0x00000000a1000000, 0x00000000a1100000, 0x00000000a1100000|100%| O|  |TAMS 0x00000000a1100000, 0x00000000a1000000| Untracked 
|  17|0x00000000a1100000, 0x00000000a1200000, 0x00000000a1200000|100%| O|  |TAMS 0x00000000a1200000, 0x00000000a1100000| Untracked 
|  18|0x00000000a1200000, 0x00000000a1300000, 0x00000000a1300000|100%| O|  |TAMS 0x00000000a1300000, 0x00000000a1200000| Untracked 
|  19|0x00000000a1300000, 0x00000000a1400000, 0x00000000a1400000|100%| O|  |TAMS 0x00000000a1400000, 0x00000000a1300000| Untracked 
|  20|0x00000000a1400000, 0x00000000a1500000, 0x00000000a1500000|100%| O|  |TAMS 0x00000000a1500000, 0x00000000a1400000| Untracked 
|  21|0x00000000a1500000, 0x00000000a1600000, 0x00000000a1600000|100%| O|  |TAMS 0x00000000a1600000, 0x00000000a1500000| Untracked 
|  22|0x00000000a1600000, 0x00000000a1700000, 0x00000000a1700000|100%| O|  |TAMS 0x00000000a1700000, 0x00000000a1600000| Untracked 
|  23|0x00000000a1700000, 0x00000000a1800000, 0x00000000a1800000|100%| O|  |TAMS 0x00000000a1800000, 0x00000000a1700000| Untracked 
|  24|0x00000000a1800000, 0x00000000a1900000, 0x00000000a1900000|100%| O|  |TAMS 0x00000000a1900000, 0x00000000a1800000| Untracked 
|  25|0x00000000a1900000, 0x00000000a1a00000, 0x00000000a1a00000|100%| O|  |TAMS 0x00000000a1a00000, 0x00000000a1900000| Untracked 
|  26|0x00000000a1a00000, 0x00000000a1b00000, 0x00000000a1b00000|100%| O|  |TAMS 0x00000000a1b00000, 0x00000000a1a00000| Untracked 
|  27|0x00000000a1b00000, 0x00000000a1c00000, 0x00000000a1c00000|100%| O|  |TAMS 0x00000000a1c00000, 0x00000000a1b00000| Untracked 
|  28|0x00000000a1c00000, 0x00000000a1d00000, 0x00000000a1d00000|100%| O|  |TAMS 0x00000000a1d00000, 0x00000000a1c00000| Untracked 
|  29|0x00000000a1d00000, 0x00000000a1e00000, 0x00000000a1e00000|100%| O|  |TAMS 0x00000000a1e00000, 0x00000000a1d00000| Untracked 
|  30|0x00000000a1e00000, 0x00000000a1f00000, 0x00000000a1f00000|100%| O|  |TAMS 0x00000000a1f00000, 0x00000000a1e00000| Untracked 
|  31|0x00000000a1f00000, 0x00000000a2000000, 0x00000000a2000000|100%| O|  |TAMS 0x00000000a2000000, 0x00000000a1f00000| Untracked 
|  32|0x00000000a2000000, 0x00000000a2100000, 0x00000000a2100000|100%| O|  |TAMS 0x00000000a2100000, 0x00000000a2000000| Untracked 
|  33|0x00000000a2100000, 0x00000000a2200000, 0x00000000a2200000|100%| O|  |TAMS 0x00000000a2200000, 0x00000000a2100000| Untracked 
|  34|0x00000000a2200000, 0x00000000a2300000, 0x00000000a2300000|100%| O|  |TAMS 0x00000000a2300000, 0x00000000a2200000| Untracked 
|  35|0x00000000a2300000, 0x00000000a2400000, 0x00000000a2400000|100%| O|  |TAMS 0x00000000a2300000, 0x00000000a2300000| Untracked 
|  36|0x00000000a2400000, 0x00000000a2500000, 0x00000000a2500000|100%| O|  |TAMS 0x00000000a2500000, 0x00000000a2400000| Untracked 
|  37|0x00000000a2500000, 0x00000000a2600000, 0x00000000a2600000|100%| O|  |TAMS 0x00000000a2500000, 0x00000000a2500000| Untracked 
|  38|0x00000000a2600000, 0x00000000a2700000, 0x00000000a2700000|100%| O|  |TAMS 0x00000000a2700000, 0x00000000a2600000| Untracked 
|  39|0x00000000a2700000, 0x00000000a2800000, 0x00000000a2800000|100%| O|  |TAMS 0x00000000a2800000, 0x00000000a2700000| Untracked 
|  40|0x00000000a2800000, 0x00000000a2900000, 0x00000000a2900000|100%| O|  |TAMS 0x00000000a2900000, 0x00000000a2800000| Untracked 
|  41|0x00000000a2900000, 0x00000000a2a00000, 0x00000000a2a00000|100%| O|  |TAMS 0x00000000a2a00000, 0x00000000a2900000| Untracked 
|  42|0x00000000a2a00000, 0x00000000a2b00000, 0x00000000a2b00000|100%| O|  |TAMS 0x00000000a2b00000, 0x00000000a2a00000| Untracked 
|  43|0x00000000a2b00000, 0x00000000a2c00000, 0x00000000a2c00000|100%| O|  |TAMS 0x00000000a2c00000, 0x00000000a2b00000| Untracked 
|  44|0x00000000a2c00000, 0x00000000a2c00000, 0x00000000a2d00000|  0%| F|  |TAMS 0x00000000a2c00000, 0x00000000a2c00000| Untracked 
|  45|0x00000000a2d00000, 0x00000000a2e00000, 0x00000000a2e00000|100%|HS|  |TAMS 0x00000000a2e00000, 0x00000000a2d00000| Complete 
|  46|0x00000000a2e00000, 0x00000000a2f00000, 0x00000000a2f00000|100%|HC|  |TAMS 0x00000000a2f00000, 0x00000000a2e00000| Complete 
|  47|0x00000000a2f00000, 0x00000000a3000000, 0x00000000a3000000|100%|HC|  |TAMS 0x00000000a3000000, 0x00000000a2f00000| Complete 
|  48|0x00000000a3000000, 0x00000000a3100000, 0x00000000a3100000|100%|HS|  |TAMS 0x00000000a3100000, 0x00000000a3000000| Complete 
|  49|0x00000000a3100000, 0x00000000a3200000, 0x00000000a3200000|100%|HC|  |TAMS 0x00000000a3200000, 0x00000000a3100000| Complete 
|  50|0x00000000a3200000, 0x00000000a3300000, 0x00000000a3300000|100%|HC|  |TAMS 0x00000000a3300000, 0x00000000a3200000| Complete 
|  51|0x00000000a3300000, 0x00000000a3400000, 0x00000000a3400000|100%| O|  |TAMS 0x00000000a3400000, 0x00000000a3300000| Untracked 
|  52|0x00000000a3400000, 0x00000000a3500000, 0x00000000a3500000|100%| O|  |TAMS 0x00000000a3500000, 0x00000000a3400000| Untracked 
|  53|0x00000000a3500000, 0x00000000a3600000, 0x00000000a3600000|100%|HS|  |TAMS 0x00000000a3600000, 0x00000000a3500000| Complete 
|  54|0x00000000a3600000, 0x00000000a3700000, 0x00000000a3700000|100%| O|  |TAMS 0x00000000a3700000, 0x00000000a3600000| Untracked 
|  55|0x00000000a3700000, 0x00000000a3800000, 0x00000000a3800000|100%| O|  |TAMS 0x00000000a3800000, 0x00000000a3700000| Untracked 
|  56|0x00000000a3800000, 0x00000000a3900000, 0x00000000a3900000|100%| O|  |TAMS 0x00000000a3900000, 0x00000000a3800000| Untracked 
|  57|0x00000000a3900000, 0x00000000a3a00000, 0x00000000a3a00000|100%| O|  |TAMS 0x00000000a3a00000, 0x00000000a3900000| Untracked 
|  58|0x00000000a3a00000, 0x00000000a3b00000, 0x00000000a3b00000|100%| O|  |TAMS 0x00000000a3b00000, 0x00000000a3a00000| Untracked 
|  59|0x00000000a3b00000, 0x00000000a3c00000, 0x00000000a3c00000|100%| O|  |TAMS 0x00000000a3c00000, 0x00000000a3b00000| Untracked 
|  60|0x00000000a3c00000, 0x00000000a3d00000, 0x00000000a3d00000|100%| O|  |TAMS 0x00000000a3d00000, 0x00000000a3c00000| Untracked 
|  61|0x00000000a3d00000, 0x00000000a3e00000, 0x00000000a3e00000|100%| O|  |TAMS 0x00000000a3e00000, 0x00000000a3d00000| Untracked 
|  62|0x00000000a3e00000, 0x00000000a3f00000, 0x00000000a3f00000|100%| O|  |TAMS 0x00000000a3f00000, 0x00000000a3e00000| Untracked 
|  63|0x00000000a3f00000, 0x00000000a4000000, 0x00000000a4000000|100%| O|  |TAMS 0x00000000a4000000, 0x00000000a3f00000| Untracked 
|  64|0x00000000a4000000, 0x00000000a4100000, 0x00000000a4100000|100%|HS|  |TAMS 0x00000000a4100000, 0x00000000a4000000| Complete 
|  65|0x00000000a4100000, 0x00000000a4200000, 0x00000000a4200000|100%|HS|  |TAMS 0x00000000a4200000, 0x00000000a4100000| Complete 
|  66|0x00000000a4200000, 0x00000000a4300000, 0x00000000a4300000|100%| O|  |TAMS 0x00000000a4300000, 0x00000000a4200000| Untracked 
|  67|0x00000000a4300000, 0x00000000a4400000, 0x00000000a4400000|100%| O|  |TAMS 0x00000000a4400000, 0x00000000a4300000| Untracked 
|  68|0x00000000a4400000, 0x00000000a4500000, 0x00000000a4500000|100%| O|  |TAMS 0x00000000a4500000, 0x00000000a4400000| Untracked 
|  69|0x00000000a4500000, 0x00000000a4600000, 0x00000000a4600000|100%| O|  |TAMS 0x00000000a4600000, 0x00000000a4500000| Untracked 
|  70|0x00000000a4600000, 0x00000000a4700000, 0x00000000a4700000|100%| O|  |TAMS 0x00000000a4700000, 0x00000000a4600000| Untracked 
|  71|0x00000000a4700000, 0x00000000a4800000, 0x00000000a4800000|100%| O|  |TAMS 0x00000000a4800000, 0x00000000a4700000| Untracked 
|  72|0x00000000a4800000, 0x00000000a4900000, 0x00000000a4900000|100%| O|  |TAMS 0x00000000a4900000, 0x00000000a4800000| Untracked 
|  73|0x00000000a4900000, 0x00000000a4a00000, 0x00000000a4a00000|100%| O|  |TAMS 0x00000000a4a00000, 0x00000000a4900000| Untracked 
|  74|0x00000000a4a00000, 0x00000000a4b00000, 0x00000000a4b00000|100%| O|  |TAMS 0x00000000a4b00000, 0x00000000a4a00000| Untracked 
|  75|0x00000000a4b00000, 0x00000000a4c00000, 0x00000000a4c00000|100%| O|  |TAMS 0x00000000a4c00000, 0x00000000a4b00000| Untracked 
|  76|0x00000000a4c00000, 0x00000000a4d00000, 0x00000000a4d00000|100%| O|  |TAMS 0x00000000a4d00000, 0x00000000a4c00000| Untracked 
|  77|0x00000000a4d00000, 0x00000000a4e00000, 0x00000000a4e00000|100%| O|  |TAMS 0x00000000a4e00000, 0x00000000a4d00000| Untracked 
|  78|0x00000000a4e00000, 0x00000000a4f00000, 0x00000000a4f00000|100%| O|  |TAMS 0x00000000a4f00000, 0x00000000a4e00000| Untracked 
|  79|0x00000000a4f00000, 0x00000000a5000000, 0x00000000a5000000|100%| O|  |TAMS 0x00000000a5000000, 0x00000000a4f00000| Untracked 
|  80|0x00000000a5000000, 0x00000000a5100000, 0x00000000a5100000|100%| O|  |TAMS 0x00000000a5100000, 0x00000000a5000000| Untracked 
|  81|0x00000000a5100000, 0x00000000a5200000, 0x00000000a5200000|100%| O|  |TAMS 0x00000000a5200000, 0x00000000a5100000| Untracked 
|  82|0x00000000a5200000, 0x00000000a5300000, 0x00000000a5300000|100%| O|  |TAMS 0x00000000a5300000, 0x00000000a5200000| Untracked 
|  83|0x00000000a5300000, 0x00000000a5400000, 0x00000000a5400000|100%|HS|  |TAMS 0x00000000a5400000, 0x00000000a5300000| Complete 
|  84|0x00000000a5400000, 0x00000000a5500000, 0x00000000a5500000|100%| O|  |TAMS 0x00000000a5500000, 0x00000000a5400000| Untracked 
|  85|0x00000000a5500000, 0x00000000a5600000, 0x00000000a5600000|100%|HS|  |TAMS 0x00000000a5600000, 0x00000000a5500000| Complete 
|  86|0x00000000a5600000, 0x00000000a5700000, 0x00000000a5700000|100%| O|  |TAMS 0x00000000a5700000, 0x00000000a5600000| Untracked 
|  87|0x00000000a5700000, 0x00000000a5800000, 0x00000000a5800000|100%| O|  |TAMS 0x00000000a5800000, 0x00000000a5700000| Untracked 
|  88|0x00000000a5800000, 0x00000000a5900000, 0x00000000a5900000|100%| O|  |TAMS 0x00000000a5900000, 0x00000000a5800000| Untracked 
|  89|0x00000000a5900000, 0x00000000a5a00000, 0x00000000a5a00000|100%| O|  |TAMS 0x00000000a5a00000, 0x00000000a5900000| Untracked 
|  90|0x00000000a5a00000, 0x00000000a5b00000, 0x00000000a5b00000|100%| O|  |TAMS 0x00000000a5b00000, 0x00000000a5a00000| Untracked 
|  91|0x00000000a5b00000, 0x00000000a5c00000, 0x00000000a5c00000|100%| O|  |TAMS 0x00000000a5c00000, 0x00000000a5b00000| Untracked 
|  92|0x00000000a5c00000, 0x00000000a5d00000, 0x00000000a5d00000|100%| O|  |TAMS 0x00000000a5d00000, 0x00000000a5c00000| Untracked 
|  93|0x00000000a5d00000, 0x00000000a5e00000, 0x00000000a5e00000|100%| O|  |TAMS 0x00000000a5e00000, 0x00000000a5d00000| Untracked 
|  94|0x00000000a5e00000, 0x00000000a5f00000, 0x00000000a5f00000|100%|HS|  |TAMS 0x00000000a5f00000, 0x00000000a5e00000| Complete 
|  95|0x00000000a5f00000, 0x00000000a6000000, 0x00000000a6000000|100%| O|  |TAMS 0x00000000a6000000, 0x00000000a5f00000| Untracked 
|  96|0x00000000a6000000, 0x00000000a6100000, 0x00000000a6100000|100%| O|  |TAMS 0x00000000a6100000, 0x00000000a6000000| Untracked 
|  97|0x00000000a6100000, 0x00000000a6200000, 0x00000000a6200000|100%| O|  |TAMS 0x00000000a6200000, 0x00000000a6100000| Untracked 
|  98|0x00000000a6200000, 0x00000000a6300000, 0x00000000a6300000|100%| O|  |TAMS 0x00000000a6300000, 0x00000000a6200000| Untracked 
|  99|0x00000000a6300000, 0x00000000a6400000, 0x00000000a6400000|100%| O|  |TAMS 0x00000000a6400000, 0x00000000a6300000| Untracked 
| 100|0x00000000a6400000, 0x00000000a6500000, 0x00000000a6500000|100%|HS|  |TAMS 0x00000000a6500000, 0x00000000a6400000| Complete 
| 101|0x00000000a6500000, 0x00000000a6600000, 0x00000000a6600000|100%| O|  |TAMS 0x00000000a6600000, 0x00000000a6500000| Untracked 
| 102|0x00000000a6600000, 0x00000000a6700000, 0x00000000a6700000|100%| O|  |TAMS 0x00000000a6700000, 0x00000000a6600000| Untracked 
| 103|0x00000000a6700000, 0x00000000a6800000, 0x00000000a6800000|100%| O|  |TAMS 0x00000000a6800000, 0x00000000a6700000| Untracked 
| 104|0x00000000a6800000, 0x00000000a6900000, 0x00000000a6900000|100%|HS|  |TAMS 0x00000000a6900000, 0x00000000a6800000| Complete 
| 105|0x00000000a6900000, 0x00000000a6a00000, 0x00000000a6a00000|100%|HC|  |TAMS 0x00000000a6a00000, 0x00000000a6900000| Complete 
| 106|0x00000000a6a00000, 0x00000000a6b00000, 0x00000000a6b00000|100%|HC|  |TAMS 0x00000000a6b00000, 0x00000000a6a00000| Complete 
| 107|0x00000000a6b00000, 0x00000000a6c00000, 0x00000000a6c00000|100%| O|  |TAMS 0x00000000a6c00000, 0x00000000a6b00000| Untracked 
| 108|0x00000000a6c00000, 0x00000000a6d00000, 0x00000000a6d00000|100%| O|  |TAMS 0x00000000a6d00000, 0x00000000a6c00000| Untracked 
| 109|0x00000000a6d00000, 0x00000000a6e00000, 0x00000000a6e00000|100%| O|  |TAMS 0x00000000a6e00000, 0x00000000a6d00000| Untracked 
| 110|0x00000000a6e00000, 0x00000000a6f00000, 0x00000000a6f00000|100%| O|  |TAMS 0x00000000a6f00000, 0x00000000a6e00000| Untracked 
| 111|0x00000000a6f00000, 0x00000000a7000000, 0x00000000a7000000|100%| O|  |TAMS 0x00000000a7000000, 0x00000000a6f00000| Untracked 
| 112|0x00000000a7000000, 0x00000000a7100000, 0x00000000a7100000|100%| O|  |TAMS 0x00000000a70f3000, 0x00000000a7000000| Untracked 
| 113|0x00000000a7100000, 0x00000000a7200000, 0x00000000a7200000|100%| O|  |TAMS 0x00000000a7100000, 0x00000000a7100000| Untracked 
| 114|0x00000000a7200000, 0x00000000a7300000, 0x00000000a7300000|100%| O|  |TAMS 0x00000000a7200000, 0x00000000a7200000| Untracked 
| 115|0x00000000a7300000, 0x00000000a7400000, 0x00000000a7400000|100%| O|  |TAMS 0x00000000a7300000, 0x00000000a7300000| Untracked 
| 116|0x00000000a7400000, 0x00000000a7500000, 0x00000000a7500000|100%| O|  |TAMS 0x00000000a7400000, 0x00000000a7400000| Untracked 
| 117|0x00000000a7500000, 0x00000000a7600000, 0x00000000a7600000|100%| O|  |TAMS 0x00000000a7500000, 0x00000000a7500000| Untracked 
| 118|0x00000000a7600000, 0x00000000a76bb000, 0x00000000a7700000| 73%| O|  |TAMS 0x00000000a7600000, 0x00000000a7600000| Untracked 
| 119|0x00000000a7700000, 0x00000000a7700000, 0x00000000a7800000|  0%| F|  |TAMS 0x00000000a7700000, 0x00000000a7700000| Untracked 
| 120|0x00000000a7800000, 0x00000000a7800000, 0x00000000a7900000|  0%| F|  |TAMS 0x00000000a7800000, 0x00000000a7800000| Untracked 
| 121|0x00000000a7900000, 0x00000000a7900000, 0x00000000a7a00000|  0%| F|  |TAMS 0x00000000a7900000, 0x00000000a7900000| Untracked 
| 122|0x00000000a7a00000, 0x00000000a7a00000, 0x00000000a7b00000|  0%| F|  |TAMS 0x00000000a7a00000, 0x00000000a7a00000| Untracked 
| 123|0x00000000a7b00000, 0x00000000a7b00000, 0x00000000a7c00000|  0%| F|  |TAMS 0x00000000a7b00000, 0x00000000a7b00000| Untracked 
| 124|0x00000000a7c00000, 0x00000000a7c00000, 0x00000000a7d00000|  0%| F|  |TAMS 0x00000000a7c00000, 0x00000000a7c00000| Untracked 
| 125|0x00000000a7d00000, 0x00000000a7d00000, 0x00000000a7e00000|  0%| F|  |TAMS 0x00000000a7d00000, 0x00000000a7d00000| Untracked 
| 126|0x00000000a7e00000, 0x00000000a7e00000, 0x00000000a7f00000|  0%| F|  |TAMS 0x00000000a7e00000, 0x00000000a7e00000| Untracked 
| 127|0x00000000a7f00000, 0x00000000a7f00000, 0x00000000a8000000|  0%| F|  |TAMS 0x00000000a7f00000, 0x00000000a7f00000| Untracked 
| 128|0x00000000a8000000, 0x00000000a8000000, 0x00000000a8100000|  0%| F|  |TAMS 0x00000000a8000000, 0x00000000a8000000| Untracked 
| 129|0x00000000a8100000, 0x00000000a8100000, 0x00000000a8200000|  0%| F|  |TAMS 0x00000000a8100000, 0x00000000a8100000| Untracked 
| 130|0x00000000a8200000, 0x00000000a8200000, 0x00000000a8300000|  0%| F|  |TAMS 0x00000000a8200000, 0x00000000a8200000| Untracked 
| 131|0x00000000a8300000, 0x00000000a8300000, 0x00000000a8400000|  0%| F|  |TAMS 0x00000000a8300000, 0x00000000a8300000| Untracked 
| 132|0x00000000a8400000, 0x00000000a8400000, 0x00000000a8500000|  0%| F|  |TAMS 0x00000000a8400000, 0x00000000a8400000| Untracked 
| 133|0x00000000a8500000, 0x00000000a8500000, 0x00000000a8600000|  0%| F|  |TAMS 0x00000000a8500000, 0x00000000a8500000| Untracked 
| 134|0x00000000a8600000, 0x00000000a8600000, 0x00000000a8700000|  0%| F|  |TAMS 0x00000000a8600000, 0x00000000a8600000| Untracked 
| 135|0x00000000a8700000, 0x00000000a8700000, 0x00000000a8800000|  0%| F|  |TAMS 0x00000000a8700000, 0x00000000a8700000| Untracked 
| 136|0x00000000a8800000, 0x00000000a8800000, 0x00000000a8900000|  0%| F|  |TAMS 0x00000000a8800000, 0x00000000a8800000| Untracked 
| 137|0x00000000a8900000, 0x00000000a8900000, 0x00000000a8a00000|  0%| F|  |TAMS 0x00000000a8900000, 0x00000000a8900000| Untracked 
| 138|0x00000000a8a00000, 0x00000000a8a00000, 0x00000000a8b00000|  0%| F|  |TAMS 0x00000000a8a00000, 0x00000000a8a00000| Untracked 
| 139|0x00000000a8b00000, 0x00000000a8b00000, 0x00000000a8c00000|  0%| F|  |TAMS 0x00000000a8b00000, 0x00000000a8b00000| Untracked 
| 140|0x00000000a8c00000, 0x00000000a8c00000, 0x00000000a8d00000|  0%| F|  |TAMS 0x00000000a8c00000, 0x00000000a8c00000| Untracked 
| 141|0x00000000a8d00000, 0x00000000a8d00000, 0x00000000a8e00000|  0%| F|  |TAMS 0x00000000a8d00000, 0x00000000a8d00000| Untracked 
| 142|0x00000000a8e00000, 0x00000000a8e00000, 0x00000000a8f00000|  0%| F|  |TAMS 0x00000000a8e00000, 0x00000000a8e00000| Untracked 
| 143|0x00000000a8f00000, 0x00000000a8f00000, 0x00000000a9000000|  0%| F|  |TAMS 0x00000000a8f00000, 0x00000000a8f00000| Untracked 
| 144|0x00000000a9000000, 0x00000000a9000000, 0x00000000a9100000|  0%| F|  |TAMS 0x00000000a9000000, 0x00000000a9000000| Untracked 
| 145|0x00000000a9100000, 0x00000000a9100000, 0x00000000a9200000|  0%| F|  |TAMS 0x00000000a9100000, 0x00000000a9100000| Untracked 
| 146|0x00000000a9200000, 0x00000000a9200000, 0x00000000a9300000|  0%| F|  |TAMS 0x00000000a9200000, 0x00000000a9200000| Untracked 
| 147|0x00000000a9300000, 0x00000000a9300000, 0x00000000a9400000|  0%| F|  |TAMS 0x00000000a9300000, 0x00000000a9300000| Untracked 
| 148|0x00000000a9400000, 0x00000000a9400000, 0x00000000a9500000|  0%| F|  |TAMS 0x00000000a9400000, 0x00000000a9400000| Untracked 
| 149|0x00000000a9500000, 0x00000000a9500000, 0x00000000a9600000|  0%| F|  |TAMS 0x00000000a9500000, 0x00000000a9500000| Untracked 
| 150|0x00000000a9600000, 0x00000000a9600000, 0x00000000a9700000|  0%| F|  |TAMS 0x00000000a9600000, 0x00000000a9600000| Untracked 
| 151|0x00000000a9700000, 0x00000000a9700000, 0x00000000a9800000|  0%| F|  |TAMS 0x00000000a9700000, 0x00000000a9700000| Untracked 
| 152|0x00000000a9800000, 0x00000000a9800000, 0x00000000a9900000|  0%| F|  |TAMS 0x00000000a9800000, 0x00000000a9800000| Untracked 
| 153|0x00000000a9900000, 0x00000000a9900000, 0x00000000a9a00000|  0%| F|  |TAMS 0x00000000a9900000, 0x00000000a9900000| Untracked 
| 154|0x00000000a9a00000, 0x00000000a9a00000, 0x00000000a9b00000|  0%| F|  |TAMS 0x00000000a9a00000, 0x00000000a9a00000| Untracked 
| 155|0x00000000a9b00000, 0x00000000a9b00000, 0x00000000a9c00000|  0%| F|  |TAMS 0x00000000a9b00000, 0x00000000a9b00000| Untracked 
| 156|0x00000000a9c00000, 0x00000000a9c00000, 0x00000000a9d00000|  0%| F|  |TAMS 0x00000000a9c00000, 0x00000000a9c00000| Untracked 
| 157|0x00000000a9d00000, 0x00000000a9d00000, 0x00000000a9e00000|  0%| F|  |TAMS 0x00000000a9d00000, 0x00000000a9d00000| Untracked 
| 158|0x00000000a9e00000, 0x00000000a9e00000, 0x00000000a9f00000|  0%| F|  |TAMS 0x00000000a9e00000, 0x00000000a9e00000| Untracked 
| 159|0x00000000a9f00000, 0x00000000a9f00000, 0x00000000aa000000|  0%| F|  |TAMS 0x00000000a9f00000, 0x00000000a9f00000| Untracked 
| 160|0x00000000aa000000, 0x00000000aa000000, 0x00000000aa100000|  0%| F|  |TAMS 0x00000000aa000000, 0x00000000aa000000| Untracked 
| 161|0x00000000aa100000, 0x00000000aa100000, 0x00000000aa200000|  0%| F|  |TAMS 0x00000000aa100000, 0x00000000aa100000| Untracked 
| 162|0x00000000aa200000, 0x00000000aa200000, 0x00000000aa300000|  0%| F|  |TAMS 0x00000000aa200000, 0x00000000aa200000| Untracked 
| 163|0x00000000aa300000, 0x00000000aa300000, 0x00000000aa400000|  0%| F|  |TAMS 0x00000000aa300000, 0x00000000aa300000| Untracked 
| 164|0x00000000aa400000, 0x00000000aa400000, 0x00000000aa500000|  0%| F|  |TAMS 0x00000000aa400000, 0x00000000aa400000| Untracked 
| 165|0x00000000aa500000, 0x00000000aa500000, 0x00000000aa600000|  0%| F|  |TAMS 0x00000000aa500000, 0x00000000aa500000| Untracked 
| 166|0x00000000aa600000, 0x00000000aa600000, 0x00000000aa700000|  0%| F|  |TAMS 0x00000000aa600000, 0x00000000aa600000| Untracked 
| 167|0x00000000aa700000, 0x00000000aa700000, 0x00000000aa800000|  0%| F|  |TAMS 0x00000000aa700000, 0x00000000aa700000| Untracked 
| 168|0x00000000aa800000, 0x00000000aa800000, 0x00000000aa900000|  0%| F|  |TAMS 0x00000000aa800000, 0x00000000aa800000| Untracked 
| 169|0x00000000aa900000, 0x00000000aa900000, 0x00000000aaa00000|  0%| F|  |TAMS 0x00000000aa900000, 0x00000000aa900000| Untracked 
| 170|0x00000000aaa00000, 0x00000000aaa00000, 0x00000000aab00000|  0%| F|  |TAMS 0x00000000aaa00000, 0x00000000aaa00000| Untracked 
| 171|0x00000000aab00000, 0x00000000aab00000, 0x00000000aac00000|  0%| F|  |TAMS 0x00000000aab00000, 0x00000000aab00000| Untracked 
| 172|0x00000000aac00000, 0x00000000aac00000, 0x00000000aad00000|  0%| F|  |TAMS 0x00000000aac00000, 0x00000000aac00000| Untracked 
| 173|0x00000000aad00000, 0x00000000aad00000, 0x00000000aae00000|  0%| F|  |TAMS 0x00000000aad00000, 0x00000000aad00000| Untracked 
| 174|0x00000000aae00000, 0x00000000aae00000, 0x00000000aaf00000|  0%| F|  |TAMS 0x00000000aae00000, 0x00000000aae00000| Untracked 
| 175|0x00000000aaf00000, 0x00000000aaf00000, 0x00000000ab000000|  0%| F|  |TAMS 0x00000000aaf00000, 0x00000000aaf00000| Untracked 
| 176|0x00000000ab000000, 0x00000000ab0d9a98, 0x00000000ab100000| 85%| E|  |TAMS 0x00000000ab000000, 0x00000000ab000000| Complete 
| 177|0x00000000ab100000, 0x00000000ab200000, 0x00000000ab200000|100%| E|CS|TAMS 0x00000000ab100000, 0x00000000ab100000| Complete 
| 178|0x00000000ab200000, 0x00000000ab300000, 0x00000000ab300000|100%| E|CS|TAMS 0x00000000ab200000, 0x00000000ab200000| Complete 
| 179|0x00000000ab300000, 0x00000000ab400000, 0x00000000ab400000|100%| E|CS|TAMS 0x00000000ab300000, 0x00000000ab300000| Complete 
| 180|0x00000000ab400000, 0x00000000ab500000, 0x00000000ab500000|100%| E|CS|TAMS 0x00000000ab400000, 0x00000000ab400000| Complete 
| 181|0x00000000ab500000, 0x00000000ab600000, 0x00000000ab600000|100%| E|CS|TAMS 0x00000000ab500000, 0x00000000ab500000| Complete 
| 182|0x00000000ab600000, 0x00000000ab700000, 0x00000000ab700000|100%| E|CS|TAMS 0x00000000ab600000, 0x00000000ab600000| Complete 
| 183|0x00000000ab700000, 0x00000000ab800000, 0x00000000ab800000|100%| E|CS|TAMS 0x00000000ab700000, 0x00000000ab700000| Complete 
| 184|0x00000000ab800000, 0x00000000ab900000, 0x00000000ab900000|100%| E|  |TAMS 0x00000000ab800000, 0x00000000ab800000| Complete 
| 185|0x00000000ab900000, 0x00000000aba00000, 0x00000000aba00000|100%| E|CS|TAMS 0x00000000ab900000, 0x00000000ab900000| Complete 
| 186|0x00000000aba00000, 0x00000000abb00000, 0x00000000abb00000|100%| E|CS|TAMS 0x00000000aba00000, 0x00000000aba00000| Complete 
| 187|0x00000000abb00000, 0x00000000abc00000, 0x00000000abc00000|100%| E|CS|TAMS 0x00000000abb00000, 0x00000000abb00000| Complete 
| 188|0x00000000abc00000, 0x00000000abd00000, 0x00000000abd00000|100%| E|CS|TAMS 0x00000000abc00000, 0x00000000abc00000| Complete 
| 189|0x00000000abd00000, 0x00000000abe00000, 0x00000000abe00000|100%| E|CS|TAMS 0x00000000abd00000, 0x00000000abd00000| Complete 
| 190|0x00000000abe00000, 0x00000000abf00000, 0x00000000abf00000|100%| E|CS|TAMS 0x00000000abe00000, 0x00000000abe00000| Complete 
| 191|0x00000000abf00000, 0x00000000ac000000, 0x00000000ac000000|100%| E|CS|TAMS 0x00000000abf00000, 0x00000000abf00000| Complete 
| 192|0x00000000ac000000, 0x00000000ac100000, 0x00000000ac100000|100%| E|CS|TAMS 0x00000000ac000000, 0x00000000ac000000| Complete 
| 193|0x00000000ac100000, 0x00000000ac200000, 0x00000000ac200000|100%| E|CS|TAMS 0x00000000ac100000, 0x00000000ac100000| Complete 
| 194|0x00000000ac200000, 0x00000000ac300000, 0x00000000ac300000|100%| E|CS|TAMS 0x00000000ac200000, 0x00000000ac200000| Complete 
| 195|0x00000000ac300000, 0x00000000ac400000, 0x00000000ac400000|100%| E|CS|TAMS 0x00000000ac300000, 0x00000000ac300000| Complete 
| 196|0x00000000ac400000, 0x00000000ac500000, 0x00000000ac500000|100%| E|CS|TAMS 0x00000000ac400000, 0x00000000ac400000| Complete 
| 197|0x00000000ac500000, 0x00000000ac600000, 0x00000000ac600000|100%| E|CS|TAMS 0x00000000ac500000, 0x00000000ac500000| Complete 
| 198|0x00000000ac600000, 0x00000000ac700000, 0x00000000ac700000|100%| E|CS|TAMS 0x00000000ac600000, 0x00000000ac600000| Complete 
| 199|0x00000000ac700000, 0x00000000ac800000, 0x00000000ac800000|100%| E|CS|TAMS 0x00000000ac700000, 0x00000000ac700000| Complete 
| 200|0x00000000ac800000, 0x00000000ac900000, 0x00000000ac900000|100%| E|CS|TAMS 0x00000000ac800000, 0x00000000ac800000| Complete 
| 201|0x00000000ac900000, 0x00000000aca00000, 0x00000000aca00000|100%| E|CS|TAMS 0x00000000ac900000, 0x00000000ac900000| Complete 
| 202|0x00000000aca00000, 0x00000000acb00000, 0x00000000acb00000|100%| E|CS|TAMS 0x00000000aca00000, 0x00000000aca00000| Complete 
| 203|0x00000000acb00000, 0x00000000acc00000, 0x00000000acc00000|100%| E|CS|TAMS 0x00000000acb00000, 0x00000000acb00000| Complete 
| 204|0x00000000acc00000, 0x00000000acd00000, 0x00000000acd00000|100%| E|CS|TAMS 0x00000000acc00000, 0x00000000acc00000| Complete 
| 205|0x00000000acd00000, 0x00000000ace00000, 0x00000000ace00000|100%| E|CS|TAMS 0x00000000acd00000, 0x00000000acd00000| Complete 
| 206|0x00000000ace00000, 0x00000000acf00000, 0x00000000acf00000|100%| E|CS|TAMS 0x00000000ace00000, 0x00000000ace00000| Complete 
| 207|0x00000000acf00000, 0x00000000ad000000, 0x00000000ad000000|100%| E|CS|TAMS 0x00000000acf00000, 0x00000000acf00000| Complete 
| 208|0x00000000ad000000, 0x00000000ad100000, 0x00000000ad100000|100%| E|CS|TAMS 0x00000000ad000000, 0x00000000ad000000| Complete 
| 209|0x00000000ad100000, 0x00000000ad200000, 0x00000000ad200000|100%| E|CS|TAMS 0x00000000ad100000, 0x00000000ad100000| Complete 
| 210|0x00000000ad200000, 0x00000000ad300000, 0x00000000ad300000|100%| E|CS|TAMS 0x00000000ad200000, 0x00000000ad200000| Complete 
| 211|0x00000000ad300000, 0x00000000ad400000, 0x00000000ad400000|100%| E|CS|TAMS 0x00000000ad300000, 0x00000000ad300000| Complete 
| 212|0x00000000ad400000, 0x00000000ad500000, 0x00000000ad500000|100%| E|CS|TAMS 0x00000000ad400000, 0x00000000ad400000| Complete 
| 213|0x00000000ad500000, 0x00000000ad600000, 0x00000000ad600000|100%| E|CS|TAMS 0x00000000ad500000, 0x00000000ad500000| Complete 
| 214|0x00000000ad600000, 0x00000000ad700000, 0x00000000ad700000|100%| E|CS|TAMS 0x00000000ad600000, 0x00000000ad600000| Complete 
| 215|0x00000000ad700000, 0x00000000ad800000, 0x00000000ad800000|100%| E|CS|TAMS 0x00000000ad700000, 0x00000000ad700000| Complete 
| 216|0x00000000ad800000, 0x00000000ad8d3680, 0x00000000ad900000| 82%| S|CS|TAMS 0x00000000ad800000, 0x00000000ad800000| Complete 
| 217|0x00000000ad900000, 0x00000000ada00000, 0x00000000ada00000|100%| E|CS|TAMS 0x00000000ad900000, 0x00000000ad900000| Complete 
| 218|0x00000000ada00000, 0x00000000adb00000, 0x00000000adb00000|100%| E|CS|TAMS 0x00000000ada00000, 0x00000000ada00000| Complete 
| 219|0x00000000adb00000, 0x00000000adc00000, 0x00000000adc00000|100%| E|CS|TAMS 0x00000000adb00000, 0x00000000adb00000| Complete 
| 220|0x00000000adc00000, 0x00000000add00000, 0x00000000add00000|100%| E|CS|TAMS 0x00000000adc00000, 0x00000000adc00000| Complete 

Card table byte_map: [0x000002695fb10000,0x000002695fe10000] _byte_map_base: 0x000002695f610000

Marking Bits (Prev, Next): (CMBitMap*) 0x0000026948782020, (CMBitMap*) 0x0000026948781fe0
 Prev Bits: [0x0000026961910000, 0x0000026963110000)
 Next Bits: [0x0000026960110000, 0x0000026961910000)

Polling page: 0x00000269466d0000

Metaspace:

Usage:
  Non-class:     86.45 MB used.
      Class:     14.05 MB used.
       Both:    100.50 MB used.

Virtual space:
  Non-class space:      128.00 MB reserved,      87.06 MB ( 68%) committed,  2 nodes.
      Class space:      416.00 MB reserved,      14.62 MB (  4%) committed,  1 nodes.
             Both:      544.00 MB reserved,     101.69 MB ( 19%) committed. 

Chunk freelists:
   Non-Class:  8.28 MB
       Class:  1.33 MB
        Both:  9.61 MB

MaxMetaspaceSize: 512.00 MB
CompressedClassSpaceSize: 416.00 MB
Initial GC threshold: 21.00 MB
Current GC threshold: 163.38 MB
CDS: on
MetaspaceReclaimPolicy: balanced
 - commit_granule_bytes: 65536.
 - commit_granule_words: 8192.
 - virtual_space_node_default_size: 8388608.
 - enlarge_chunks_in_place: 1.
 - new_chunks_are_fully_committed: 0.
 - uncommit_free_chunks: 1.
 - use_allocation_guard: 0.
 - handle_deallocations: 1.


Internal statistics:

num_allocs_failed_limit: 6.
num_arena_births: 1802.
num_arena_deaths: 0.
num_vsnodes_births: 3.
num_vsnodes_deaths: 0.
num_space_committed: 1627.
num_space_uncommitted: 0.
num_chunks_returned_to_freelist: 6.
num_chunks_taken_from_freelist: 6449.
num_chunk_merges: 6.
num_chunk_splits: 4191.
num_chunks_enlarged: 2679.
num_inconsistent_stats: 0.

CodeHeap 'non-profiled nmethods': size=120000Kb used=7500Kb max_used=7500Kb free=112499Kb
 bounds [0x0000026957d90000, 0x00000269584f0000, 0x000002695f2c0000]
CodeHeap 'profiled nmethods': size=120000Kb used=24026Kb max_used=24026Kb free=95973Kb
 bounds [0x00000269502c0000, 0x0000026951a40000, 0x00000269577f0000]
CodeHeap 'non-nmethods': size=5760Kb used=1759Kb max_used=1810Kb free=4000Kb
 bounds [0x00000269577f0000, 0x0000026957a60000, 0x0000026957d90000]
 total_blobs=13089 nmethods=12230 adapters=771
 compilation: enabled
              stopped_count=0, restarted_count=0
 full_count=0

Compilation events (20 events):
Event: 145.688 Thread 0x0000026965d647c0 nmethod 13992 0x0000026951a27a90 code [0x0000026951a27c60, 0x0000026951a28028]
Event: 145.690 Thread 0x0000026965d647c0 13993       3       org.gradle.internal.resources.AbstractResourceLockRegistry::getResourceLocksByCurrentThread (11 bytes)
Event: 145.690 Thread 0x0000026965d647c0 nmethod 13993 0x0000026951a28190 code [0x0000026951a28340, 0x0000026951a284b8]
Event: 145.714 Thread 0x0000026965d647c0 13994       3       java.nio.file.Files::newInputStream (10 bytes)
Event: 145.714 Thread 0x0000026965d647c0 nmethod 13994 0x0000026951a28590 code [0x0000026951a28760, 0x0000026951a28b08]
Event: 145.719 Thread 0x0000026965d647c0 13995       3       com.google.common.collect.NullnessCasts::uncheckedCastNullableTToT (2 bytes)
Event: 145.719 Thread 0x0000026965d647c0 nmethod 13995 0x0000026951a28c90 code [0x0000026951a28e20, 0x0000026951a28f18]
Event: 145.719 Thread 0x0000026965d647c0 13996       3       com.google.common.collect.AbstractIterator::next (37 bytes)
Event: 145.720 Thread 0x0000026965d647c0 nmethod 13996 0x0000026951a28f90 code [0x0000026951a29160, 0x0000026951a294b8]
Event: 145.720 Thread 0x0000026965d647c0 13997       3       org.gradle.internal.snapshot.impl.DefaultIsolatableFactory$IsolatableVisitor::fileValue (9 bytes)
Event: 145.720 Thread 0x0000026965d647c0 nmethod 13997 0x0000026951a29610 code [0x0000026951a297c0, 0x0000026951a29ad8]
Event: 145.720 Thread 0x0000026965d647c0 13998       3       org.gradle.internal.snapshot.impl.FileValueSnapshot::<init> (9 bytes)
Event: 145.721 Thread 0x0000026965d647c0 nmethod 13998 0x0000026951a29c10 code [0x0000026951a29dc0, 0x0000026951a2a018]
Event: 145.721 Thread 0x0000026965d647c0 13999       3       org.gradle.internal.snapshot.impl.FileValueSnapshot::isolate (5 bytes)
Event: 145.721 Thread 0x0000026965d647c0 nmethod 13999 0x0000026951a2a110 code [0x0000026951a2a2e0, 0x0000026951a2a688]
Event: 145.721 Thread 0x0000026965d647c0 14000       3       org.gradle.internal.snapshot.impl.FileValueSnapshot::isolate (15 bytes)
Event: 145.722 Thread 0x0000026965d647c0 nmethod 14000 0x0000026951a2a790 code [0x0000026951a2a960, 0x0000026951a2ac88]
Event: 145.722 Thread 0x0000026965d647c0 14001   !   3       org.gradle.api.internal.file.FileNotationConverter::convert (264 bytes)
Event: 145.726 Thread 0x0000026965d647c0 nmethod 14001 0x0000026951a2ad90 code [0x0000026951a2b340, 0x0000026951a2ec88]
Event: 145.727 Thread 0x0000026965d647c0 14002       3       org.gradle.internal.fingerprint.impl.MissingRootAndDuplicateIgnoringFileSystemSnapshotVisitor::visitEntry (42 bytes)

GC Heap History (20 events):
Event: 127.322 GC heap before
{Heap before GC invocations=51 (full 0):
 garbage-first heap   total 188416K, used 107744K [0x00000000a0000000, 0x0000000100000000)
  region size 1024K, 9 young (9216K), 6 survivors (6144K)
 Metaspace       used 83467K, committed 84480K, reserved 557056K
  class space    used 11634K, committed 12096K, reserved 425984K
}
Event: 127.330 GC heap after
{Heap after GC invocations=52 (full 0):
 garbage-first heap   total 188416K, used 104027K [0x00000000a0000000, 0x0000000100000000)
  region size 1024K, 1 young (1024K), 1 survivors (1024K)
 Metaspace       used 83467K, committed 84480K, reserved 557056K
  class space    used 11634K, committed 12096K, reserved 425984K
}
Event: 128.114 GC heap before
{Heap before GC invocations=52 (full 0):
 garbage-first heap   total 188416K, used 134747K [0x00000000a0000000, 0x0000000100000000)
  region size 1024K, 33 young (33792K), 1 survivors (1024K)
 Metaspace       used 85560K, committed 86720K, reserved 557056K
  class space    used 11901K, committed 12480K, reserved 425984K
}
Event: 128.118 GC heap after
{Heap after GC invocations=53 (full 0):
 garbage-first heap   total 188416K, used 104804K [0x00000000a0000000, 0x0000000100000000)
  region size 1024K, 2 young (2048K), 2 survivors (2048K)
 Metaspace       used 85560K, committed 86720K, reserved 557056K
  class space    used 11901K, committed 12480K, reserved 425984K
}
Event: 129.559 GC heap before
{Heap before GC invocations=54 (full 0):
 garbage-first heap   total 188416K, used 154980K [0x00000000a0000000, 0x0000000100000000)
  region size 1024K, 48 young (49152K), 2 survivors (2048K)
 Metaspace       used 88920K, committed 90048K, reserved 557056K
  class space    used 12356K, committed 12928K, reserved 425984K
}
Event: 129.564 GC heap after
{Heap after GC invocations=55 (full 0):
 garbage-first heap   total 188416K, used 109075K [0x00000000a0000000, 0x0000000100000000)
  region size 1024K, 3 young (3072K), 3 survivors (3072K)
 Metaspace       used 88920K, committed 90048K, reserved 557056K
  class space    used 12356K, committed 12928K, reserved 425984K
}
Event: 129.752 GC heap before
{Heap before GC invocations=55 (full 0):
 garbage-first heap   total 188416K, used 115219K [0x00000000a0000000, 0x0000000100000000)
  region size 1024K, 9 young (9216K), 3 survivors (3072K)
 Metaspace       used 89201K, committed 90368K, reserved 557056K
  class space    used 12397K, committed 12992K, reserved 425984K
}
Event: 129.760 GC heap after
{Heap after GC invocations=56 (full 0):
 garbage-first heap   total 188416K, used 108788K [0x00000000a0000000, 0x0000000100000000)
  region size 1024K, 1 young (1024K), 1 survivors (1024K)
 Metaspace       used 89201K, committed 90368K, reserved 557056K
  class space    used 12397K, committed 12992K, reserved 425984K
}
Event: 131.881 GC heap before
{Heap before GC invocations=56 (full 0):
 garbage-first heap   total 188416K, used 154868K [0x00000000a0000000, 0x0000000100000000)
  region size 1024K, 46 young (47104K), 1 survivors (1024K)
 Metaspace       used 90525K, committed 91648K, reserved 557056K
  class space    used 12607K, committed 13184K, reserved 425984K
}
Event: 131.888 GC heap after
{Heap after GC invocations=57 (full 0):
 garbage-first heap   total 226304K, used 111802K [0x00000000a0000000, 0x0000000100000000)
  region size 1024K, 4 young (4096K), 4 survivors (4096K)
 Metaspace       used 90525K, committed 91648K, reserved 557056K
  class space    used 12607K, committed 13184K, reserved 425984K
}
Event: 136.225 GC heap before
{Heap before GC invocations=58 (full 0):
 garbage-first heap   total 226304K, used 180410K [0x00000000a0000000, 0x0000000100000000)
  region size 1024K, 70 young (71680K), 4 survivors (4096K)
 Metaspace       used 94310K, committed 95488K, reserved 557056K
  class space    used 13111K, committed 13696K, reserved 425984K
}
Event: 136.233 GC heap after
{Heap after GC invocations=59 (full 0):
 garbage-first heap   total 226304K, used 115179K [0x00000000a0000000, 0x0000000100000000)
  region size 1024K, 8 young (8192K), 8 survivors (8192K)
 Metaspace       used 94310K, committed 95488K, reserved 557056K
  class space    used 13111K, committed 13696K, reserved 425984K
}
Event: 136.554 GC heap before
{Heap before GC invocations=59 (full 0):
 garbage-first heap   total 226304K, used 117227K [0x00000000a0000000, 0x0000000100000000)
  region size 1024K, 11 young (11264K), 8 survivors (8192K)
 Metaspace       used 94424K, committed 95552K, reserved 557056K
  class space    used 13125K, committed 13696K, reserved 425984K
}
Event: 136.573 GC heap after
{Heap after GC invocations=60 (full 0):
 garbage-first heap   total 226304K, used 114636K [0x00000000a0000000, 0x0000000100000000)
  region size 1024K, 1 young (1024K), 1 survivors (1024K)
 Metaspace       used 94424K, committed 95552K, reserved 557056K
  class space    used 13125K, committed 13696K, reserved 425984K
}
Event: 139.000 GC heap before
{Heap before GC invocations=60 (full 0):
 garbage-first heap   total 226304K, used 185292K [0x00000000a0000000, 0x0000000100000000)
  region size 1024K, 70 young (71680K), 1 survivors (1024K)
 Metaspace       used 99087K, committed 100224K, reserved 557056K
  class space    used 13883K, committed 14464K, reserved 425984K
}
Event: 139.004 GC heap after
{Heap after GC invocations=61 (full 0):
 garbage-first heap   total 226304K, used 115939K [0x00000000a0000000, 0x0000000100000000)
  region size 1024K, 3 young (3072K), 3 survivors (3072K)
 Metaspace       used 99087K, committed 100224K, reserved 557056K
  class space    used 13883K, committed 14464K, reserved 425984K
}
Event: 141.846 GC heap before
{Heap before GC invocations=62 (full 0):
 garbage-first heap   total 226304K, used 185571K [0x00000000a0000000, 0x0000000100000000)
  region size 1024K, 72 young (73728K), 3 survivors (3072K)
 Metaspace       used 102755K, committed 104000K, reserved 557056K
  class space    used 14389K, committed 14976K, reserved 425984K
}
Event: 141.855 GC heap after
{Heap after GC invocations=63 (full 0):
 garbage-first heap   total 226304K, used 120737K [0x00000000a0000000, 0x0000000100000000)
  region size 1024K, 7 young (7168K), 7 survivors (7168K)
 Metaspace       used 102755K, committed 104000K, reserved 557056K
  class space    used 14389K, committed 14976K, reserved 425984K
}
Event: 141.885 GC heap before
{Heap before GC invocations=63 (full 0):
 garbage-first heap   total 226304K, used 124833K [0x00000000a0000000, 0x0000000100000000)
  region size 1024K, 11 young (11264K), 7 survivors (7168K)
 Metaspace       used 102756K, committed 104000K, reserved 557056K
  class space    used 14389K, committed 14976K, reserved 425984K
}
Event: 141.900 GC heap after
{Heap after GC invocations=64 (full 0):
 garbage-first heap   total 226304K, used 120377K [0x00000000a0000000, 0x0000000100000000)
  region size 1024K, 1 young (1024K), 1 survivors (1024K)
 Metaspace       used 102756K, committed 104000K, reserved 557056K
  class space    used 14389K, committed 14976K, reserved 425984K
}

Dll operation events (15 events):
Event: 0.044 Loaded shared library C:\Program Files\Microsoft\jdk-17.0.19.10-hotspot\bin\java.dll
Event: 0.083 Loaded shared library C:\Program Files\Microsoft\jdk-17.0.19.10-hotspot\bin\jsvml.dll
Event: 0.229 Loaded shared library C:\Program Files\Microsoft\jdk-17.0.19.10-hotspot\bin\zip.dll
Event: 0.239 Loaded shared library C:\Program Files\Microsoft\jdk-17.0.19.10-hotspot\bin\instrument.dll
Event: 0.254 Loaded shared library C:\Program Files\Microsoft\jdk-17.0.19.10-hotspot\bin\net.dll
Event: 0.261 Loaded shared library C:\Program Files\Microsoft\jdk-17.0.19.10-hotspot\bin\nio.dll
Event: 0.268 Loaded shared library C:\Program Files\Microsoft\jdk-17.0.19.10-hotspot\bin\zip.dll
Event: 1.144 Loaded shared library C:\Program Files\Microsoft\jdk-17.0.19.10-hotspot\bin\jimage.dll
Event: 1.850 Loaded shared library C:\Program Files\Microsoft\jdk-17.0.19.10-hotspot\bin\verify.dll
Event: 1.939 Loaded shared library C:\Users\prath\.gradle\native\660c5614fbf4a5f2a75b1949f50a0caf5cd603558e7d8a26e50b933a0cfb79d1\windows-amd64\native-platform.dll
Event: 1.981 Loaded shared library C:\Users\prath\.gradle\native\0.2.8\x86_64-windows-gnu\gradle-fileevents.dll
Event: 7.877 Loaded shared library C:\Program Files\Microsoft\jdk-17.0.19.10-hotspot\bin\management.dll
Event: 7.886 Loaded shared library C:\Program Files\Microsoft\jdk-17.0.19.10-hotspot\bin\management_ext.dll
Event: 8.794 Loaded shared library C:\Program Files\Microsoft\jdk-17.0.19.10-hotspot\bin\extnet.dll
Event: 9.730 Loaded shared library C:\Program Files\Microsoft\jdk-17.0.19.10-hotspot\bin\sunmscapi.dll

Deoptimization events (20 events):
Event: 142.435 Thread 0x000002696bb405a0 Uncommon trap: trap_request=0xffffffbe fr.pc=0x00000269582e04a8 relative=0x0000000000000268
Event: 142.435 Thread 0x000002696bb405a0 Uncommon trap: reason=profile_predicate action=maybe_recompile pc=0x00000269582e04a8 method=java.util.Collections.indexedBinarySearch(Ljava/util/List;Ljava/lang/Object;Ljava/util/Comparator;)I @ 15 c2
Event: 142.435 Thread 0x000002696bb405a0 DEOPT PACKING pc=0x00000269582e04a8 sp=0x00000070d68f7e10
Event: 142.435 Thread 0x000002696bb405a0 DEOPT UNPACKING pc=0x00000269578469a3 sp=0x00000070d68f7d30 mode 2
Event: 142.481 Thread 0x000002696bb405a0 DEOPT PACKING pc=0x00000269517c7f4b sp=0x00000070d68f7670
Event: 142.481 Thread 0x000002696bb405a0 DEOPT UNPACKING pc=0x0000026957847143 sp=0x00000070d68f6b90 mode 0
Event: 142.663 Thread 0x000002696bb405a0 Uncommon trap: trap_request=0xffffffbe fr.pc=0x00000269582e04a8 relative=0x0000000000000268
Event: 142.663 Thread 0x000002696bb405a0 Uncommon trap: reason=profile_predicate action=maybe_recompile pc=0x00000269582e04a8 method=java.util.Collections.indexedBinarySearch(Ljava/util/List;Ljava/lang/Object;Ljava/util/Comparator;)I @ 15 c2
Event: 142.663 Thread 0x000002696bb405a0 DEOPT PACKING pc=0x00000269582e04a8 sp=0x00000070d68f7e10
Event: 142.663 Thread 0x000002696bb405a0 DEOPT UNPACKING pc=0x00000269578469a3 sp=0x00000070d68f7d30 mode 2
Event: 142.753 Thread 0x000002696bb405a0 DEOPT PACKING pc=0x00000269519a0c5c sp=0x00000070d68f7210
Event: 142.753 Thread 0x000002696bb405a0 DEOPT UNPACKING pc=0x0000026957847143 sp=0x00000070d68f6790 mode 0
Event: 142.828 Thread 0x000002696bb405a0 DEOPT PACKING pc=0x00000269519a0c5c sp=0x00000070d68f71f0
Event: 142.828 Thread 0x000002696bb405a0 DEOPT UNPACKING pc=0x0000026957847143 sp=0x00000070d68f6770 mode 0
Event: 142.907 Thread 0x000002696bb405a0 DEOPT PACKING pc=0x00000269519a0c5c sp=0x00000070d68f6bc0
Event: 142.907 Thread 0x000002696bb405a0 DEOPT UNPACKING pc=0x0000026957847143 sp=0x00000070d68f6140 mode 0
Event: 143.025 Thread 0x000002696bb405a0 DEOPT PACKING pc=0x00000269519a0c5c sp=0x00000070d68f6cc0
Event: 143.025 Thread 0x000002696bb405a0 DEOPT UNPACKING pc=0x0000026957847143 sp=0x00000070d68f6240 mode 0
Event: 144.512 Thread 0x000002696bb405a0 DEOPT PACKING pc=0x00000269517c7f4b sp=0x00000070d68f4ca0
Event: 144.512 Thread 0x000002696bb405a0 DEOPT UNPACKING pc=0x0000026957847143 sp=0x00000070d68f41c0 mode 0

Classes loaded (20 events):
Event: 141.753 Loading class jdk/internal/jimage/ImageReader$Node done
Event: 141.753 Loading class jdk/internal/jimage/ImageReader$Directory done
Event: 141.753 Loading class jdk/internal/jrtfs/SystemImage$1
Event: 141.753 Loading class jdk/internal/jrtfs/SystemImage$1 done
Event: 141.754 Loading class jdk/internal/jimage/ImageReader$SharedImageReader$LocationVisitor
Event: 141.755 Loading class jdk/internal/jimage/ImageReader$SharedImageReader$LocationVisitor done
Event: 141.756 Loading class java/nio/ByteBufferAsIntBufferL
Event: 141.757 Loading class java/nio/ByteBufferAsIntBufferL done
Event: 141.761 Loading class jdk/internal/jrtfs/JrtFileAttributes
Event: 141.762 Loading class jdk/internal/jrtfs/JrtFileAttributes done
Event: 141.762 Loading class jdk/internal/jrtfs/JrtDirectoryStream
Event: 141.762 Loading class jdk/internal/jrtfs/JrtDirectoryStream done
Event: 141.765 Loading class jdk/internal/jrtfs/JrtDirectoryStream$1
Event: 141.765 Loading class jdk/internal/jrtfs/JrtDirectoryStream$1 done
Event: 141.766 Loading class jdk/internal/jimage/ImageReader$Resource
Event: 141.766 Loading class jdk/internal/jimage/ImageReader$Resource done
Event: 141.938 Loading class java/util/WeakHashMap$KeyIterator
Event: 141.939 Loading class java/util/WeakHashMap$HashIterator
Event: 141.939 Loading class java/util/WeakHashMap$HashIterator done
Event: 141.939 Loading class java/util/WeakHashMap$KeyIterator done

Classes unloaded (0 events):
No events

Classes redefined (0 events):
No events

Internal exceptions (20 events):
Event: 139.666 Thread 0x000002696bb405a0 Exception <a 'java/lang/ClassNotFoundException'{0x00000000ac4b4060}: com/android/build/gradle/internal/api/BaseVariantOutputImplCustomizer> (0x00000000ac4b4060) 
thrown [s\src\hotspot\share\classfile\systemDictionary.cpp, line 256]
Event: 139.669 Thread 0x000002696bb405a0 Exception <a 'java/lang/ClassNotFoundException'{0x00000000ac4dab10}: com/android/build/gradle/internal/api/ApkVariantOutputImplCustomizer> (0x00000000ac4dab10) 
thrown [s\src\hotspot\share\classfile\systemDictionary.cpp, line 256]
Event: 139.672 Thread 0x000002696bb405a0 Exception <a 'java/lang/ClassNotFoundException'{0x00000000ac4fcf80}: com/android/build/gradle/internal/api/ApkVariantOutputImpl_DecoratedCustomizer> (0x00000000ac4fcf80) 
thrown [s\src\hotspot\share\classfile\systemDictionary.cpp, line 256]
Event: 139.947 Thread 0x000002696bb405a0 Exception <a 'java/lang/ClassNotFoundException'{0x00000000abc3f6a0}: com/android/build/gradle/internal/api/ReadOnlyBuildTypeBeanInfo> (0x00000000abc3f6a0) 
thrown [s\src\hotspot\share\classfile\systemDictionary.cpp, line 256]
Event: 139.949 Thread 0x000002696bb405a0 Exception <a 'java/lang/ClassNotFoundException'{0x00000000abc53d38}: com/android/build/gradle/internal/api/ReadOnlyBaseConfigBeanInfo> (0x00000000abc53d38) 
thrown [s\src\hotspot\share\classfile\systemDictionary.cpp, line 256]
Event: 139.951 Thread 0x000002696bb405a0 Exception <a 'java/lang/ClassNotFoundException'{0x00000000abc68400}: com/android/build/gradle/internal/api/ReadOnlyBaseConfigCustomizer> (0x00000000abc68400) 
thrown [s\src\hotspot\share\classfile\systemDictionary.cpp, line 256]
Event: 139.955 Thread 0x000002696bb405a0 Exception <a 'java/lang/ClassNotFoundException'{0x00000000abc8cbb0}: com/android/build/gradle/internal/api/ReadOnlyBuildTypeCustomizer> (0x00000000abc8cbb0) 
thrown [s\src\hotspot\share\classfile\systemDictionary.cpp, line 256]
Event: 141.318 Thread 0x000002696bb405a0 Exception <a 'java/lang/ClassNotFoundException'{0x00000000aa8690c8}: build_c079ez3wf8yn54v83yde65sqbBeanInfo> (0x00000000aa8690c8) 
thrown [s\src\hotspot\share\classfile\systemDictionary.cpp, line 256]
Event: 141.318 Thread 0x000002696bb405a0 Exception <a 'java/lang/ClassNotFoundException'{0x00000000aa870828}: build_c079ez3wf8yn54v83yde65sqbCustomizer> (0x00000000aa870828) 
thrown [s\src\hotspot\share\classfile\systemDictionary.cpp, line 256]
Event: 141.360 Thread 0x000002696bb405a0 Exception <a 'java/lang/ClassNotFoundException'{0x00000000aa7a6fb0}: groovy/lang/GString$1BeanInfo> (0x00000000aa7a6fb0) 
thrown [s\src\hotspot\share\classfile\systemDictionary.cpp, line 256]
Event: 141.362 Thread 0x000002696bb405a0 Exception <a 'java/lang/ClassNotFoundException'{0x00000000aa7c7548}: groovy/lang/GStringBeanInfo> (0x00000000aa7c7548) 
thrown [s\src\hotspot\share\classfile\systemDictionary.cpp, line 256]
Event: 141.365 Thread 0x000002696bb405a0 Exception <a 'java/lang/ClassNotFoundException'{0x00000000aa7e7010}: groovy/lang/GStringCustomizer> (0x00000000aa7e7010) 
thrown [s\src\hotspot\share\classfile\systemDictionary.cpp, line 256]
Event: 141.368 Thread 0x000002696bb405a0 Exception <a 'java/lang/ClassNotFoundException'{0x00000000aa613220}: groovy/lang/GString$1Customizer> (0x00000000aa613220) 
thrown [s\src\hotspot\share\classfile\systemDictionary.cpp, line 256]
Event: 141.373 Thread 0x000002696bb405a0 Exception <a 'java/lang/ClassNotFoundException'{0x00000000aa62c890}: build_c079ez3wf8yn54v83yde65sqb$_run_closure1BeanInfo> (0x00000000aa62c890) 
thrown [s\src\hotspot\share\classfile\systemDictionary.cpp, line 256]
Event: 141.374 Thread 0x000002696bb405a0 Exception <a 'java/lang/ClassNotFoundException'{0x00000000aa635558}: build_c079ez3wf8yn54v83yde65sqb$_run_closure1Customizer> (0x00000000aa635558) 
thrown [s\src\hotspot\share\classfile\systemDictionary.cpp, line 256]
Event: 141.383 Thread 0x000002696bb405a0 Exception <a 'java/lang/NoSuchMethodError'{0x00000000aa665188}: 'int java.lang.invoke.Invokers$Holder.linkToCallSite(java.lang.Object, java.lang.Object)'> (0x00000000aa665188) 
thrown [s\src\hotspot\share\interpreter\linkResolver.cpp, line 759]
Event: 141.387 Thread 0x000002696bb405a0 Exception <a 'java/lang/ClassNotFoundException'{0x00000000aa67f288}: java/lang/BooleanBeanInfo> (0x00000000aa67f288) 
thrown [s\src\hotspot\share\classfile\systemDictionary.cpp, line 256]
Event: 141.387 Thread 0x000002696bb405a0 Exception <a 'java/lang/ClassNotFoundException'{0x00000000aa687248}: java/lang/BooleanCustomizer> (0x00000000aa687248) 
thrown [s\src\hotspot\share\classfile\systemDictionary.cpp, line 256]
Event: 141.439 Thread 0x000002696bb405a0 Exception <a 'java/lang/ClassNotFoundException'{0x00000000aa489310}: org/codehaus/groovy/runtime/GStringImplBeanInfo> (0x00000000aa489310) 
thrown [s\src\hotspot\share\classfile\systemDictionary.cpp, line 256]
Event: 141.446 Thread 0x000002696bb405a0 Exception <a 'java/lang/ClassNotFoundException'{0x00000000aa3f6d20}: org/codehaus/groovy/runtime/GStringImplCustomizer> (0x00000000aa3f6d20) 
thrown [s\src\hotspot\share\classfile\systemDictionary.cpp, line 256]

VM Operations (20 events):
Event: 141.610 Executing VM operation: HandshakeAllThreads done
Event: 141.637 Executing VM operation: HandshakeAllThreads
Event: 141.637 Executing VM operation: HandshakeAllThreads done
Event: 141.641 Executing VM operation: HandshakeAllThreads
Event: 141.641 Executing VM operation: HandshakeAllThreads done
Event: 141.679 Executing VM operation: HandshakeAllThreads
Event: 141.679 Executing VM operation: HandshakeAllThreads done
Event: 141.759 Executing VM operation: HandshakeAllThreads
Event: 141.760 Executing VM operation: HandshakeAllThreads done
Event: 141.846 Executing VM operation: G1CollectForAllocation
Event: 141.855 Executing VM operation: G1CollectForAllocation done
Event: 141.885 Executing VM operation: G1CollectForAllocation
Event: 141.900 Executing VM operation: G1CollectForAllocation done
Event: 142.910 Executing VM operation: Cleanup
Event: 142.910 Executing VM operation: Cleanup done
Event: 143.919 Executing VM operation: Cleanup
Event: 143.920 Executing VM operation: Cleanup done
Event: 144.931 Executing VM operation: Cleanup
Event: 144.931 Executing VM operation: Cleanup done
Event: 145.937 Executing VM operation: Cleanup

Memory protections (0 events):
No events

Nmethod flushes (20 events):
Event: 122.070 Thread 0x0000026965d650d0 flushing  nmethod 0x00000269512a7f90
Event: 122.070 Thread 0x0000026965d650d0 flushing  nmethod 0x00000269512a8a10
Event: 122.070 Thread 0x0000026965d650d0 flushing  nmethod 0x00000269512a9410
Event: 122.070 Thread 0x0000026965d650d0 flushing  nmethod 0x00000269512b6310
Event: 122.070 Thread 0x0000026965d650d0 flushing  nmethod 0x00000269512b8990
Event: 122.070 Thread 0x0000026965d650d0 flushing  nmethod 0x00000269512b8e10
Event: 122.070 Thread 0x0000026965d650d0 flushing  nmethod 0x00000269512ddd10
Event: 122.070 Thread 0x0000026965d650d0 flushing  nmethod 0x00000269512f2710
Event: 122.071 Thread 0x0000026965d650d0 flushing  nmethod 0x0000026951318b90
Event: 122.071 Thread 0x0000026965d650d0 flushing  nmethod 0x0000026951384a90
Event: 122.071 Thread 0x0000026965d650d0 flushing  nmethod 0x0000026951386790
Event: 122.071 Thread 0x0000026965d650d0 flushing  nmethod 0x000002695138e990
Event: 122.071 Thread 0x0000026965d650d0 flushing  nmethod 0x0000026951390f10
Event: 122.071 Thread 0x0000026965d650d0 flushing  nmethod 0x00000269513b5710
Event: 122.071 Thread 0x0000026965d650d0 flushing  nmethod 0x00000269513d6110
Event: 122.072 Thread 0x0000026965d650d0 flushing  nmethod 0x00000269514e4390
Event: 122.073 Thread 0x0000026965d650d0 flushing  nmethod 0x0000026951552890
Event: 122.073 Thread 0x0000026965d650d0 flushing  nmethod 0x0000026951565890
Event: 122.074 Thread 0x0000026965d650d0 flushing  nmethod 0x00000269515c7f10
Event: 140.137 Thread 0x0000026965d650d0 flushing  nmethod 0x000002695044a790

Events (20 events):
Event: 105.365 Thread 0x000002696bb405a0 Thread added: 0x000002696e3d3200
Event: 107.545 Thread 0x0000026965d647c0 Thread added: 0x000002696c65c580
Event: 109.008 Thread 0x000002696c65c580 Thread exited: 0x000002696c65c580
Event: 110.516 Thread 0x0000026965d647c0 Thread added: 0x000002696c659b00
Event: 110.684 Thread 0x000002696c659b00 Thread exited: 0x000002696c659b00
Event: 122.081 Thread 0x000002696bb405a0 Thread added: 0x000002696e3d8300
Event: 122.660 Thread 0x000002696bb405a0 Thread added: 0x000002696e3d73d0
Event: 122.702 Thread 0x000002696bb405a0 Thread added: 0x000002696e3d9740
Event: 128.661 Thread 0x000002696bb405a0 Thread added: 0x000002696e3d7df0
Event: 134.857 Thread 0x0000026965d5df50 Thread added: 0x000002696c65b040
Event: 135.891 Thread 0x000002696c65b040 Thread exited: 0x000002696c65b040
Event: 135.944 Thread 0x0000026965d647c0 Thread added: 0x000002696c65b040
Event: 136.235 Thread 0x000002696c65b040 Thread exited: 0x000002696c65b040
Event: 137.768 Thread 0x0000026965d5df50 Thread added: 0x000002696def2cf0
Event: 137.948 Thread 0x000002696def2cf0 Thread exited: 0x000002696def2cf0
Event: 138.173 Thread 0x0000026965d647c0 Thread added: 0x000002696df52960
Event: 138.601 Thread 0x000002696df52960 Thread exited: 0x000002696df52960
Event: 139.019 Thread 0x0000026965d647c0 Thread added: 0x000002696df4fee0
Event: 140.337 Thread 0x000002696df4fee0 Thread exited: 0x000002696df4fee0
Event: 141.292 Thread 0x000002696bb405a0 Thread added: 0x000002696f2800f0


Dynamic libraries:
0x00007ff7e8a90000 - 0x00007ff7e8a9e000 	C:\Program Files\Microsoft\jdk-17.0.19.10-hotspot\bin\java.exe
0x00007ffd1f820000 - 0x00007ffd1fa86000 	C:\WINDOWS\SYSTEM32\ntdll.dll
0x00007ffd1f5f0000 - 0x00007ffd1f6b9000 	C:\WINDOWS\System32\KERNEL32.DLL
0x00007ffd1d010000 - 0x00007ffd1d40e000 	C:\WINDOWS\System32\KERNELBASE.dll
0x00007ffd1cd40000 - 0x00007ffd1ce8c000 	C:\WINDOWS\System32\ucrtbase.dll
0x00007ffcf78c0000 - 0x00007ffcf78d8000 	C:\Program Files\Microsoft\jdk-17.0.19.10-hotspot\bin\jli.dll
0x00007ffcf78a0000 - 0x00007ffcf78be000 	C:\Program Files\Microsoft\jdk-17.0.19.10-hotspot\bin\VCRUNTIME140.dll
0x00007ffd1d740000 - 0x00007ffd1d907000 	C:\WINDOWS\System32\USER32.dll
0x00007ffd1cea0000 - 0x00007ffd1cec7000 	C:\WINDOWS\System32\win32u.dll
0x00007ffd1f6c0000 - 0x00007ffd1f6eb000 	C:\WINDOWS\System32\GDI32.dll
0x00007ffd1d420000 - 0x00007ffd1d54a000 	C:\WINDOWS\System32\gdi32full.dll
0x00007ffd1cf60000 - 0x00007ffd1d003000 	C:\WINDOWS\System32\msvcp_win.dll
0x00007ffd06b90000 - 0x00007ffd06e22000 	C:\WINDOWS\WinSxS\amd64_microsoft.windows.common-controls_6595b64144ccf1df_6.0.26100.8894_none_3e0f749ee32e02ea\COMCTL32.dll
0x00007ffd1ef90000 - 0x00007ffd1f039000 	C:\WINDOWS\System32\msvcrt.dll
0x00007ffd1dca0000 - 0x00007ffd1dcd2000 	C:\WINDOWS\System32\IMM32.DLL
0x00007ffd01370000 - 0x00007ffd0137c000 	C:\Program Files\Microsoft\jdk-17.0.19.10-hotspot\bin\vcruntime140_1.dll
0x00007ffca6c20000 - 0x00007ffca6ca9000 	C:\Program Files\Microsoft\jdk-17.0.19.10-hotspot\bin\msvcp140.dll
0x00007ffc5c910000 - 0x00007ffc5d58b000 	C:\Program Files\Microsoft\jdk-17.0.19.10-hotspot\bin\server\jvm.dll
0x00007ffd1eba0000 - 0x00007ffd1ec57000 	C:\WINDOWS\System32\ADVAPI32.dll
0x00007ffd1d550000 - 0x00007ffd1d5fa000 	C:\WINDOWS\System32\sechost.dll
0x00007ffd1dce0000 - 0x00007ffd1ddf8000 	C:\WINDOWS\System32\RPCRT4.dll
0x00007ffd1f700000 - 0x00007ffd1f780000 	C:\WINDOWS\System32\WS2_32.dll
0x00007ffd15fb0000 - 0x00007ffd15fe6000 	C:\WINDOWS\SYSTEM32\WINMM.dll
0x00007ffd1c890000 - 0x00007ffd1c8ee000 	C:\WINDOWS\SYSTEM32\POWRPROF.dll
0x00007ffd15ff0000 - 0x00007ffd15ffb000 	C:\WINDOWS\SYSTEM32\VERSION.dll
0x00007ffd1c870000 - 0x00007ffd1c884000 	C:\WINDOWS\SYSTEM32\UMPDC.dll
0x00007ffd1b720000 - 0x00007ffd1b73b000 	C:\WINDOWS\SYSTEM32\kernel.appcore.dll
0x00007ffcf9100000 - 0x00007ffcf910a000 	C:\Program Files\Microsoft\jdk-17.0.19.10-hotspot\bin\jimage.dll
0x00007ffd1a250000 - 0x00007ffd1a492000 	C:\WINDOWS\SYSTEM32\DBGHELP.DLL
0x00007ffd1d910000 - 0x00007ffd1dc93000 	C:\WINDOWS\System32\combase.dll
0x00007ffd1eac0000 - 0x00007ffd1eb99000 	C:\WINDOWS\System32\OLEAUT32.dll
0x00007ffd054b0000 - 0x00007ffd054eb000 	C:\WINDOWS\SYSTEM32\dbgcore.DLL
0x00007ffd1cbc0000 - 0x00007ffd1cc6c000 	C:\WINDOWS\System32\bcryptPrimitives.dll
0x00007ffcf5340000 - 0x00007ffcf534f000 	C:\Program Files\Microsoft\jdk-17.0.19.10-hotspot\bin\instrument.dll
0x00007ffce1e20000 - 0x00007ffce1e46000 	C:\Program Files\Microsoft\jdk-17.0.19.10-hotspot\bin\java.dll
0x00007ffc9c530000 - 0x00007ffc9c606000 	C:\Program Files\Microsoft\jdk-17.0.19.10-hotspot\bin\jsvml.dll
0x00007ffd1de30000 - 0x00007ffd1e5c2000 	C:\WINDOWS\System32\SHELL32.dll
0x00007ffd1a4d0000 - 0x00007ffd1ad62000 	C:\WINDOWS\SYSTEM32\windows.storage.dll
0x00007ffd1f0f0000 - 0x00007ffd1f1e7000 	C:\WINDOWS\System32\SHCORE.dll
0x00007ffd1d600000 - 0x00007ffd1d667000 	C:\WINDOWS\System32\shlwapi.dll
0x00007ffd1c960000 - 0x00007ffd1c989000 	C:\WINDOWS\SYSTEM32\profapi.dll
0x00007ffcef1e0000 - 0x00007ffcef1f8000 	C:\Program Files\Microsoft\jdk-17.0.19.10-hotspot\bin\zip.dll
0x00007ffcf0810000 - 0x00007ffcf082b000 	C:\Program Files\Microsoft\jdk-17.0.19.10-hotspot\bin\net.dll
0x00007ffd12ba0000 - 0x00007ffd12cc7000 	C:\WINDOWS\SYSTEM32\WINHTTP.dll
0x00007ffd1bcd0000 - 0x00007ffd1bd3c000 	C:\WINDOWS\system32\mswsock.dll
0x00007ffcef230000 - 0x00007ffcef246000 	C:\Program Files\Microsoft\jdk-17.0.19.10-hotspot\bin\nio.dll
0x00007ffcf5470000 - 0x00007ffcf5480000 	C:\Program Files\Microsoft\jdk-17.0.19.10-hotspot\bin\verify.dll
0x00007ffcdfe80000 - 0x00007ffcdfea7000 	C:\Users\prath\.gradle\native\660c5614fbf4a5f2a75b1949f50a0caf5cd603558e7d8a26e50b933a0cfb79d1\windows-amd64\native-platform.dll
0x00007ffcd1050000 - 0x00007ffcd10c7000 	C:\Users\prath\.gradle\native\0.2.8\x86_64-windows-gnu\gradle-fileevents.dll
0x00007ffcf7890000 - 0x00007ffcf789a000 	C:\Program Files\Microsoft\jdk-17.0.19.10-hotspot\bin\management.dll
0x00007ffcf7710000 - 0x00007ffcf771c000 	C:\Program Files\Microsoft\jdk-17.0.19.10-hotspot\bin\management_ext.dll
0x00007ffd1f1f0000 - 0x00007ffd1f1f8000 	C:\WINDOWS\System32\PSAPI.DLL
0x00007ffd1b0a0000 - 0x00007ffd1b0d3000 	C:\WINDOWS\SYSTEM32\IPHLPAPI.DLL
0x00007ffd1d730000 - 0x00007ffd1d73a000 	C:\WINDOWS\System32\NSI.dll
0x00007ffd126b0000 - 0x00007ffd126cd000 	C:\WINDOWS\SYSTEM32\dhcpcsvc6.DLL
0x00007ffd12680000 - 0x00007ffd126a5000 	C:\WINDOWS\SYSTEM32\dhcpcsvc.DLL
0x00007ffd1b130000 - 0x00007ffd1b286000 	C:\WINDOWS\SYSTEM32\DNSAPI.dll
0x00007ffd1bab0000 - 0x00007ffd1babd000 	C:\WINDOWS\SYSTEM32\DSPARSE.dll
0x00007ffcf7680000 - 0x00007ffcf7689000 	C:\Program Files\Microsoft\jdk-17.0.19.10-hotspot\bin\extnet.dll
0x00007ffd1bfd0000 - 0x00007ffd1bfeb000 	C:\WINDOWS\SYSTEM32\CRYPTSP.dll
0x00007ffd1b680000 - 0x00007ffd1b6b9000 	C:\WINDOWS\system32\rsaenh.dll
0x00007ffd1bd90000 - 0x00007ffd1bdc2000 	C:\WINDOWS\SYSTEM32\USERENV.dll
0x00007ffd1c930000 - 0x00007ffd1c95a000 	C:\WINDOWS\SYSTEM32\bcrypt.dll
0x00007ffd1bff0000 - 0x00007ffd1bffc000 	C:\WINDOWS\SYSTEM32\CRYPTBASE.dll
0x00007ffcf4ea0000 - 0x00007ffcf4eae000 	C:\Program Files\Microsoft\jdk-17.0.19.10-hotspot\bin\sunmscapi.dll
0x00007ffd1ca40000 - 0x00007ffd1cbb8000 	C:\WINDOWS\System32\CRYPT32.dll
0x00007ffd1c210000 - 0x00007ffd1c240000 	C:\WINDOWS\SYSTEM32\ncrypt.dll
0x00007ffd1c1c0000 - 0x00007ffd1c1ff000 	C:\WINDOWS\SYSTEM32\NTASN1.dll
0x00007ffcdedb0000 - 0x00007ffcdedb8000 	C:\WINDOWS\system32\wshunix.dll

dbghelp: loaded successfully - version: 4.0.5 - missing functions: none
symbol engine: initialized successfully - sym options: 0x614 - pdb path: .;C:\Program Files\Microsoft\jdk-17.0.19.10-hotspot\bin;C:\WINDOWS\SYSTEM32;C:\WINDOWS\WinSxS\amd64_microsoft.windows.common-controls_6595b64144ccf1df_6.0.26100.8894_none_3e0f749ee32e02ea;C:\Program Files\Microsoft\jdk-17.0.19.10-hotspot\bin\server;C:\Users\prath\.gradle\native\660c5614fbf4a5f2a75b1949f50a0caf5cd603558e7d8a26e50b933a0cfb79d1\windows-amd64;C:\Users\prath\.gradle\native\0.2.8\x86_64-windows-gnu

VM Arguments:
jvm_args: --add-opens=java.base/java.lang=ALL-UNNAMED --add-opens=java.base/java.lang.invoke=ALL-UNNAMED --add-opens=java.base/java.util=ALL-UNNAMED --add-opens=java.prefs/java.util.prefs=ALL-UNNAMED --add-exports=jdk.compiler/com.sun.tools.javac.api=ALL-UNNAMED --add-exports=jdk.compiler/com.sun.tools.javac.util=ALL-UNNAMED --add-opens=java.base/java.util=ALL-UNNAMED --add-opens=java.prefs/java.util.prefs=ALL-UNNAMED --add-opens=java.base/java.nio.charset=ALL-UNNAMED --add-opens=java.base/java.net=ALL-UNNAMED --add-opens=java.base/java.util.concurrent=ALL-UNNAMED --add-opens=java.base/java.util.concurrent.atomic=ALL-UNNAMED --add-opens=java.xml/javax.xml.namespace=ALL-UNNAMED --add-opens=java.base/java.time=ALL-UNNAMED -XX:MaxMetaspaceSize=512m -Xmx1536m -Dfile.encoding=UTF-8 -Duser.country=US -Duser.language=en -Duser.variant -javaagent:C:\Users\prath\.gradle\wrapper\dists\gradle-9.3.1-bin\23ovyewtku6u96viwx3xl3oks\gradle-9.3.1\lib\agents\gradle-instrumentation-agent-9.3.1.jar 
java_command: org.gradle.launcher.daemon.bootstrap.GradleDaemon 9.3.1
java_class_path (initial): C:\Users\prath\.gradle\wrapper\dists\gradle-9.3.1-bin\23ovyewtku6u96viwx3xl3oks\gradle-9.3.1\lib\gradle-daemon-main-9.3.1.jar
Launcher Type: SUN_STANDARD

[Global flags]
     intx CICompilerCount                          = 4                                         {product} {ergonomic}
   size_t CompressedClassSpaceSize                 = 436207616                                 {product} {ergonomic}
     uint ConcGCThreads                            = 3                                         {product} {ergonomic}
     uint G1ConcRefinementThreads                  = 10                                        {product} {ergonomic}
   size_t G1HeapRegionSize                         = 1048576                                   {product} {ergonomic}
    uintx GCDrainStackTargetSize                   = 64                                        {product} {ergonomic}
   size_t InitialHeapSize                          = 98566144                                  {product} {ergonomic}
   size_t MarkStackSize                            = 4194304                                   {product} {ergonomic}
   size_t MaxHeapSize                              = 1610612736                                {product} {command line}
   size_t MaxMetaspaceSize                         = 536870912                                 {product} {command line}
   size_t MaxNewSize                               = 965738496                                 {product} {ergonomic}
   size_t MinHeapDeltaBytes                        = 1048576                                   {product} {ergonomic}
   size_t MinHeapSize                              = 8388608                                   {product} {ergonomic}
    uintx NonNMethodCodeHeapSize                   = 5839372                                {pd product} {ergonomic}
    uintx NonProfiledCodeHeapSize                  = 122909434                              {pd product} {ergonomic}
    uintx ProfiledCodeHeapSize                     = 122909434                              {pd product} {ergonomic}
    uintx ReservedCodeCacheSize                    = 251658240                              {pd product} {ergonomic}
     bool SegmentedCodeCache                       = true                                      {product} {ergonomic}
   size_t SoftMaxHeapSize                          = 1610612736                             {manageable} {ergonomic}
     bool UseCompressedClassPointers               = true                           {product lp64_product} {ergonomic}
     bool UseCompressedOops                        = true                           {product lp64_product} {ergonomic}
     bool UseG1GC                                  = true                                      {product} {ergonomic}
     bool UseLargePagesIndividualAllocation        = false                                  {pd product} {ergonomic}

Logging:
Log output configuration:
 #0: stdout all=warning uptime,level,tags
 #1: stderr all=off uptime,level,tags

Environment Variables:
JAVA_HOME=C:\Program Files\Microsoft\jdk-17.0.19.10-hotspot
CLASSPATH=.;D:\Training\java\mysql-connector-j-9.5.0.jar
PATH=D:\Training\project-a\projectvideo-app\projectvideo-frontend\node_modules\.bin;D:\Training\project-a\projectvideo-app\projectvideo-frontend\node_modules\.bin;D:\Training\project-a\projectvideo-app\node_modules\.bin;D:\Training\project-a\node_modules\.bin;D:\Training\node_modules\.bin;D:\node_modules\.bin;C:\Users\prath\AppData\Local\nvm\v20.20.2\node_modules\npm\node_modules\@npmcli\run-script\lib\node-gyp-bin;C:\Users\prath\AppData\Local\Android\Sdk;C:\Users\prath\AppData\Local\Android\Sdk\platform-tools;C:\Users\prath\AppData\Local\Android\Sdk\emulator;C:\Program Files\Microsoft\jdk-17.0.19.10-hotspot\bin;C:\Windows\Microsoft.NET\Framework64\v4.0.30319;C:\Program Files (x86)\SQlite;C:\Program Files\MySQL\MySQL Server 8.0\bin;C:\Program Files\VideoLAN\VLC\;D:\Users\prath\AppData\Roaming\Python\Python311\Scripts;C:\Program Files\Python311\Scripts\;C:\Program Files\Python311\;C:\Program Files\Common Files\Oracle\Java\javapath;C:\WINDOWS\system32;C:\WINDOWS;C:\WINDOWS\System32\Wbem;C:\WINDOWS\System32\WindowsPowerShell\v1.0\;C:\WINDOWS\System32\OpenSSH\;C:\Program Files\Java\jdk-18.0.2.1\bin;C:\Program Files\Microsoft SQL Server\140\Tools\Binn\;C:\Program Files\Git\cmd;C:\Program Files\Microsoft SQL Server\150\Tools\Binn\;C:\Program Files\Microsoft SQL Server\Client SDK\ODBC\170\Tools\Binn\;C:\Program Files\dotnet\;C:\Users\prath\AppData\Roaming\Python\Python311\Scripts;C:\Program Files\WireGuard\;C:\Program Files\CodeBlocks\MinGW\bin;C:\Program Files\mysql-connector\mysql-connector-j-9.5.0\mysql-connector-j-9.5.0.jar;C:\Program Files\PostgreSQL\13\bin;C:\Program Files\PostgreSQL\18\bin;C:\Users\prath\AppData\Local\nvm;C:\nvm4w\nodejs;C:\ProgramData\chocolatey\bin;C:\Program Files\nodejs\;C:\Users\prath\AppData\Local\Android\Sdk\platform-tools;C:\Users\prath\AppData\Local\Android\Sdk\emulator;C:\Program Files\Microsoft\jdk-17.0.19.10-hotspot\bin;C:\Users\prath\AppData\Local\Android\Sdk\platform-tools;C:\Users\prath\AppData\Local\Android\Sdk\emulator;C:\Users\prath\AppData\Local\Android\Sdk;C:\Users\prath\AppData\Local\Microsoft\WindowsApps;C:\Users\prath\.dotnet\tools;C:\Users\prath\AppData\Local\Programs\Microsoft VS Code\bin;C:\Users\prath\AppData\Local\Microsoft\GitHubDesktop\bin;C:\Users\prath\AppData\Local\GitHubDesktop\bin;C:\Users\prath\AppData\Local\Programs\Hyper\resources\bin;C:\Program Files\sf\bin;C:\Program Files\Common Files\Oracle\Java\javapath\sf\bin;C:\Users\prath\Downloads\flutter\bin;C:\Users\prath\AppData\Local\nvm;C:\nvm4w\nodejs;C:\Users\prath\AppData\Roaming\npm;C:\Users\prath\AppData\Local\Programs\Antigravity IDE\bin;C:\Users\prath\AppData\Local\Microsoft\WinGet\Packages\Gyan.FFmpeg_Microsoft.Winget.Source_8wekyb3d8bbwe\ffmpeg-8.1.2-full_build\bin;
USERNAME=prath
OS=Windows_NT
PROCESSOR_IDENTIFIER=AMD64 Family 23 Model 104 Stepping 1, AuthenticAMD
TMP=C:\Users\prath\AppData\Local\Temp
TEMP=C:\Users\prath\AppData\Local\Temp



Periodic native trim disabled


---------------  S Y S T E M  ---------------

OS:
 Windows 11 , 64 bit Build 26100 (10.0.26100.8875)
OS uptime: 0 days 1:40 hours
Hyper-V role detected

CPU: total 12 (initial active 12) (12 cores per cpu, 2 threads per core) family 23 model 104 stepping 1 microcode 0x8608103, cx8, cmov, fxsr, ht, mmx, 3dnowpref, sse, sse2, sse3, ssse3, sse4a, sse4.1, sse4.2, popcnt, lzcnt, tsc, tscinvbit, avx, avx2, aes, clmul, bmi1, bmi2, adx, sha, fma, vzeroupper, clflush, clflushopt, hv
Processor Information for the first 12 processors :
  Max Mhz: 2100, Current Mhz: 1686, Mhz Limit: 2100

Memory: 4k page, system-wide physical 5989M (372M free)
TotalPageFile size 24421M (AvailPageFile size 9M)
current process WorkingSet (physical memory assigned to process): 375M, peak: 433M
current process commit charge ("private bytes"): 544M, peak: 548M

vm_info: OpenJDK 64-Bit Server VM (17.0.19+10-LTS) for windows-amd64 JRE (17.0.19+10-LTS), built on Apr 18 2026 18:24:40 by "MicrosoftCorporation" with MS VC++ 17.14 (VS2022)

END.
