#
# There is insufficient memory for the Java Runtime Environment to continue.
# Native memory allocation (malloc) failed to allocate 1113136 bytes. Error detail: Chunk::new
# Possible reasons:
#   The system is out of physical RAM or swap space
#   This process is running with CompressedOops enabled, and the Java Heap may be blocking the growth of the native heap
# Possible solutions:
#   Reduce memory load on the system
#   Increase physical memory or swap space
#   Check if swap backing store is full
#   Decrease Java heap size (-Xmx/-Xms)
#   Decrease number of Java threads
#   Decrease Java thread stack sizes (-Xss)
#   Set larger code cache with -XX:ReservedCodeCacheSize=
#   JVM is running with Zero Based Compressed Oops mode in which the Java heap is
#     placed in the first 32GB address space. The Java Heap base address is the
#     maximum limit for the native heap growth. Please use -XX:HeapBaseMinAddress
#     to set the Java Heap base and to place the Java Heap above 32GB virtual address.
# This output file may be truncated or incomplete.
#
#  Out of Memory Error (arena.cpp:191), pid=19196, tid=33044
#
# JRE version: OpenJDK Runtime Environment Microsoft-13877129 (17.0.19+10) (build 17.0.19+10-LTS)
# Java VM: OpenJDK 64-Bit Server VM Microsoft-13877129 (17.0.19+10-LTS, mixed mode, sharing, tiered, compressed oops, compressed class ptrs, g1 gc, windows-amd64)
# No core dump will be written. Minidumps are not enabled by default on client versions of Windows
#

---------------  S U M M A R Y ------------

Command Line: --add-opens=java.base/java.lang=ALL-UNNAMED --add-opens=java.base/java.lang.invoke=ALL-UNNAMED --add-opens=java.base/java.util=ALL-UNNAMED --add-opens=java.prefs/java.util.prefs=ALL-UNNAMED --add-exports=jdk.compiler/com.sun.tools.javac.api=ALL-UNNAMED --add-exports=jdk.compiler/com.sun.tools.javac.util=ALL-UNNAMED --add-opens=java.base/java.util=ALL-UNNAMED --add-opens=java.prefs/java.util.prefs=ALL-UNNAMED --add-opens=java.base/java.nio.charset=ALL-UNNAMED --add-opens=java.base/java.net=ALL-UNNAMED --add-opens=java.base/java.util.concurrent=ALL-UNNAMED --add-opens=java.base/java.util.concurrent.atomic=ALL-UNNAMED --add-opens=java.xml/javax.xml.namespace=ALL-UNNAMED --add-opens=java.base/java.time=ALL-UNNAMED -XX:MaxMetaspaceSize=1024m -Xmx4096m -Dfile.encoding=UTF-8 -Duser.country=US -Duser.language=en -Duser.variant -javaagent:C:\Users\prath\.gradle\wrapper\dists\gradle-9.3.1-bin\23ovyewtku6u96viwx3xl3oks\gradle-9.3.1\lib\agents\gradle-instrumentation-agent-9.3.1.jar org.gradle.launcher.daemon.bootstrap.GradleDaemon 9.3.1

Host: AMD Ryzen 5 5500U with Radeon Graphics         , 12 cores, 5G,  Windows 11 , 64 bit Build 26100 (10.0.26100.8875)
Time: Tue Jul 28 22:02:53 2026 India Standard Time elapsed time: 13.129037 seconds (0d 0h 0m 13s)

---------------  T H R E A D  ---------------

Current thread (0x00000258e4626eb0):  JavaThread "C2 CompilerThread0" daemon [_thread_in_native, id=33044, stack(0x000000ec44400000,0x000000ec44500000)]


Current CompileTask:
C2:13129 2329       4       jdk.internal.org.objectweb.asm.Frame::execute (2305 bytes)

Stack: [0x000000ec44400000,0x000000ec44500000]
Native frames: (J=compiled Java code, j=interpreted, Vv=VM code, C=native code)
V  [jvm.dll+0x68cc89]  (no source info available)
V  [jvm.dll+0x845d89]  (no source info available)
V  [jvm.dll+0x847af8]  (no source info available)
V  [jvm.dll+0x848183]  (no source info available)
V  [jvm.dll+0x24d0bf]  (no source info available)
V  [jvm.dll+0xaed56]  (no source info available)
V  [jvm.dll+0xaf3fc]  (no source info available)
V  [jvm.dll+0x37186f]  (no source info available)
V  [jvm.dll+0x1c07d3]  (no source info available)
V  [jvm.dll+0x21e120]  (no source info available)
V  [jvm.dll+0x21d412]  (no source info available)
V  [jvm.dll+0x1a8db6]  (no source info available)
V  [jvm.dll+0x22dc6b]  (no source info available)
V  [jvm.dll+0x22bdf6]  (no source info available)
V  [jvm.dll+0x7fbecb]  (no source info available)
V  [jvm.dll+0x7f62cc]  (no source info available)
V  [jvm.dll+0x68e227]  (no source info available)
C  [ucrtbase.dll+0x2cd30]  (no source info available)
C  [KERNEL32.DLL+0x2e957]  (no source info available)
C  [ntdll.dll+0xaad6c]  (no source info available)


---------------  P R O C E S S  ---------------

Threads class SMR info:
_java_thread_list=0x00000258ea5ad4d0, length=22, elements={
0x00000258c14038c0, 0x00000258e45febb0, 0x00000258e4601690, 0x00000258e4617ff0,
0x00000258e46188c0, 0x00000258e4619190, 0x00000258e4619a60, 0x00000258e4626eb0,
0x00000258e46420c0, 0x00000258e4646d60, 0x00000258e4a71960, 0x00000258e4b35890,
0x00000258e9f48220, 0x00000258ea58e950, 0x00000258ea583430, 0x00000258ea6c8020,
0x00000258ea6c8500, 0x00000258ea69dc90, 0x00000258e4ced6c0, 0x00000258e4cebd70,
0x00000258e4ceb860, 0x00000258e4cedbd0
}

Java Threads: ( => current thread )
  0x00000258c14038c0 JavaThread "main" [_thread_blocked, id=32824, stack(0x000000ec43700000,0x000000ec43800000)]
  0x00000258e45febb0 JavaThread "Reference Handler" daemon [_thread_blocked, id=22072, stack(0x000000ec43e00000,0x000000ec43f00000)]
  0x00000258e4601690 JavaThread "Finalizer" daemon [_thread_blocked, id=26588, stack(0x000000ec43f00000,0x000000ec44000000)]
  0x00000258e4617ff0 JavaThread "Signal Dispatcher" daemon [_thread_blocked, id=23736, stack(0x000000ec44000000,0x000000ec44100000)]
  0x00000258e46188c0 JavaThread "Attach Listener" daemon [_thread_blocked, id=29248, stack(0x000000ec44100000,0x000000ec44200000)]
  0x00000258e4619190 JavaThread "Service Thread" daemon [_thread_blocked, id=16516, stack(0x000000ec44200000,0x000000ec44300000)]
  0x00000258e4619a60 JavaThread "Monitor Deflation Thread" daemon [_thread_blocked, id=31524, stack(0x000000ec44300000,0x000000ec44400000)]
=>0x00000258e4626eb0 JavaThread "C2 CompilerThread0" daemon [_thread_in_native, id=33044, stack(0x000000ec44400000,0x000000ec44500000)]
  0x00000258e46420c0 JavaThread "C1 CompilerThread0" daemon [_thread_blocked, id=29452, stack(0x000000ec44500000,0x000000ec44600000)]
  0x00000258e4646d60 JavaThread "Sweeper thread" daemon [_thread_blocked, id=30796, stack(0x000000ec44600000,0x000000ec44700000)]
  0x00000258e4a71960 JavaThread "Common-Cleaner" daemon [_thread_blocked, id=34124, stack(0x000000ec44700000,0x000000ec44800000)]
  0x00000258e4b35890 JavaThread "Notification Thread" daemon [_thread_blocked, id=34732, stack(0x000000ec44800000,0x000000ec44900000)]
  0x00000258e9f48220 JavaThread "Daemon health stats" [_thread_blocked, id=7356, stack(0x000000ec44e00000,0x000000ec44f00000)]
  0x00000258ea58e950 JavaThread "Incoming local TCP Connector on port 49253" [_thread_in_native, id=15152, stack(0x000000ec44f00000,0x000000ec45000000)]
  0x00000258ea583430 JavaThread "Daemon periodic checks" [_thread_blocked, id=33892, stack(0x000000ec45000000,0x000000ec45100000)]
  0x00000258ea6c8020 JavaThread "Daemon" [_thread_blocked, id=25880, stack(0x000000ec45100000,0x000000ec45200000)]
  0x00000258ea6c8500 JavaThread "Handler for socket connection from /127.0.0.1:49253 to /127.0.0.1:49254" [_thread_in_native, id=21076, stack(0x000000ec45200000,0x000000ec45300000)]
  0x00000258ea69dc90 JavaThread "Cancel handler" [_thread_blocked, id=27224, stack(0x000000ec45300000,0x000000ec45400000)]
  0x00000258e4ced6c0 JavaThread "Daemon worker" [_thread_in_Java, id=952, stack(0x000000ec45400000,0x000000ec45500000)]
  0x00000258e4cebd70 JavaThread "Asynchronous log dispatcher for DefaultDaemonConnection: socket connection from /127.0.0.1:49253 to /127.0.0.1:49254" [_thread_blocked, id=33616, stack(0x000000ec45500000,0x000000ec45600000)]
  0x00000258e4ceb860 JavaThread "Stdin handler" [_thread_blocked, id=12668, stack(0x000000ec45600000,0x000000ec45700000)]
  0x00000258e4cedbd0 JavaThread "Daemon client event forwarder" [_thread_blocked, id=34232, stack(0x000000ec45700000,0x000000ec45800000)]

Other Threads:
  0x00000258e45fa790 VMThread "VM Thread" [stack: 0x000000ec43d00000,0x000000ec43e00000] [id=32568]
  0x00000258e4b35f80 WatcherThread [stack: 0x000000ec44900000,0x000000ec44a00000] [id=9740]
  0x00000258c1472e60 GCTaskThread "GC Thread#0" [stack: 0x000000ec43800000,0x000000ec43900000] [id=16332]
  0x00000258e4c24b60 GCTaskThread "GC Thread#1" [stack: 0x000000ec44a00000,0x000000ec44b00000] [id=27256]
  0x00000258e4cf4ff0 GCTaskThread "GC Thread#2" [stack: 0x000000ec44b00000,0x000000ec44c00000] [id=31836]
  0x00000258ea0ee560 GCTaskThread "GC Thread#3" [stack: 0x000000ec44c00000,0x000000ec44d00000] [id=8724]
  0x00000258ea0ed1b0 GCTaskThread "GC Thread#4" [stack: 0x000000ec44d00000,0x000000ec44e00000] [id=31960]
  0x00000258ea0ed750 GCTaskThread "GC Thread#5" [stack: 0x000000ec45800000,0x000000ec45900000] [id=33900]
  0x00000258ea0ed480 GCTaskThread "GC Thread#6" [stack: 0x000000ec45900000,0x000000ec45a00000] [id=11136]
  0x00000258ea0edcf0 GCTaskThread "GC Thread#7" [stack: 0x000000ec45a00000,0x000000ec45b00000] [id=6908]
  0x00000258ea0edfc0 GCTaskThread "GC Thread#8" [stack: 0x000000ec45b00000,0x000000ec45c00000] [id=23912]
  0x00000258ea0ee290 GCTaskThread "GC Thread#9" [stack: 0x000000ec45c00000,0x000000ec45d00000] [id=4244]
  0x00000258c1484e40 ConcurrentGCThread "G1 Main Marker" [stack: 0x000000ec43900000,0x000000ec43a00000] [id=7724]
  0x00000258c1487190 ConcurrentGCThread "G1 Conc#0" [stack: 0x000000ec43a00000,0x000000ec43b00000] [id=24188]
  0x00000258e44b6b20 ConcurrentGCThread "G1 Refine#0" [stack: 0x000000ec43b00000,0x000000ec43c00000] [id=24508]
  0x00000258e44b7310 ConcurrentGCThread "G1 Service" [stack: 0x000000ec43c00000,0x000000ec43d00000] [id=16328]

Threads with active compile tasks:
C2 CompilerThread0  13262 2329       4       jdk.internal.org.objectweb.asm.Frame::execute (2305 bytes)

VM state: not at safepoint (normal execution)

VM Mutex/Monitor currently owned by a thread: None

Heap address: 0x0000000700000000, size: 4096 MB, Compressed Oops mode: Zero based, Oop shift amount: 3

CDS archive(s) mapped at: [0x0000025880000000-0x0000025880bb0000-0x0000025880bb0000), size 12255232, SharedBaseAddress: 0x0000025880000000, ArchiveRelocationMode: 1.
Compressed class space mapped at: 0x0000025881000000-0x00000258b5000000, reserved size: 872415232
Narrow klass base: 0x0000025880000000, Narrow klass shift: 0, Narrow klass range: 0x100000000

GC Precious Log:
 CPUs: 12 total, 12 available
 Memory: 5989M
 Large Page Support: Disabled
 NUMA Support: Disabled
 Compressed Oops: Enabled (Zero based)
 Heap Region Size: 2M
 Heap Min Capacity: 8M
 Heap Initial Capacity: 94M
 Heap Max Capacity: 4G
 Pre-touch: Disabled
 Parallel Workers: 10
 Concurrent Workers: 3
 Concurrent Refinement Workers: 10
 Periodic GC: Disabled

Heap:
 garbage-first heap   total 96256K, used 35328K [0x0000000700000000, 0x0000000800000000)
  region size 2048K, 11 young (22528K), 3 survivors (6144K)
 Metaspace       used 14024K, committed 14272K, reserved 917504K
  class space    used 1913K, committed 2048K, reserved 851968K

Heap Regions: E=young(eden), S=young(survivor), O=old, HS=humongous(starts), HC=humongous(continues), CS=collection set, F=free, OA=open archive, CA=closed archive, TAMS=top-at-mark-start (previous, next)
|   0|0x0000000700000000, 0x0000000700200000, 0x0000000700200000|100%|HS|  |TAMS 0x0000000700000000, 0x0000000700000000| Complete 
|   1|0x0000000700200000, 0x0000000700400000, 0x0000000700400000|100%|HC|  |TAMS 0x0000000700200000, 0x0000000700200000| Complete 
|   2|0x0000000700400000, 0x0000000700600000, 0x0000000700600000|100%| O|  |TAMS 0x0000000700400000, 0x0000000700400000| Untracked 
|   3|0x0000000700600000, 0x0000000700800000, 0x0000000700800000|100%| O|  |TAMS 0x0000000700600000, 0x0000000700600000| Untracked 
|   4|0x0000000700800000, 0x0000000700a00000, 0x0000000700a00000|100%| O|  |TAMS 0x0000000700800000, 0x0000000700800000| Untracked 
|   5|0x0000000700a00000, 0x0000000700c00000, 0x0000000700c00000|100%| O|  |TAMS 0x0000000700a00000, 0x0000000700a00000| Untracked 
|   6|0x0000000700c00000, 0x0000000700e00000, 0x0000000700e00000|100%| O|  |TAMS 0x0000000700c00000, 0x0000000700c00000| Untracked 
|   7|0x0000000700e00000, 0x0000000701000000, 0x0000000701000000|100%| O|  |TAMS 0x0000000700e00000, 0x0000000700e00000| Untracked 
|   8|0x0000000701000000, 0x0000000701065200, 0x0000000701200000| 19%| O|  |TAMS 0x0000000701000000, 0x0000000701000000| Untracked 
|   9|0x0000000701200000, 0x0000000701200000, 0x0000000701400000|  0%| F|  |TAMS 0x0000000701200000, 0x0000000701200000| Untracked 
|  10|0x0000000701400000, 0x0000000701400000, 0x0000000701600000|  0%| F|  |TAMS 0x0000000701400000, 0x0000000701400000| Untracked 
|  11|0x0000000701600000, 0x0000000701600000, 0x0000000701800000|  0%| F|  |TAMS 0x0000000701600000, 0x0000000701600000| Untracked 
|  12|0x0000000701800000, 0x0000000701800000, 0x0000000701a00000|  0%| F|  |TAMS 0x0000000701800000, 0x0000000701800000| Untracked 
|  13|0x0000000701a00000, 0x0000000701a00000, 0x0000000701c00000|  0%| F|  |TAMS 0x0000000701a00000, 0x0000000701a00000| Untracked 
|  14|0x0000000701c00000, 0x0000000701c00000, 0x0000000701e00000|  0%| F|  |TAMS 0x0000000701c00000, 0x0000000701c00000| Untracked 
|  15|0x0000000701e00000, 0x0000000701e00000, 0x0000000702000000|  0%| F|  |TAMS 0x0000000701e00000, 0x0000000701e00000| Untracked 
|  16|0x0000000702000000, 0x0000000702000000, 0x0000000702200000|  0%| F|  |TAMS 0x0000000702000000, 0x0000000702000000| Untracked 
|  17|0x0000000702200000, 0x0000000702200000, 0x0000000702400000|  0%| F|  |TAMS 0x0000000702200000, 0x0000000702200000| Untracked 
|  18|0x0000000702400000, 0x0000000702400000, 0x0000000702600000|  0%| F|  |TAMS 0x0000000702400000, 0x0000000702400000| Untracked 
|  19|0x0000000702600000, 0x0000000702600000, 0x0000000702800000|  0%| F|  |TAMS 0x0000000702600000, 0x0000000702600000| Untracked 
|  20|0x0000000702800000, 0x0000000702800000, 0x0000000702a00000|  0%| F|  |TAMS 0x0000000702800000, 0x0000000702800000| Untracked 
|  21|0x0000000702a00000, 0x0000000702a00000, 0x0000000702c00000|  0%| F|  |TAMS 0x0000000702a00000, 0x0000000702a00000| Untracked 
|  22|0x0000000702c00000, 0x0000000702c00000, 0x0000000702e00000|  0%| F|  |TAMS 0x0000000702c00000, 0x0000000702c00000| Untracked 
|  23|0x0000000702e00000, 0x0000000702e1b090, 0x0000000703000000|  5%| S|CS|TAMS 0x0000000702e00000, 0x0000000702e00000| Complete 
|  24|0x0000000703000000, 0x0000000703200000, 0x0000000703200000|100%| S|CS|TAMS 0x0000000703000000, 0x0000000703000000| Complete 
|  25|0x0000000703200000, 0x0000000703400000, 0x0000000703400000|100%| S|CS|TAMS 0x0000000703200000, 0x0000000703200000| Complete 
|  26|0x0000000703400000, 0x0000000703400000, 0x0000000703600000|  0%| F|  |TAMS 0x0000000703400000, 0x0000000703400000| Untracked 
|  27|0x0000000703600000, 0x0000000703600000, 0x0000000703800000|  0%| F|  |TAMS 0x0000000703600000, 0x0000000703600000| Untracked 
|  28|0x0000000703800000, 0x0000000703800000, 0x0000000703a00000|  0%| F|  |TAMS 0x0000000703800000, 0x0000000703800000| Untracked 
|  29|0x0000000703a00000, 0x0000000703a00000, 0x0000000703c00000|  0%| F|  |TAMS 0x0000000703a00000, 0x0000000703a00000| Untracked 
|  30|0x0000000703c00000, 0x0000000703c00000, 0x0000000703e00000|  0%| F|  |TAMS 0x0000000703c00000, 0x0000000703c00000| Untracked 
|  31|0x0000000703e00000, 0x0000000703e00000, 0x0000000704000000|  0%| F|  |TAMS 0x0000000703e00000, 0x0000000703e00000| Untracked 
|  32|0x0000000704000000, 0x0000000704000000, 0x0000000704200000|  0%| F|  |TAMS 0x0000000704000000, 0x0000000704000000| Untracked 
|  33|0x0000000704200000, 0x0000000704200000, 0x0000000704400000|  0%| F|  |TAMS 0x0000000704200000, 0x0000000704200000| Untracked 
|  34|0x0000000704400000, 0x0000000704400000, 0x0000000704600000|  0%| F|  |TAMS 0x0000000704400000, 0x0000000704400000| Untracked 
|  35|0x0000000704600000, 0x0000000704600000, 0x0000000704800000|  0%| F|  |TAMS 0x0000000704600000, 0x0000000704600000| Untracked 
|  36|0x0000000704800000, 0x0000000704800000, 0x0000000704a00000|  0%| F|  |TAMS 0x0000000704800000, 0x0000000704800000| Untracked 
|  37|0x0000000704a00000, 0x0000000704a00000, 0x0000000704c00000|  0%| F|  |TAMS 0x0000000704a00000, 0x0000000704a00000| Untracked 
|  38|0x0000000704c00000, 0x0000000704c00000, 0x0000000704e00000|  0%| F|  |TAMS 0x0000000704c00000, 0x0000000704c00000| Untracked 
|  39|0x0000000704e00000, 0x0000000704ed2378, 0x0000000705000000| 41%| E|  |TAMS 0x0000000704e00000, 0x0000000704e00000| Complete 
|  40|0x0000000705000000, 0x0000000705200000, 0x0000000705200000|100%| E|CS|TAMS 0x0000000705000000, 0x0000000705000000| Complete 
|  41|0x0000000705200000, 0x0000000705400000, 0x0000000705400000|100%| E|CS|TAMS 0x0000000705200000, 0x0000000705200000| Complete 
|  42|0x0000000705400000, 0x0000000705600000, 0x0000000705600000|100%| E|CS|TAMS 0x0000000705400000, 0x0000000705400000| Complete 
|  43|0x0000000705600000, 0x0000000705800000, 0x0000000705800000|100%| E|CS|TAMS 0x0000000705600000, 0x0000000705600000| Complete 
|  44|0x0000000705800000, 0x0000000705a00000, 0x0000000705a00000|100%| E|CS|TAMS 0x0000000705800000, 0x0000000705800000| Complete 
|  45|0x0000000705a00000, 0x0000000705c00000, 0x0000000705c00000|100%| E|CS|TAMS 0x0000000705a00000, 0x0000000705a00000| Complete 
|  46|0x0000000705c00000, 0x0000000705e00000, 0x0000000705e00000|100%| E|CS|TAMS 0x0000000705c00000, 0x0000000705c00000| Complete 

Card table byte_map: [0x00000258d8cf0000,0x00000258d94f0000] _byte_map_base: 0x00000258d54f0000

Marking Bits (Prev, Next): (CMBitMap*) 0x00000258c14733a0, (CMBitMap*) 0x00000258c14733e0
 Prev Bits: [0x00000258d9cf0000, 0x00000258ddcf0000)
 Next Bits: [0x00000258ddcf0000, 0x00000258e1cf0000)

Polling page: 0x00000258bf220000

Metaspace:

Usage:
  Non-class:     11.84 MB used.
      Class:      1.87 MB used.
       Both:     13.71 MB used.

Virtual space:
  Non-class space:       64.00 MB reserved,      11.94 MB ( 19%) committed,  1 nodes.
      Class space:      832.00 MB reserved,       2.00 MB ( <1%) committed,  1 nodes.
             Both:      896.00 MB reserved,      13.94 MB (  2%) committed. 

Chunk freelists:
   Non-Class:  3.62 MB
       Class:  14.00 MB
        Both:  17.62 MB

MaxMetaspaceSize: 1.00 GB
CompressedClassSpaceSize: 832.00 MB
Initial GC threshold: 21.00 MB
Current GC threshold: 21.00 MB
CDS: on
MetaspaceReclaimPolicy: balanced
 - commit_granule_bytes: 65536.
 - commit_granule_words: 8192.
 - virtual_space_node_default_size: 8388608.
 - enlarge_chunks_in_place: 1.
 - new_chunks_are_fully_committed: 0.
 - uncommit_free_chunks: 1.
 - use_allocation_guard: 0.
 - handle_deallocations: 1.


Internal statistics:

num_allocs_failed_limit: 0.
num_arena_births: 166.
num_arena_deaths: 0.
num_vsnodes_births: 2.
num_vsnodes_deaths: 0.
num_space_committed: 223.
num_space_uncommitted: 0.
num_chunks_returned_to_freelist: 0.
num_chunks_taken_from_freelist: 584.
num_chunk_merges: 0.
num_chunk_splits: 394.
num_chunks_enlarged: 301.
num_inconsistent_stats: 0.

CodeHeap 'non-profiled nmethods': size=120000Kb used=1122Kb max_used=1122Kb free=118877Kb
 bounds [0x00000258d0a60000, 0x00000258d0cd0000, 0x00000258d7f90000]
CodeHeap 'profiled nmethods': size=120000Kb used=4770Kb max_used=4770Kb free=115229Kb
 bounds [0x00000258c8f90000, 0x00000258c9440000, 0x00000258d04c0000]
CodeHeap 'non-nmethods': size=5760Kb used=1218Kb max_used=1237Kb free=4541Kb
 bounds [0x00000258d04c0000, 0x00000258d0730000, 0x00000258d0a60000]
 total_blobs=2900 nmethods=2379 adapters=433
 compilation: enabled
              stopped_count=0, restarted_count=0
 full_count=0

Compilation events (20 events):
Event: 11.804 Thread 0x00000258e46420c0 2354       1       org.gradle.initialization.DefaultLegacyTypesSupport::getSyntheticClasses (5 bytes)
Event: 11.804 Thread 0x00000258e46420c0 nmethod 2354 0x00000258d0b77690 code [0x00000258d0b77820, 0x00000258d0b778f8]
Event: 11.809 Thread 0x00000258e46420c0 2355       3       sun.reflect.annotation.AnnotationParser::parseClassArray (19 bytes)
Event: 11.810 Thread 0x00000258e46420c0 nmethod 2355 0x00000258c9429c90 code [0x00000258c9429ea0, 0x00000258c942a818]
Event: 11.810 Thread 0x00000258e46420c0 2356       3       sun.reflect.annotation.AnnotationParser$$Lambda$35/0x000002588105a7f8::<init> (20 bytes)
Event: 11.810 Thread 0x00000258e46420c0 nmethod 2356 0x00000258c942ab10 code [0x00000258c942acc0, 0x00000258c942af58]
Event: 12.080 Thread 0x00000258e46420c0 2359       3       jdk.internal.misc.Unsafe::putReferenceOpaque (9 bytes)
Event: 12.080 Thread 0x00000258e46420c0 nmethod 2359 0x00000258c942b010 code [0x00000258c942b1a0, 0x00000258c942b318]
Event: 12.080 Thread 0x00000258e46420c0 2360       3       java.util.concurrent.locks.AbstractQueuedSynchronizer$ConditionObject::canReacquire (38 bytes)
Event: 12.081 Thread 0x00000258e46420c0 nmethod 2360 0x00000258c942b390 code [0x00000258c942b560, 0x00000258c942b8d8]
Event: 12.126 Thread 0x00000258e46420c0 2361       3       java.util.concurrent.locks.LockSupport::setBlocker (12 bytes)
Event: 12.126 Thread 0x00000258e46420c0 nmethod 2361 0x00000258c942ba90 code [0x00000258c942bc40, 0x00000258c942be48]
Event: 12.202 Thread 0x00000258e46420c0 2363       1       org.gradle.launcher.daemon.server.exec.DaemonConnectionBackedEventConsumer::access$000 (5 bytes)
Event: 12.202 Thread 0x00000258e46420c0 nmethod 2363 0x00000258d0b78590 code [0x00000258d0b78720, 0x00000258d0b787d8]
Event: 12.632 Thread 0x00000258e46420c0 2364       3       java.util.concurrent.locks.ReentrantLock$NonfairSync::initialTryLock (58 bytes)
Event: 12.633 Thread 0x00000258e46420c0 nmethod 2364 0x00000258c942bf10 code [0x00000258c942c100, 0x00000258c942c518]
Event: 12.664 Thread 0x00000258e46420c0 2365       3       java.util.Collection::stream (11 bytes)
Event: 12.664 Thread 0x00000258e46420c0 nmethod 2365 0x00000258c942c610 code [0x00000258c942c7c0, 0x00000258c942c9b8]
Event: 12.664 Thread 0x00000258e46420c0 2366       3       java.util.concurrent.locks.ReentrantLock::unlock (10 bytes)
Event: 12.665 Thread 0x00000258e46420c0 nmethod 2366 0x00000258c942ca90 code [0x00000258c942cc60, 0x00000258c942cf38]

GC Heap History (8 events):
Event: 1.093 GC heap before
{Heap before GC invocations=0 (full 0):
 garbage-first heap   total 96256K, used 20480K [0x0000000700000000, 0x0000000800000000)
  region size 2048K, 11 young (22528K), 0 survivors (0K)
 Metaspace       used 819K, committed 960K, reserved 917504K
  class space    used 60K, committed 128K, reserved 851968K
}
Event: 1.100 GC heap after
{Heap after GC invocations=1 (full 0):
 garbage-first heap   total 96256K, used 1440K [0x0000000700000000, 0x0000000800000000)
  region size 2048K, 1 young (2048K), 1 survivors (2048K)
 Metaspace       used 819K, committed 960K, reserved 917504K
  class space    used 60K, committed 128K, reserved 851968K
}
Event: 3.533 GC heap before
{Heap before GC invocations=1 (full 0):
 garbage-first heap   total 96256K, used 42400K [0x0000000700000000, 0x0000000800000000)
  region size 2048K, 19 young (38912K), 1 survivors (2048K)
 Metaspace       used 4563K, committed 4736K, reserved 917504K
  class space    used 572K, committed 640K, reserved 851968K
}
Event: 3.547 GC heap after
{Heap after GC invocations=2 (full 0):
 garbage-first heap   total 96256K, used 11676K [0x0000000700000000, 0x0000000800000000)
  region size 2048K, 3 young (6144K), 3 survivors (6144K)
 Metaspace       used 4563K, committed 4736K, reserved 917504K
  class space    used 572K, committed 640K, reserved 851968K
}
Event: 6.333 GC heap before
{Heap before GC invocations=2 (full 0):
 garbage-first heap   total 96256K, used 54684K [0x0000000700000000, 0x0000000800000000)
  region size 2048K, 25 young (51200K), 3 survivors (6144K)
 Metaspace       used 4644K, committed 4800K, reserved 917504K
  class space    used 573K, committed 640K, reserved 851968K
}
Event: 6.348 GC heap after
{Heap after GC invocations=3 (full 0):
 garbage-first heap   total 96256K, used 16820K [0x0000000700000000, 0x0000000800000000)
  region size 2048K, 3 young (6144K), 3 survivors (6144K)
 Metaspace       used 4644K, committed 4800K, reserved 917504K
  class space    used 573K, committed 640K, reserved 851968K
}
Event: 10.354 GC heap before
{Heap before GC invocations=3 (full 0):
 garbage-first heap   total 96256K, used 59828K [0x0000000700000000, 0x0000000800000000)
  region size 2048K, 24 young (49152K), 3 survivors (6144K)
 Metaspace       used 11731K, committed 11968K, reserved 917504K
  class space    used 1577K, committed 1664K, reserved 851968K
}
Event: 10.374 GC heap after
{Heap after GC invocations=4 (full 0):
 garbage-first heap   total 96256K, used 20992K [0x0000000700000000, 0x0000000800000000)
  region size 2048K, 3 young (6144K), 3 survivors (6144K)
 Metaspace       used 11731K, committed 11968K, reserved 917504K
  class space    used 1577K, committed 1664K, reserved 851968K
}

Dll operation events (15 events):
Event: 0.034 Loaded shared library C:\Program Files\Microsoft\jdk-17.0.19.10-hotspot\bin\java.dll
Event: 0.065 Loaded shared library C:\Program Files\Microsoft\jdk-17.0.19.10-hotspot\bin\jsvml.dll
Event: 0.173 Loaded shared library C:\Program Files\Microsoft\jdk-17.0.19.10-hotspot\bin\zip.dll
Event: 0.182 Loaded shared library C:\Program Files\Microsoft\jdk-17.0.19.10-hotspot\bin\instrument.dll
Event: 0.193 Loaded shared library C:\Program Files\Microsoft\jdk-17.0.19.10-hotspot\bin\net.dll
Event: 0.199 Loaded shared library C:\Program Files\Microsoft\jdk-17.0.19.10-hotspot\bin\nio.dll
Event: 0.205 Loaded shared library C:\Program Files\Microsoft\jdk-17.0.19.10-hotspot\bin\zip.dll
Event: 1.116 Loaded shared library C:\Program Files\Microsoft\jdk-17.0.19.10-hotspot\bin\jimage.dll
Event: 1.873 Loaded shared library C:\Program Files\Microsoft\jdk-17.0.19.10-hotspot\bin\verify.dll
Event: 1.974 Loaded shared library C:\Users\prath\.gradle\native\660c5614fbf4a5f2a75b1949f50a0caf5cd603558e7d8a26e50b933a0cfb79d1\windows-amd64\native-platform.dll
Event: 2.028 Loaded shared library C:\Users\prath\.gradle\native\0.2.8\x86_64-windows-gnu\gradle-fileevents.dll
Event: 7.538 Loaded shared library C:\Program Files\Microsoft\jdk-17.0.19.10-hotspot\bin\management.dll
Event: 7.548 Loaded shared library C:\Program Files\Microsoft\jdk-17.0.19.10-hotspot\bin\management_ext.dll
Event: 8.310 Loaded shared library C:\Program Files\Microsoft\jdk-17.0.19.10-hotspot\bin\extnet.dll
Event: 9.523 Loaded shared library C:\Program Files\Microsoft\jdk-17.0.19.10-hotspot\bin\sunmscapi.dll

Deoptimization events (20 events):
Event: 10.517 Thread 0x00000258e4ced6c0 Uncommon trap: trap_request=0xffffffc6 fr.pc=0x00000258d0b059dc relative=0x0000000000000b5c
Event: 10.517 Thread 0x00000258e4ced6c0 Uncommon trap: reason=bimorphic_or_optimized_type_check action=maybe_recompile pc=0x00000258d0b059dc method=java.util.HashMap.getNode(Ljava/lang/Object;)Ljava/util/HashMap$Node; @ 63 c2
Event: 10.517 Thread 0x00000258e4ced6c0 DEOPT PACKING pc=0x00000258d0b059dc sp=0x000000ec454fba80
Event: 10.517 Thread 0x00000258e4ced6c0 DEOPT UNPACKING pc=0x00000258d05169a3 sp=0x000000ec454fb9b8 mode 2
Event: 10.517 Thread 0x00000258e4ced6c0 Uncommon trap: trap_request=0xffffffc6 fr.pc=0x00000258d0b059dc relative=0x0000000000000b5c
Event: 10.517 Thread 0x00000258e4ced6c0 Uncommon trap: reason=bimorphic_or_optimized_type_check action=maybe_recompile pc=0x00000258d0b059dc method=java.util.HashMap.getNode(Ljava/lang/Object;)Ljava/util/HashMap$Node; @ 63 c2
Event: 10.517 Thread 0x00000258e4ced6c0 DEOPT PACKING pc=0x00000258d0b059dc sp=0x000000ec454fba80
Event: 10.517 Thread 0x00000258e4ced6c0 DEOPT UNPACKING pc=0x00000258d05169a3 sp=0x000000ec454fb9b8 mode 2
Event: 10.517 Thread 0x00000258e4ced6c0 Uncommon trap: trap_request=0xffffff45 fr.pc=0x00000258d0aa38cc relative=0x000000000000050c
Event: 10.517 Thread 0x00000258e4ced6c0 Uncommon trap: reason=unstable_if action=reinterpret pc=0x00000258d0aa38cc method=java.util.HashMap.getNode(Ljava/lang/Object;)Ljava/util/HashMap$Node; @ 66 c2
Event: 10.517 Thread 0x00000258e4ced6c0 DEOPT PACKING pc=0x00000258d0aa38cc sp=0x000000ec454fba30
Event: 10.517 Thread 0x00000258e4ced6c0 DEOPT UNPACKING pc=0x00000258d05169a3 sp=0x000000ec454fb9c0 mode 2
Event: 10.565 Thread 0x00000258e4ced6c0 Uncommon trap: trap_request=0xffffff45 fr.pc=0x00000258d0b19048 relative=0x00000000000002a8
Event: 10.565 Thread 0x00000258e4ced6c0 Uncommon trap: reason=unstable_if action=reinterpret pc=0x00000258d0b19048 method=java.util.concurrent.ConcurrentHashMap.get(Ljava/lang/Object;)Ljava/lang/Object; @ 152 c2
Event: 10.565 Thread 0x00000258e4ced6c0 DEOPT PACKING pc=0x00000258d0b19048 sp=0x000000ec454faf10
Event: 10.565 Thread 0x00000258e4ced6c0 DEOPT UNPACKING pc=0x00000258d05169a3 sp=0x000000ec454fae78 mode 2
Event: 10.585 Thread 0x00000258e4ced6c0 Uncommon trap: trap_request=0xffffff45 fr.pc=0x00000258d0b1fc3c relative=0x000000000000019c
Event: 10.585 Thread 0x00000258e4ced6c0 Uncommon trap: reason=unstable_if action=reinterpret pc=0x00000258d0b1fc3c method=java.util.WeakHashMap.expungeStaleEntries()V @ 9 c2
Event: 10.585 Thread 0x00000258e4ced6c0 DEOPT PACKING pc=0x00000258d0b1fc3c sp=0x000000ec454fab30
Event: 10.585 Thread 0x00000258e4ced6c0 DEOPT UNPACKING pc=0x00000258d05169a3 sp=0x000000ec454faac8 mode 2

Classes loaded (20 events):
Event: 10.562 Loading class jdk/internal/vm/annotation/IntrinsicCandidate
Event: 10.563 Loading class jdk/internal/vm/annotation/IntrinsicCandidate done
Event: 10.574 Loading class java/util/stream/MatchOps$MatchKind
Event: 10.575 Loading class java/util/stream/MatchOps$MatchKind done
Event: 10.575 Loading class java/util/stream/MatchOps
Event: 10.576 Loading class java/util/stream/MatchOps done
Event: 10.576 Loading class java/util/stream/MatchOps$MatchOp
Event: 10.577 Loading class java/util/stream/MatchOps$MatchOp done
Event: 10.577 Loading class java/util/stream/MatchOps$BooleanTerminalSink
Event: 10.577 Loading class java/util/stream/MatchOps$BooleanTerminalSink done
Event: 10.578 Loading class java/util/stream/MatchOps$1MatchSink
Event: 10.579 Loading class java/util/stream/MatchOps$1MatchSink done
Event: 10.692 Loading class java/lang/TypeNotPresentException
Event: 10.693 Loading class java/lang/TypeNotPresentException done
Event: 10.772 Loading class java/lang/invoke/MethodHandle$1
Event: 10.773 Loading class java/lang/invoke/MethodHandle$1 done
Event: 10.899 Loading class java/util/ConcurrentModificationException
Event: 10.900 Loading class java/util/ConcurrentModificationException done
Event: 11.052 Loading class sun/reflect/generics/scope/ConstructorScope
Event: 11.054 Loading class sun/reflect/generics/scope/ConstructorScope done

Classes unloaded (0 events):
No events

Classes redefined (0 events):
No events

Internal exceptions (20 events):
Event: 2.178 Thread 0x00000258c14038c0 Exception <a 'java/lang/NoSuchMethodError'{0x0000000704ea07b8}: 'java.lang.Object java.lang.invoke.DirectMethodHandle$Holder.invokeVirtual(java.lang.Object, java.lang.Object, java.lang.Object)'> (0x0000000704ea07b8) 
thrown [s\src\hotspot\share\interpreter\linkResolver.cpp, line 759]
Event: 2.333 Thread 0x00000258c14038c0 Exception <a 'java/lang/NoSuchMethodError'{0x0000000704ee62b8}: 'java.lang.Object java.lang.invoke.DirectMethodHandle$Holder.invokeInterface(java.lang.Object, java.lang.Object)'> (0x0000000704ee62b8) 
thrown [s\src\hotspot\share\interpreter\linkResolver.cpp, line 759]
Event: 2.421 Thread 0x00000258c14038c0 Exception <a 'java/lang/NoSuchMethodError'{0x0000000704fc3470}: 'int java.lang.invoke.DirectMethodHandle$Holder.invokeStatic(java.lang.Object)'> (0x0000000704fc3470) 
thrown [s\src\hotspot\share\interpreter\linkResolver.cpp, line 759]
Event: 2.422 Thread 0x00000258c14038c0 Exception <a 'java/lang/NoSuchMethodError'{0x0000000704fc6920}: 'int java.lang.invoke.DirectMethodHandle$Holder.invokeStaticInit(java.lang.Object)'> (0x0000000704fc6920) 
thrown [s\src\hotspot\share\interpreter\linkResolver.cpp, line 759]
Event: 7.532 Thread 0x00000258c14038c0 Exception <a 'java/lang/NoSuchMethodError'{0x0000000704c70988}: 'java.lang.Object java.lang.invoke.DirectMethodHandle$Holder.invokeStaticInit(java.lang.Object)'> (0x0000000704c70988) 
thrown [s\src\hotspot\share\interpreter\linkResolver.cpp, line 759]
Event: 8.318 Thread 0x00000258c14038c0 Exception <a 'java/lang/NoSuchMethodError'{0x00000007048b9088}: 'void java.lang.invoke.DirectMethodHandle$Holder.invokeStatic(java.lang.Object, java.lang.Object, java.lang.Object)'> (0x00000007048b9088) 
thrown [s\src\hotspot\share\interpreter\linkResolver.cpp, line 759]
Event: 8.548 Thread 0x00000258c14038c0 Exception <a 'java/lang/NoSuchMethodError'{0x00000007047d99b0}: 'java.lang.Object java.lang.invoke.DirectMethodHandle$Holder.invokeStaticInit(java.lang.Object, int, int, int, int)'> (0x00000007047d99b0) 
thrown [s\src\hotspot\share\interpreter\linkResolver.cpp, line 759]
Event: 9.070 Thread 0x00000258c14038c0 Exception <a 'java/lang/NoSuchMethodError'{0x00000007044a3508}: 'java.lang.Object java.lang.invoke.DirectMethodHandle$Holder.invokeStaticInit(java.lang.Object, java.lang.Object, int, int, int, int)'> (0x00000007044a3508) 
thrown [s\src\hotspot\share\interpreter\linkResolver.cpp, line 759]
Event: 9.338 Thread 0x00000258c14038c0 Exception <a 'java/io/IOException'{0x0000000704390008}> (0x0000000704390008) 
thrown [s\src\hotspot\share\prims\jni.cpp, line 516]
Event: 9.354 Thread 0x00000258c14038c0 Implicit null exception at 0x00000258d0afd855 to 0x00000258d0afde20
Event: 9.369 Thread 0x00000258c14038c0 Exception <a 'java/lang/NoSuchMethodError'{0x00000007043f8728}: 'java.lang.Object java.lang.invoke.DirectMethodHandle$Holder.newInvokeSpecial(java.lang.Object, java.lang.Object, java.lang.Object, java.lang.Object, java.lang.Object)'> (0x00000007043f8728) 
thrown [s\src\hotspot\share\interpreter\linkResolver.cpp, line 759]
Event: 9.810 Thread 0x00000258ea6c8020 Exception <a 'java/lang/NoSuchMethodError'{0x0000000703d5af80}: 'void java.lang.invoke.DirectMethodHandle$Holder.invokeSpecial(java.lang.Object, java.lang.Object, java.lang.Object)'> (0x0000000703d5af80) 
thrown [s\src\hotspot\share\interpreter\linkResolver.cpp, line 759]
Event: 10.088 Thread 0x00000258e4ced6c0 Exception <a 'java/lang/NoSuchMethodError'{0x00000007039cfdc8}: 'long java.lang.invoke.DirectMethodHandle$Holder.invokeInterface(java.lang.Object, java.lang.Object)'> (0x00000007039cfdc8) 
thrown [s\src\hotspot\share\interpreter\linkResolver.cpp, line 759]
Event: 10.345 Thread 0x00000258e4ced6c0 Exception <a 'java/lang/NoSuchMethodError'{0x00000007035e74c8}: 'void java.lang.invoke.DirectMethodHandle$Holder.invokeStatic(java.lang.Object, java.lang.Object)'> (0x00000007035e74c8) 
thrown [s\src\hotspot\share\interpreter\linkResolver.cpp, line 759]
Event: 10.580 Thread 0x00000258e4ced6c0 Exception <a 'java/lang/NoSuchMethodError'{0x0000000705abfde8}: 'int java.lang.invoke.DirectMethodHandle$Holder.invokeVirtual(java.lang.Object, java.lang.Object, java.lang.Object)'> (0x0000000705abfde8) 
thrown [s\src\hotspot\share\interpreter\linkResolver.cpp, line 759]
Event: 10.790 Thread 0x00000258e4ced6c0 Exception <a 'java/lang/NoSuchMethodError'{0x00000007059b89f8}: 'java.lang.Object java.lang.invoke.DirectMethodHandle$Holder.newInvokeSpecial(java.lang.Object, java.lang.Object, java.lang.Object, java.lang.Object, java.lang.Object, java.lang.Object)'> (0x00000007059b89f8) 
thrown [s\src\hotspot\share\interpreter\linkResolver.cpp, line 759]
Event: 11.251 Thread 0x00000258e4ced6c0 Exception <a 'java/lang/NoSuchMethodError'{0x00000007054bad48}: 'void java.lang.invoke.DelegatingMethodHandle$Holder.reinvoke_L(java.lang.Object, java.lang.Object, java.lang.Object, java.lang.Object, java.lang.Object, java.lang.Object, java.lang.Object, java.lang.Object, java.lang.Object, java.lang.Object)'> (0x00000007054bad48) 
thrown [s\src\hotspot\share\interpreter\linkResolver.cpp, line 759]
Event: 11.281 Thread 0x00000258e4ced6c0 Exception <a 'java/lang/NoSuchMethodError'{0x00000007054c32f8}: 'java.lang.Object java.lang.invoke.DirectMethodHandle$Holder.invokeSpecial(java.lang.Object, java.lang.Object, java.lang.Object, java.lang.Object, java.lang.Object, java.lang.Object, java.lang.Object, java.lang.Object, java.lang.Object, java.lang.Object)'> (0x00000007054c32f8) 
thrown [s\src\hotspot\share\interpreter\linkResolver.cpp, line 759]
Event: 11.319 Thread 0x00000258e4ced6c0 Exception <a 'java/lang/NoSuchMethodError'{0x00000007054c7bc8}: 'java.lang.Object java.lang.invoke.Invokers$Holder.invoker(java.lang.Object, java.lang.Object, java.lang.Object, java.lang.Object, java.lang.Object, java.lang.Object, java.lang.Object, java.lang.Object, java.lang.Object, java.lang.Object)'> (0x00000007054c7bc8) 
thrown [s\src\hotspot\share\interpreter\linkResolver.cpp, line 759]
Event: 11.321 Thread 0x00000258e4ced6c0 Exception <a 'java/lang/NoSuchMethodError'{0x00000007054cd7d0}: 'java.lang.Object java.lang.invoke.DirectMethodHandle$Holder.invokeSpecial(java.lang.Object, java.lang.Object, java.lang.Object, java.lang.Object, java.lang.Object, java.lang.Object, java.lang.Object, java.lang.Object, java.lang.Object, java.lang.Object, java.lang.Object)'> (0x00000007054cd7d0) 
thrown [s\src\hotspot\share\interpreter\linkResolver.cpp, line 759]

VM Operations (20 events):
Event: 8.299 Executing VM operation: HandshakeAllThreads
Event: 8.299 Executing VM operation: HandshakeAllThreads done
Event: 8.498 Executing VM operation: HandshakeAllThreads
Event: 8.498 Executing VM operation: HandshakeAllThreads done
Event: 8.498 Executing VM operation: Cleanup
Event: 8.498 Executing VM operation: Cleanup done
Event: 8.668 Executing VM operation: HandshakeAllThreads
Event: 8.668 Executing VM operation: HandshakeAllThreads done
Event: 9.034 Executing VM operation: HandshakeAllThreads
Event: 9.034 Executing VM operation: HandshakeAllThreads done
Event: 9.569 Executing VM operation: HandshakeAllThreads
Event: 9.569 Executing VM operation: HandshakeAllThreads done
Event: 9.569 Executing VM operation: Cleanup
Event: 9.569 Executing VM operation: Cleanup done
Event: 10.353 Executing VM operation: G1CollectForAllocation
Event: 10.374 Executing VM operation: G1CollectForAllocation done
Event: 11.381 Executing VM operation: Cleanup
Event: 11.426 Executing VM operation: Cleanup done
Event: 12.431 Executing VM operation: Cleanup
Event: 12.431 Executing VM operation: Cleanup done

Memory protections (0 events):
No events

Nmethod flushes (0 events):
No events

Events (20 events):
Event: 0.070 Thread 0x00000258c14038c0 Thread added: 0x00000258e4601690
Event: 0.088 Thread 0x00000258c14038c0 Thread added: 0x00000258e4617ff0
Event: 0.089 Thread 0x00000258c14038c0 Thread added: 0x00000258e46188c0
Event: 0.089 Thread 0x00000258c14038c0 Thread added: 0x00000258e4619190
Event: 0.089 Thread 0x00000258c14038c0 Thread added: 0x00000258e4619a60
Event: 0.089 Thread 0x00000258c14038c0 Thread added: 0x00000258e4626eb0
Event: 0.089 Thread 0x00000258c14038c0 Thread added: 0x00000258e46420c0
Event: 0.090 Thread 0x00000258c14038c0 Thread added: 0x00000258e4646d60
Event: 0.126 Thread 0x00000258c14038c0 Thread added: 0x00000258e4a71960
Event: 0.233 Thread 0x00000258c14038c0 Thread added: 0x00000258e4b35890
Event: 7.655 Thread 0x00000258c14038c0 Thread added: 0x00000258e9f48220
Event: 9.147 Thread 0x00000258c14038c0 Thread added: 0x00000258ea58e950
Event: 9.382 Thread 0x00000258c14038c0 Thread added: 0x00000258ea583430
Event: 9.666 Thread 0x00000258ea58e950 Thread added: 0x00000258ea6c8020
Event: 9.680 Thread 0x00000258ea6c8020 Thread added: 0x00000258ea6c8500
Event: 9.788 Thread 0x00000258ea6c8020 Thread added: 0x00000258ea69dc90
Event: 9.812 Thread 0x00000258ea6c8020 Thread added: 0x00000258e4ced6c0
Event: 9.849 Thread 0x00000258e4ced6c0 Thread added: 0x00000258e4cebd70
Event: 9.862 Thread 0x00000258e4ced6c0 Thread added: 0x00000258e4ceb860
Event: 9.893 Thread 0x00000258e4ced6c0 Thread added: 0x00000258e4cedbd0


Dynamic libraries:
0x00007ff6fd890000 - 0x00007ff6fd89e000 	C:\Program Files\Microsoft\jdk-17.0.19.10-hotspot\bin\java.exe
0x00007ffd1f820000 - 0x00007ffd1fa86000 	C:\WINDOWS\SYSTEM32\ntdll.dll
0x00007ffd1f5f0000 - 0x00007ffd1f6b9000 	C:\WINDOWS\System32\KERNEL32.DLL
0x00007ffd1d010000 - 0x00007ffd1d40e000 	C:\WINDOWS\System32\KERNELBASE.dll
0x00007ffd1cd40000 - 0x00007ffd1ce8c000 	C:\WINDOWS\System32\ucrtbase.dll
0x00007ffcf9980000 - 0x00007ffcf999e000 	C:\Program Files\Microsoft\jdk-17.0.19.10-hotspot\bin\VCRUNTIME140.dll
0x00007ffcf9310000 - 0x00007ffcf9328000 	C:\Program Files\Microsoft\jdk-17.0.19.10-hotspot\bin\jli.dll
0x00007ffd1d740000 - 0x00007ffd1d907000 	C:\WINDOWS\System32\USER32.dll
0x00007ffd1cea0000 - 0x00007ffd1cec7000 	C:\WINDOWS\System32\win32u.dll
0x00007ffd06b90000 - 0x00007ffd06e22000 	C:\WINDOWS\WinSxS\amd64_microsoft.windows.common-controls_6595b64144ccf1df_6.0.26100.8894_none_3e0f749ee32e02ea\COMCTL32.dll
0x00007ffd1f6c0000 - 0x00007ffd1f6eb000 	C:\WINDOWS\System32\GDI32.dll
0x00007ffd1ef90000 - 0x00007ffd1f039000 	C:\WINDOWS\System32\msvcrt.dll
0x00007ffd1d420000 - 0x00007ffd1d54a000 	C:\WINDOWS\System32\gdi32full.dll
0x00007ffd1cf60000 - 0x00007ffd1d003000 	C:\WINDOWS\System32\msvcp_win.dll
0x00007ffd1dca0000 - 0x00007ffd1dcd2000 	C:\WINDOWS\System32\IMM32.DLL
0x00007ffd15e10000 - 0x00007ffd15e1c000 	C:\Program Files\Microsoft\jdk-17.0.19.10-hotspot\bin\vcruntime140_1.dll
0x00007ffccfbe0000 - 0x00007ffccfc69000 	C:\Program Files\Microsoft\jdk-17.0.19.10-hotspot\bin\msvcp140.dll
0x00007ffc5c6a0000 - 0x00007ffc5d31b000 	C:\Program Files\Microsoft\jdk-17.0.19.10-hotspot\bin\server\jvm.dll
0x00007ffd1eba0000 - 0x00007ffd1ec57000 	C:\WINDOWS\System32\ADVAPI32.dll
0x00007ffd1d550000 - 0x00007ffd1d5fa000 	C:\WINDOWS\System32\sechost.dll
0x00007ffd1dce0000 - 0x00007ffd1ddf8000 	C:\WINDOWS\System32\RPCRT4.dll
0x00007ffd1f700000 - 0x00007ffd1f780000 	C:\WINDOWS\System32\WS2_32.dll
0x00007ffd1c890000 - 0x00007ffd1c8ee000 	C:\WINDOWS\SYSTEM32\POWRPROF.dll
0x00007ffd15fb0000 - 0x00007ffd15fe6000 	C:\WINDOWS\SYSTEM32\WINMM.dll
0x00007ffd15ff0000 - 0x00007ffd15ffb000 	C:\WINDOWS\SYSTEM32\VERSION.dll
0x00007ffd1c870000 - 0x00007ffd1c884000 	C:\WINDOWS\SYSTEM32\UMPDC.dll
0x00007ffd1b720000 - 0x00007ffd1b73b000 	C:\WINDOWS\SYSTEM32\kernel.appcore.dll
0x00007ffd0cd50000 - 0x00007ffd0cd5a000 	C:\Program Files\Microsoft\jdk-17.0.19.10-hotspot\bin\jimage.dll
0x00007ffd1a250000 - 0x00007ffd1a492000 	C:\WINDOWS\SYSTEM32\DBGHELP.DLL
0x00007ffd1d910000 - 0x00007ffd1dc93000 	C:\WINDOWS\System32\combase.dll
0x00007ffd1eac0000 - 0x00007ffd1eb99000 	C:\WINDOWS\System32\OLEAUT32.dll
0x00007ffd054b0000 - 0x00007ffd054eb000 	C:\WINDOWS\SYSTEM32\dbgcore.DLL
0x00007ffd1cbc0000 - 0x00007ffd1cc6c000 	C:\WINDOWS\System32\bcryptPrimitives.dll
0x00007ffcf9750000 - 0x00007ffcf975f000 	C:\Program Files\Microsoft\jdk-17.0.19.10-hotspot\bin\instrument.dll
0x00007ffcd10a0000 - 0x00007ffcd10c6000 	C:\Program Files\Microsoft\jdk-17.0.19.10-hotspot\bin\java.dll
0x00007ffcace70000 - 0x00007ffcacf46000 	C:\Program Files\Microsoft\jdk-17.0.19.10-hotspot\bin\jsvml.dll
0x00007ffd1de30000 - 0x00007ffd1e5c2000 	C:\WINDOWS\System32\SHELL32.dll
0x00007ffd1a4d0000 - 0x00007ffd1ad62000 	C:\WINDOWS\SYSTEM32\windows.storage.dll
0x00007ffd1f0f0000 - 0x00007ffd1f1e7000 	C:\WINDOWS\System32\SHCORE.dll
0x00007ffd1d600000 - 0x00007ffd1d667000 	C:\WINDOWS\System32\shlwapi.dll
0x00007ffd1c960000 - 0x00007ffd1c989000 	C:\WINDOWS\SYSTEM32\profapi.dll
0x00007ffcef230000 - 0x00007ffcef248000 	C:\Program Files\Microsoft\jdk-17.0.19.10-hotspot\bin\zip.dll
0x00007ffcf9200000 - 0x00007ffcf921b000 	C:\Program Files\Microsoft\jdk-17.0.19.10-hotspot\bin\net.dll
0x00007ffd12ba0000 - 0x00007ffd12cc7000 	C:\WINDOWS\SYSTEM32\WINHTTP.dll
0x00007ffd1bcd0000 - 0x00007ffd1bd3c000 	C:\WINDOWS\system32\mswsock.dll
0x00007ffcf78c0000 - 0x00007ffcf78d6000 	C:\Program Files\Microsoft\jdk-17.0.19.10-hotspot\bin\nio.dll
0x00007ffcf9970000 - 0x00007ffcf9980000 	C:\Program Files\Microsoft\jdk-17.0.19.10-hotspot\bin\verify.dll
0x00007ffd01300000 - 0x00007ffd01327000 	C:\Users\prath\.gradle\native\660c5614fbf4a5f2a75b1949f50a0caf5cd603558e7d8a26e50b933a0cfb79d1\windows-amd64\native-platform.dll
0x00007ffcce450000 - 0x00007ffcce4c7000 	C:\Users\prath\.gradle\native\0.2.8\x86_64-windows-gnu\gradle-fileevents.dll
0x00007ffd0cce0000 - 0x00007ffd0ccea000 	C:\Program Files\Microsoft\jdk-17.0.19.10-hotspot\bin\management.dll
0x00007ffd03ad0000 - 0x00007ffd03adc000 	C:\Program Files\Microsoft\jdk-17.0.19.10-hotspot\bin\management_ext.dll
0x00007ffd1f1f0000 - 0x00007ffd1f1f8000 	C:\WINDOWS\System32\PSAPI.DLL
0x00007ffd1b0a0000 - 0x00007ffd1b0d3000 	C:\WINDOWS\SYSTEM32\IPHLPAPI.DLL
0x00007ffd1d730000 - 0x00007ffd1d73a000 	C:\WINDOWS\System32\NSI.dll
0x00007ffd126b0000 - 0x00007ffd126cd000 	C:\WINDOWS\SYSTEM32\dhcpcsvc6.DLL
0x00007ffd12680000 - 0x00007ffd126a5000 	C:\WINDOWS\SYSTEM32\dhcpcsvc.DLL
0x00007ffd1b130000 - 0x00007ffd1b286000 	C:\WINDOWS\SYSTEM32\DNSAPI.dll
0x00007ffd1bab0000 - 0x00007ffd1babd000 	C:\WINDOWS\SYSTEM32\DSPARSE.dll
0x00007ffd012f0000 - 0x00007ffd012f9000 	C:\Program Files\Microsoft\jdk-17.0.19.10-hotspot\bin\extnet.dll
0x00007ffd1bfd0000 - 0x00007ffd1bfeb000 	C:\WINDOWS\SYSTEM32\CRYPTSP.dll
0x00007ffd1b680000 - 0x00007ffd1b6b9000 	C:\WINDOWS\system32\rsaenh.dll
0x00007ffd1bd90000 - 0x00007ffd1bdc2000 	C:\WINDOWS\SYSTEM32\USERENV.dll
0x00007ffd1c930000 - 0x00007ffd1c95a000 	C:\WINDOWS\SYSTEM32\bcrypt.dll
0x00007ffd1bff0000 - 0x00007ffd1bffc000 	C:\WINDOWS\SYSTEM32\CRYPTBASE.dll
0x00007ffcf7890000 - 0x00007ffcf789e000 	C:\Program Files\Microsoft\jdk-17.0.19.10-hotspot\bin\sunmscapi.dll
0x00007ffd1ca40000 - 0x00007ffd1cbb8000 	C:\WINDOWS\System32\CRYPT32.dll
0x00007ffd1c210000 - 0x00007ffd1c240000 	C:\WINDOWS\SYSTEM32\ncrypt.dll
0x00007ffd1c1c0000 - 0x00007ffd1c1ff000 	C:\WINDOWS\SYSTEM32\NTASN1.dll
0x00007ffcdedb0000 - 0x00007ffcdedb8000 	C:\WINDOWS\system32\wshunix.dll

dbghelp: loaded successfully - version: 4.0.5 - missing functions: none
symbol engine: initialized successfully - sym options: 0x614 - pdb path: .;C:\Program Files\Microsoft\jdk-17.0.19.10-hotspot\bin;C:\WINDOWS\SYSTEM32;C:\WINDOWS\WinSxS\amd64_microsoft.windows.common-controls_6595b64144ccf1df_6.0.26100.8894_none_3e0f749ee32e02ea;C:\Program Files\Microsoft\jdk-17.0.19.10-hotspot\bin\server;C:\Users\prath\.gradle\native\660c5614fbf4a5f2a75b1949f50a0caf5cd603558e7d8a26e50b933a0cfb79d1\windows-amd64;C:\Users\prath\.gradle\native\0.2.8\x86_64-windows-gnu

VM Arguments:
jvm_args: --add-opens=java.base/java.lang=ALL-UNNAMED --add-opens=java.base/java.lang.invoke=ALL-UNNAMED --add-opens=java.base/java.util=ALL-UNNAMED --add-opens=java.prefs/java.util.prefs=ALL-UNNAMED --add-exports=jdk.compiler/com.sun.tools.javac.api=ALL-UNNAMED --add-exports=jdk.compiler/com.sun.tools.javac.util=ALL-UNNAMED --add-opens=java.base/java.util=ALL-UNNAMED --add-opens=java.prefs/java.util.prefs=ALL-UNNAMED --add-opens=java.base/java.nio.charset=ALL-UNNAMED --add-opens=java.base/java.net=ALL-UNNAMED --add-opens=java.base/java.util.concurrent=ALL-UNNAMED --add-opens=java.base/java.util.concurrent.atomic=ALL-UNNAMED --add-opens=java.xml/javax.xml.namespace=ALL-UNNAMED --add-opens=java.base/java.time=ALL-UNNAMED -XX:MaxMetaspaceSize=1024m -Xmx4096m -Dfile.encoding=UTF-8 -Duser.country=US -Duser.language=en -Duser.variant -javaagent:C:\Users\prath\.gradle\wrapper\dists\gradle-9.3.1-bin\23ovyewtku6u96viwx3xl3oks\gradle-9.3.1\lib\agents\gradle-instrumentation-agent-9.3.1.jar 
java_command: org.gradle.launcher.daemon.bootstrap.GradleDaemon 9.3.1
java_class_path (initial): C:\Users\prath\.gradle\wrapper\dists\gradle-9.3.1-bin\23ovyewtku6u96viwx3xl3oks\gradle-9.3.1\lib\gradle-daemon-main-9.3.1.jar
Launcher Type: SUN_STANDARD

[Global flags]
     intx CICompilerCount                          = 4                                         {product} {ergonomic}
   size_t CompressedClassSpaceSize                 = 872415232                                 {product} {ergonomic}
     uint ConcGCThreads                            = 3                                         {product} {ergonomic}
     uint G1ConcRefinementThreads                  = 10                                        {product} {ergonomic}
   size_t G1HeapRegionSize                         = 2097152                                   {product} {ergonomic}
    uintx GCDrainStackTargetSize                   = 64                                        {product} {ergonomic}
   size_t InitialHeapSize                          = 98566144                                  {product} {ergonomic}
   size_t MarkStackSize                            = 4194304                                   {product} {ergonomic}
   size_t MaxHeapSize                              = 4294967296                                {product} {command line}
   size_t MaxMetaspaceSize                         = 1073741824                                {product} {command line}
   size_t MaxNewSize                               = 2575302656                                {product} {ergonomic}
   size_t MinHeapDeltaBytes                        = 2097152                                   {product} {ergonomic}
   size_t MinHeapSize                              = 8388608                                   {product} {ergonomic}
    uintx NonNMethodCodeHeapSize                   = 5839372                                {pd product} {ergonomic}
    uintx NonProfiledCodeHeapSize                  = 122909434                              {pd product} {ergonomic}
    uintx ProfiledCodeHeapSize                     = 122909434                              {pd product} {ergonomic}
    uintx ReservedCodeCacheSize                    = 251658240                              {pd product} {ergonomic}
     bool SegmentedCodeCache                       = true                                      {product} {ergonomic}
   size_t SoftMaxHeapSize                          = 4294967296                             {manageable} {ergonomic}
     bool UseCompressedClassPointers               = true                           {product lp64_product} {ergonomic}
     bool UseCompressedOops                        = true                           {product lp64_product} {ergonomic}
     bool UseG1GC                                  = true                                      {product} {ergonomic}
     bool UseLargePagesIndividualAllocation        = false                                  {pd product} {ergonomic}

Logging:
Log output configuration:
 #0: stdout all=warning uptime,level,tags
 #1: stderr all=off uptime,level,tags

Environment Variables:
JAVA_HOME=C:\Program Files\Microsoft\jdk-17.0.19.10-hotspot
CLASSPATH=.;D:\Training\java\mysql-connector-j-9.5.0.jar
PATH=D:\Training\project-a\projectvideo-app\projectvideo-frontend\node_modules\.bin;D:\Training\project-a\projectvideo-app\projectvideo-frontend\node_modules\.bin;D:\Training\project-a\projectvideo-app\node_modules\.bin;D:\Training\project-a\node_modules\.bin;D:\Training\node_modules\.bin;D:\node_modules\.bin;C:\Users\prath\AppData\Local\nvm\v20.20.2\node_modules\npm\node_modules\@npmcli\run-script\lib\node-gyp-bin;C:\Users\prath\AppData\Local\Android\Sdk;C:\Users\prath\AppData\Local\Android\Sdk\platform-tools;C:\Users\prath\AppData\Local\Android\Sdk\emulator;C:\Program Files\Microsoft\jdk-17.0.19.10-hotspot\bin;C:\Windows\Microsoft.NET\Framework64\v4.0.30319;C:\Program Files (x86)\SQlite;C:\Program Files\MySQL\MySQL Server 8.0\bin;C:\Program Files\VideoLAN\VLC\;D:\Users\prath\AppData\Roaming\Python\Python311\Scripts;C:\Program Files\Python311\Scripts\;C:\Program Files\Python311\;C:\Program Files\Common Files\Oracle\Java\javapath;C:\WINDOWS\system32;C:\WINDOWS;C:\WINDOWS\System32\Wbem;C:\WINDOWS\System32\WindowsPowerShell\v1.0\;C:\WINDOWS\System32\OpenSSH\;C:\Program Files\Java\jdk-18.0.2.1\bin;C:\Program Files\Microsoft SQL Server\140\Tools\Binn\;C:\Program Files\Git\cmd;C:\Program Files\Microsoft SQL Server\150\Tools\Binn\;C:\Program Files\Microsoft SQL Server\Client SDK\ODBC\170\Tools\Binn\;C:\Program Files\dotnet\;C:\Users\prath\AppData\Roaming\Python\Python311\Scripts;C:\Program Files\WireGuard\;C:\Program Files\CodeBlocks\MinGW\bin;C:\Program Files\mysql-connector\mysql-connector-j-9.5.0\mysql-connector-j-9.5.0.jar;C:\Program Files\PostgreSQL\13\bin;C:\Program Files\PostgreSQL\18\bin;C:\Users\prath\AppData\Local\nvm;C:\nvm4w\nodejs;C:\ProgramData\chocolatey\bin;C:\Program Files\nodejs\;C:\Users\prath\AppData\Local\Android\Sdk\platform-tools;C:\Users\prath\AppData\Local\Android\Sdk\emulator;C:\Program Files\Microsoft\jdk-17.0.19.10-hotspot\bin;C:\Users\prath\AppData\Local\Android\Sdk\platform-tools;C:\Users\prath\AppData\Local\Android\Sdk\emulator;C:\Users\prath\AppData\Local\Android\Sdk;C:\Users\prath\AppData\Local\Microsoft\WindowsApps;C:\Users\prath\.dotnet\tools;C:\Users\prath\AppData\Local\Programs\Microsoft VS Code\bin;C:\Users\prath\AppData\Local\Microsoft\GitHubDesktop\bin;C:\Users\prath\AppData\Local\GitHubDesktop\bin;C:\Users\prath\AppData\Local\Programs\Hyper\resources\bin;C:\Program Files\sf\bin;C:\Program Files\Common Files\Oracle\Java\javapath\sf\bin;C:\Users\prath\Downloads\flutter\bin;C:\Users\prath\AppData\Local\nvm;C:\nvm4w\nodejs;C:\Users\prath\AppData\Roaming\npm;C:\Users\prath\AppData\Local\Programs\Antigravity IDE\bin;C:\Users\prath\AppData\Local\Microsoft\WinGet\Packages\Gyan.FFmpeg_Microsoft.Winget.Source_8wekyb3d8bbwe\ffmpeg-8.1.2-full_build\bin;
USERNAME=prath
OS=Windows_NT
PROCESSOR_IDENTIFIER=AMD64 Family 23 Model 104 Stepping 1, AuthenticAMD
TMP=C:\Users\prath\AppData\Local\Temp
TEMP=C:\Users\prath\AppData\Local\Temp



Periodic native trim disabled


---------------  S Y S T E M  ---------------

OS:
 Windows 11 , 64 bit Build 26100 (10.0.26100.8875)
OS uptime: 0 days 9:21 hours
Hyper-V role detected

CPU: total 12 (initial active 12) (12 cores per cpu, 2 threads per core) family 23 model 104 stepping 1 microcode 0x8608103, cx8, cmov, fxsr, ht, mmx, 3dnowpref, sse, sse2, sse3, ssse3, sse4a, sse4.1, sse4.2, popcnt, lzcnt, tsc, tscinvbit, avx, avx2, aes, clmul, bmi1, bmi2, adx, sha, fma, vzeroupper, clflush, clflushopt, hv
Processor Information for the first 12 processors :
  Max Mhz: 2100, Current Mhz: 1686, Mhz Limit: 2100

Memory: 4k page, system-wide physical 5989M (84M free)
TotalPageFile size 24421M (AvailPageFile size 3M)
current process WorkingSet (physical memory assigned to process): 148M, peak: 149M
current process commit charge ("private bytes"): 238M, peak: 239M

vm_info: OpenJDK 64-Bit Server VM (17.0.19+10-LTS) for windows-amd64 JRE (17.0.19+10-LTS), built on Apr 18 2026 18:24:40 by "MicrosoftCorporation" with MS VC++ 17.14 (VS2022)

END.
